Component: ARM Compiler 5.06 update 6 (build 750) Tool: armlink [4d35ed]

==============================================================================

Section Cross References

    main.o(.text) refers to misc.o(.text) for NVIC_PriorityGroupConfig
    main.o(.text) refers to delay.o(.text) for delay_init
    main.o(.text) refers to usart.o(.text) for uart_init
    main.o(.text) refers to led.o(.text) for LED_Init
    main.o(.text) refers to lcd.o(.text) for LCD_Init
    main.o(.text) refers to key.o(.text) for KEY_Init
    main.o(.text) refers to timer.o(.text) for TIM3_Int_Init
    main.o(.text) refers to sram.o(.text) for FSMC_SRAM_Init
    main.o(.text) refers to lv_obj.o(.text) for lv_init
    main.o(.text) refers to lv_port_disp.o(.text) for lv_port_disp_init
    main.o(.text) refers to lv_port_indev.o(.text) for lv_port_indev_init
    main.o(.text) refers to lv_demo_keypad_encoder.o(.text) for lv_demo_keypad_encoder
    main.o(.text) refers to lv_task.o(.text) for lv_task_handler
    main.o(.text) refers to touch.o(.data) for tp_dev
    system_stm32f4xx.o(.text) refers to system_stm32f4xx.o(.data) for SystemCoreClock
    led.o(.text) refers to stm32f4xx_rcc.o(.text) for RCC_AHB1PeriphClockCmd
    led.o(.text) refers to stm32f4xx_gpio.o(.text) for GPIO_Init
    lcd.o(.text) refers to _printf_percent.o(.ARM.Collect$$_printf_percent$$00000000) for _printf_percent
    lcd.o(.text) refers to _printf_x.o(.ARM.Collect$$_printf_percent$$0000000C) for _printf_x
    lcd.o(.text) refers to _printf_hex_int.o(.text) for _printf_longlong_hex
    lcd.o(.text) refers to delay.o(.text) for delay_us
    lcd.o(.text) refers to lcd.o(.bss) for lcddev
    lcd.o(.text) refers to lcd.o(.data) for POINT_COLOR
    lcd.o(.text) refers to dflt_clz.o(x$fpl$dfltu) for __aeabi_ui2d
    lcd.o(.text) refers to dmul.o(x$fpl$dmul) for __aeabi_dmul
    lcd.o(.text) refers to dfixu.o(x$fpl$dfixu) for __aeabi_d2uiz
    lcd.o(.text) refers to stm32f4xx_rcc.o(.text) for RCC_AHB1PeriphClockCmd
    lcd.o(.text) refers to stm32f4xx_gpio.o(.text) for GPIO_Init
    lcd.o(.text) refers to stm32f4xx_fsmc.o(.text) for FSMC_NORSRAMInit
    lcd.o(.text) refers to noretval__2printf.o(.text) for __2printf
    lcd.o(.text) refers to lcd.o(.constdata) for asc2_1206
    key.o(.text) refers to stm32f4xx_rcc.o(.text) for RCC_AHB1PeriphClockCmd
    key.o(.text) refers to stm32f4xx_gpio.o(.text) for GPIO_Init
    key.o(.text) refers to delay.o(.text) for delay_ms
    key.o(.text) refers to key.o(.data) for key_up
    myiic.o(.text) refers to stm32f4xx_rcc.o(.text) for RCC_AHB1PeriphClockCmd
    myiic.o(.text) refers to stm32f4xx_gpio.o(.text) for GPIO_Init
    myiic.o(.text) refers to delay.o(.text) for delay_us
    24cxx.o(.text) refers to myiic.o(.text) for IIC_Init
    24cxx.o(.text) refers to delay.o(.text) for delay_ms
    ctiic.o(.text) refers to delay.o(.text) for delay_us
    ctiic.o(.text) refers to stm32f4xx_rcc.o(.text) for RCC_AHB1PeriphClockCmd
    ctiic.o(.text) refers to stm32f4xx_gpio.o(.text) for GPIO_Init
    gt9147.o(.text) refers to _printf_percent.o(.ARM.Collect$$_printf_percent$$00000000) for _printf_percent
    gt9147.o(.text) refers to _printf_s.o(.ARM.Collect$$_printf_percent$$00000014) for _printf_s
    gt9147.o(.text) refers to _printf_str.o(.text) for _printf_str
    gt9147.o(.text) refers to _printf_d.o(.ARM.Collect$$_printf_percent$$00000009) for _printf_d
    gt9147.o(.text) refers to _printf_dec.o(.text) for _printf_int_dec
    gt9147.o(.text) refers to ctiic.o(.text) for CT_IIC_Start
    gt9147.o(.text) refers to stm32f4xx_rcc.o(.text) for RCC_AHB1PeriphClockCmd
    gt9147.o(.text) refers to stm32f4xx_gpio.o(.text) for GPIO_Init
    gt9147.o(.text) refers to delay.o(.text) for delay_ms
    gt9147.o(.text) refers to noretval__2printf.o(.text) for __2printf
    gt9147.o(.text) refers to strcmpv7m.o(.text) for strcmp
    gt9147.o(.text) refers to gt9147.o(.constdata) for GT9147_CFG_TBL
    gt9147.o(.text) refers to gt9147.o(.data) for t
    gt9147.o(.text) refers to touch.o(.data) for tp_dev
    gt9147.o(.text) refers to lcd.o(.bss) for lcddev
    ott2001a.o(.text) refers to _printf_percent.o(.ARM.Collect$$_printf_percent$$00000000) for _printf_percent
    ott2001a.o(.text) refers to _printf_x.o(.ARM.Collect$$_printf_percent$$0000000C) for _printf_x
    ott2001a.o(.text) refers to _printf_hex_int.o(.text) for _printf_longlong_hex
    ott2001a.o(.text) refers to ctiic.o(.text) for CT_IIC_Start
    ott2001a.o(.text) refers to stm32f4xx_rcc.o(.text) for RCC_AHB1PeriphClockCmd
    ott2001a.o(.text) refers to stm32f4xx_gpio.o(.text) for GPIO_Init
    ott2001a.o(.text) refers to delay.o(.text) for delay_ms
    ott2001a.o(.text) refers to noretval__2printf.o(.text) for __2printf
    ott2001a.o(.text) refers to dflt_clz.o(x$fpl$dflt) for __aeabi_i2d
    ott2001a.o(.text) refers to dmul.o(x$fpl$dmul) for __aeabi_dmul
    ott2001a.o(.text) refers to dfixu.o(x$fpl$dfixu) for __aeabi_d2uiz
[...]
    lv_disp_drv_init                         0x0801bc89   Thumb Code    78  lv_hal_disp.o(.text)
    lv_disp_buf_init                         0x0801bcd7   Thumb Code    34  lv_hal_disp.o(.text)
    lv_disp_is_double_buf                    0x0801bcf9   Thumb Code    22  lv_hal_disp.o(.text)
    lv_disp_is_true_double_buf               0x0801bd0f   Thumb Code    36  lv_hal_disp.o(.text)
    lv_disp_drv_register                     0x0801bd33   Thumb Code   282  lv_hal_disp.o(.text)
    lv_disp_get_default                      0x0801be4d   Thumb Code     6  lv_hal_disp.o(.text)
    lv_disp_get_ver_res                      0x0801be53   Thumb Code    40  lv_hal_disp.o(.text)
    lv_disp_get_hor_res                      0x0801be7b   Thumb Code    40  lv_hal_disp.o(.text)
    lv_disp_drv_update                       0x0801bea3   Thumb Code    76  lv_hal_disp.o(.text)
    lv_disp_set_default                      0x0801beef   Thumb Code     6  lv_hal_disp.o(.text)
    lv_disp_remove                           0x0801bef5   Thumb Code    82  lv_hal_disp.o(.text)
    lv_disp_get_antialiasing                 0x0801bf47   Thumb Code    26  lv_hal_disp.o(.text)
    lv_disp_get_dpi                          0x0801bf61   Thumb Code    26  lv_hal_disp.o(.text)
    lv_disp_get_size_category                0x0801bf7b   Thumb Code    74  lv_hal_disp.o(.text)
    lv_disp_flush_ready                      0x0801bfc5   Thumb Code    12  lv_hal_disp.o(.text)
    lv_disp_flush_is_last                    0x0801bfd1   Thumb Code    16  lv_hal_disp.o(.text)
    lv_disp_get_next                         0x0801bfe1   Thumb Code    24  lv_hal_disp.o(.text)
    lv_disp_get_buf                          0x0801bff9   Thumb Code     6  lv_hal_disp.o(.text)
    lv_disp_get_inv_buf_size                 0x0801bfff   Thumb Code    12  lv_hal_disp.o(.text)
    _lv_disp_pop_from_inv_buf                0x0801c00b   Thumb Code    46  lv_hal_disp.o(.text)
    lv_indev_drv_init                        0x0801c059   Thumb Code    42  lv_hal_indev.o(.text)
    lv_indev_drv_register                    0x0801c083   Thumb Code   120  lv_hal_indev.o(.text)
    lv_indev_drv_update                      0x0801c0fb   Thumb Code    18  lv_hal_indev.o(.text)
    lv_indev_get_next                        0x0801c10d   Thumb Code    24  lv_hal_indev.o(.text)
    _lv_indev_read                           0x0801c125   Thumb Code    76  lv_hal_indev.o(.text)
    lv_tick_inc                              0x0801c189   Thumb Code    18  lv_hal_tick.o(.text)
    lv_tick_get                              0x0801c19b   Thumb Code    22  lv_hal_tick.o(.text)
    lv_tick_elaps                            0x0801c1b1   Thumb Code    26  lv_hal_tick.o(.text)
    lv_anim_path_linear                      0x0801c2b1   Thumb Code    48  lv_anim.o(.text)
    _lv_anim_core_init                       0x0801c3d5   Thumb Code    46  lv_anim.o(.text)
    lv_anim_init                             0x0801c403   Thumb Code    66  lv_anim.o(.text)
    lv_anim_del                              0x0801c445   Thumb Code    80  lv_anim.o(.text)
    lv_anim_start                            0x0801c495   Thumb Code   122  lv_anim.o(.text)
    lv_anim_get                              0x0801c50f   Thumb Code    50  lv_anim.o(.text)
    lv_anim_count_running                    0x0801c541   Thumb Code    36  lv_anim.o(.text)
    lv_anim_speed_to_time                    0x0801c565   Thumb Code    48  lv_anim.o(.text)
    lv_anim_refr_now                         0x0801c595   Thumb Code    10  lv_anim.o(.text)
    lv_anim_path_ease_in                     0x0801c59f   Thumb Code   116  lv_anim.o(.text)
    lv_anim_path_ease_out                    0x0801c613   Thumb Code    74  lv_anim.o(.text)
    lv_anim_path_ease_in_out                 0x0801c65d   Thumb Code    76  lv_anim.o(.text)
    lv_anim_path_overshoot                   0x0801c6a9   Thumb Code    76  lv_anim.o(.text)
    lv_anim_path_bounce                      0x0801c6f5   Thumb Code   236  lv_anim.o(.text)
    lv_anim_path_step                        0x0801c7e1   Thumb Code    22  lv_anim.o(.text)
    lv_area_set                              0x0801c7f7   Thumb Code    14  lv_area.o(.text)
    lv_area_set_width                        0x0801c805   Thumb Code    12  lv_area.o(.text)
    lv_area_set_height                       0x0801c811   Thumb Code    12  lv_area.o(.text)
    _lv_area_set_pos                         0x0801c81d   Thumb Code    50  lv_area.o(.text)
    lv_area_get_size                         0x0801c84f   Thumb Code    34  lv_area.o(.text)
    _lv_area_intersect                       0x0801c871   Thumb Code   130  lv_area.o(.text)
    _lv_area_join                            0x0801c8f3   Thumb Code   100  lv_area.o(.text)
    _lv_area_is_point_on                     0x0801c9a7   Thumb Code   402  lv_area.o(.text)
    _lv_area_is_on                           0x0801cb39   Thumb Code    58  lv_area.o(.text)
    _lv_area_is_in                           0x0801cb73   Thumb Code   182  lv_area.o(.text)
    _lv_area_align                           0x0801cc29   Thumb Code   868  lv_area.o(.text)
    lv_async_call                            0x0801cfbd   Thumb Code    68  lv_async.o(.text)
    lv_color_fill                            0x0801d0d3   Thumb Code    92  lv_color.o(.text)
    lv_color_lighten                         0x0801d12f   Thumb Code    34  lv_color.o(.text)
    lv_color_darken                          0x0801d151   Thumb Code    32  lv_color.o(.text)
    lv_color_hsv_to_rgb                      0x0801d171   Thumb Code   248  lv_color.o(.text)
    lv_color_rgb_to_hsv                      0x0801d269   Thumb Code   272  lv_color.o(.text)
    lv_color_to_hsv                          0x0801d379   Thumb Code   116  lv_color.o(.text)
    lv_debug_check_null                      0x0801d3f1   Thumb Code    12  lv_debug.o(.text)
    lv_debug_check_mem_integrity             0x0801d3fd   Thumb Code    16  lv_debug.o(.text)
    lv_debug_check_str                       0x0801d40d   Thumb Code    78  lv_debug.o(.text)
    lv_debug_log_error                       0x0801d45b   Thumb Code   120  lv_debug.o(.text)
    _lv_gc_clear_roots                       0x0801d4d9   Thumb Code   140  lv_gc.o(.text)
    _lv_ll_init                              0x0801d5a9   Thumb Code    16  lv_ll.o(.text)
    _lv_ll_ins_head                          0x0801d5ef   Thumb Code    64  lv_ll.o(.text)
    _lv_ll_get_prev                          0x0801d62f   Thumb Code    18  lv_ll.o(.text)
    _lv_ll_get_head                          0x0801d641   Thumb Code    10  lv_ll.o(.text)
    _lv_ll_ins_prev                          0x0801d64b   Thumb Code   116  lv_ll.o(.text)
    _lv_ll_ins_tail                          0x0801d6bf   Thumb Code    64  lv_ll.o(.text)
    _lv_ll_get_next                          0x0801d6ff   Thumb Code    20  lv_ll.o(.text)
    _lv_ll_get_tail                          0x0801d713   Thumb Code    10  lv_ll.o(.text)
    _lv_ll_remove                            0x0801d71d   Thumb Code   138  lv_ll.o(.text)
    _lv_ll_clear                             0x0801d7a7   Thumb Code    48  lv_ll.o(.text)
    _lv_ll_chg_list                          0x0801d7d7   Thumb Code   112  lv_ll.o(.text)
    _lv_ll_get_len                           0x0801d847   Thumb Code    36  lv_ll.o(.text)
    _lv_ll_move_before                       0x0801d86b   Thumb Code   106  lv_ll.o(.text)
    _lv_ll_is_empty                          0x0801d8d5   Thumb Code    24  lv_ll.o(.text)
    _lv_trigo_sin                            0x0801d8ed   Thumb Code   106  lv_math.o(.text)
    _lv_bezier3                              0x0801d957   Thumb Code    94  lv_math.o(.text)
    _lv_sqrt                                 0x0801d9b5   Thumb Code    40  lv_math.o(.text)
    _lv_atan2                                0x0801d9dd   Thumb Code   190  lv_math.o(.text)
    _lv_pow                                  0x0801da9b   Thumb Code    58  lv_math.o(.text)
    _lv_map                                  0x0801dad5   Thumb Code    40  lv_math.o(.text)
    _lv_mem_init                             0x0801db01   Thumb Code    38  lv_mem.o(.text)
    _lv_memset_00                            0x0801db27   Thumb Code   110  lv_mem.o(.text)
    _lv_mem_deinit                           0x0801db95   Thumb Code    40  lv_mem.o(.text)
    lv_mem_alloc                             0x0801dc5d   Thumb Code    90  lv_mem.o(.text)
    lv_mem_defrag                            0x0801dcb7   Thumb Code   110  lv_mem.o(.text)
    lv_mem_free                              0x0801dd25   Thumb Code   118  lv_mem.o(.text)
    _lv_memcpy                               0x0801dd9b   Thumb Code   656  lv_mem.o(.text)
    _lv_mem_get_size                         0x0801e02b   Thumb Code    26  lv_mem.o(.text)
    lv_mem_realloc                           0x0801e045   Thumb Code   118  lv_mem.o(.text)
    lv_mem_test                              0x0801e0bb   Thumb Code    70  lv_mem.o(.text)
    _lv_memset                               0x0801e101   Thumb Code   116  lv_mem.o(.text)
    lv_mem_monitor                           0x0801e175   Thumb Code   150  lv_mem.o(.text)
    _lv_mem_buf_get                          0x0801e20b   Thumb Code   292  lv_mem.o(.text)
    _lv_mem_buf_release                      0x0801e32f   Thumb Code    74  lv_mem.o(.text)
    _lv_mem_buf_free_all                     0x0801e379   Thumb Code    78  lv_mem.o(.text)
    _lv_memset_ff                            0x0801e3c7   Thumb Code   186  lv_mem.o(.text)
    lv_snprintf                              0x0801ed47   Thumb Code    42  lv_printf.o(.text)
    lv_vsnprintf                             0x0801ed71   Thumb Code    30  lv_printf.o(.text)
    lv_task_enable                           0x0801edb1   Thumb Code     6  lv_task.o(.text)
    _lv_task_core_init                       0x0801edb7   Thumb Code    24  lv_task.o(.text)
    lv_task_del                              0x0801edeb   Thumb Code    40  lv_task.o(.text)
    lv_task_handler                          0x0801ee5d   Thumb Code   448  lv_task.o(.text)
    lv_task_create_basic                     0x0801f01d   Thumb Code   214  lv_task.o(.text)
    lv_task_set_prio                         0x0801f0f3   Thumb Code    94  lv_task.o(.text)
    lv_task_set_period                       0x0801f151   Thumb Code     4  lv_task.o(.text)
    lv_task_set_cb                           0x0801f155   Thumb Code     4  lv_task.o(.text)
    lv_task_create                           0x0801f159   Thumb Code   148  lv_task.o(.text)
    lv_task_ready                            0x0801f1ed   Thumb Code    18  lv_task.o(.text)
    lv_task_set_repeat_count                 0x0801f1ff   Thumb Code     4  lv_task.o(.text)
    lv_task_reset                            0x0801f203   Thumb Code    12  lv_task.o(.text)
    lv_task_get_idle                         0x0801f20f   Thumb Code     6  lv_task.o(.text)
    lv_task_get_next                         0x0801f215   Thumb Code    24  lv_task.o(.text)
    _lv_txt_is_cmd                           0x0801f24d   Thumb Code    66  lv_txt.o(.text)
    _lv_txt_get_width                        0x0801f28f   Thumb Code   140  lv_txt.o(.text)
    _lv_txt_get_next_line                    0x0801f461   Thumb Code   240  lv_txt.o(.text)
    _lv_txt_get_size                         0x0801f551   Thumb Code   240  lv_txt.o(.text)
    _lv_txt_ins                              0x0801f641   Thumb Code    80  lv_txt.o(.text)
    _lv_txt_cut                              0x0801f691   Thumb Code    66  lv_txt.o(.text)
    _lv_utils_num_to_str                     0x0801fa25   Thumb Code   128  lv_utils.o(.text)
    _lv_utils_bsearch                        0x0801faa5   Thumb Code    84  lv_utils.o(.text)
    lv_theme_set_act                         0x0801faf9   Thumb Code     6  lv_theme.o(.text)
    lv_theme_get_act                         0x0801faff   Thumb Code     6  lv_theme.o(.text)
    lv_theme_apply                           0x0801fe95   Thumb Code    28  lv_theme.o(.text)
    lv_theme_copy                            0x0801feb1   Thumb Code    64  lv_theme.o(.text)
    lv_theme_set_base                        0x0801fef1   Thumb Code     4  lv_theme.o(.text)
    lv_theme_set_apply_cb                    0x0801fef5   Thumb Code     4  lv_theme.o(.text)
    lv_theme_get_font_small                  0x0801fef9   Thumb Code     8  lv_theme.o(.text)
    lv_theme_get_font_normal                 0x0801ff01   Thumb Code     8  lv_theme.o(.text)
    lv_theme_get_font_subtitle               0x0801ff09   Thumb Code     8  lv_theme.o(.text)
    lv_theme_get_font_title                  0x0801ff11   Thumb Code     8  lv_theme.o(.text)
    lv_theme_get_color_primary               0x0801ff19   Thumb Code    18  lv_theme.o(.text)
    lv_theme_get_color_secondary             0x0801ff2b   Thumb Code    18  lv_theme.o(.text)
    lv_theme_get_flags                       0x0801ff3d   Thumb Code     8  lv_theme.o(.text)
    lv_theme_material_init                   0x08025173   Thumb Code   222  lv_theme_material.o(.text)
    lv_bar_set_value                         0x080256ed   Thumb Code   124  lv_bar.o(.text)
    lv_bar_create                            0x08025e47   Thumb Code   318  lv_bar.o(.text)
    lv_bar_set_start_value                   0x08025f85   Thumb Code   126  lv_bar.o(.text)
    lv_bar_get_type                          0x08026003   Thumb Code    50  lv_bar.o(.text)
    lv_bar_set_range                         0x08026035   Thumb Code   178  lv_bar.o(.text)
    lv_bar_set_type                          0x080260e7   Thumb Code    70  lv_bar.o(.text)
    lv_bar_set_anim_time                     0x0802612d   Thumb Code    48  lv_bar.o(.text)
    lv_bar_get_value                         0x0802615d   Thumb Code    60  lv_bar.o(.text)
    lv_bar_get_start_value                   0x08026199   Thumb Code    78  lv_bar.o(.text)
    lv_bar_get_min_value                     0x080261e7   Thumb Code    46  lv_bar.o(.text)
    lv_bar_get_max_value                     0x08026215   Thumb Code    46  lv_bar.o(.text)
    lv_bar_get_anim_time                     0x08026243   Thumb Code    46  lv_bar.o(.text)
    lv_btn_set_state                         0x080262e7   Thumb Code   150  lv_btn.o(.text)
    lv_btn_get_checkable                     0x0802637d   Thumb Code    46  lv_btn.o(.text)
    lv_btn_create                            0x080264a7   Thumb Code   234  lv_btn.o(.text)
    lv_btn_set_checkable                     0x08026591   Thumb Code    44  lv_btn.o(.text)
    lv_btn_toggle                            0x080265bd   Thumb Code    64  lv_btn.o(.text)
    lv_btn_get_state                         0x080265fd   Thumb Code    94  lv_btn.o(.text)
    lv_btnmatrix_set_map                     0x080267db   Thumb Code   726  lv_btnmatrix.o(.text)
    lv_btnmatrix_set_ctrl_map                0x08026ab1   Thumb Code   100  lv_btnmatrix.o(.text)
    lv_btnmatrix_get_align                   0x08026b2d   Thumb Code    56  lv_btnmatrix.o(.text)
    lv_btnmatrix_set_btn_ctrl                0x08027013   Thumb Code    82  lv_btnmatrix.o(.text)
    lv_btnmatrix_clear_btn_ctrl              0x08027065   Thumb Code    82  lv_btnmatrix.o(.text)
    lv_btnmatrix_clear_btn_ctrl_all          0x080270b7   Thumb Code    72  lv_btnmatrix.o(.text)
    lv_btnmatrix_get_btn_ctrl                0x080270ff   Thumb Code    76  lv_btnmatrix.o(.text)
    lv_btnmatrix_create                      0x080279a1   Thumb Code   282  lv_btnmatrix.o(.text)
    lv_btnmatrix_set_focused_btn             0x08027abb   Thumb Code    78  lv_btnmatrix.o(.text)
    lv_btnmatrix_set_recolor                 0x08027b09   Thumb Code    56  lv_btnmatrix.o(.text)
    lv_btnmatrix_set_btn_ctrl_all            0x08027b41   Thumb Code    70  lv_btnmatrix.o(.text)
    lv_btnmatrix_set_btn_width               0x08027b87   Thumb Code   100  lv_btnmatrix.o(.text)
    lv_btnmatrix_set_one_check               0x08027beb   Thumb Code    58  lv_btnmatrix.o(.text)
    lv_btnmatrix_set_align                   0x08027c25   Thumb Code    70  lv_btnmatrix.o(.text)
    lv_btnmatrix_get_map_array               0x08027c6b   Thumb Code    42  lv_btnmatrix.o(.text)
    lv_btnmatrix_get_recolor                 0x08027c95   Thumb Code    46  lv_btnmatrix.o(.text)
    lv_btnmatrix_get_active_btn              0x08027cc3   Thumb Code    42  lv_btnmatrix.o(.text)
    lv_btnmatrix_get_btn_text                0x08027ced   Thumb Code   108  lv_btnmatrix.o(.text)
    lv_btnmatrix_get_active_btn_text         0x08027d59   Thumb Code    62  lv_btnmatrix.o(.text)
    lv_btnmatrix_get_focused_btn             0x08027d97   Thumb Code    72  lv_btnmatrix.o(.text)
    lv_btnmatrix_get_one_check               0x08027ddf   Thumb Code    46  lv_btnmatrix.o(.text)
    lv_checkbox_set_text                     0x08027e89   Thumb Code    50  lv_checkbox.o(.text)
    lv_checkbox_create                       0x0802804b   Thumb Code   264  lv_checkbox.o(.text)
    lv_checkbox_set_text_static              0x08028153   Thumb Code    50  lv_checkbox.o(.text)
    lv_checkbox_get_text                     0x08028185   Thumb Code    46  lv_checkbox.o(.text)
    lv_cont_get_layout                       0x080286cf   Thumb Code    46  lv_cont.o(.text)
    lv_cont_create                           0x08028e33   Thumb Code   284  lv_cont.o(.text)
    lv_cont_set_layout                       0x08028f4f   Thumb Code    76  lv_cont.o(.text)
    lv_cont_set_fit4                         0x08028f9b   Thumb Code   146  lv_cont.o(.text)
    lv_cont_get_fit_left                     0x0802902d   Thumb Code    48  lv_cont.o(.text)
    lv_cont_get_fit_right                    0x0802905d   Thumb Code    46  lv_cont.o(.text)
    lv_cont_get_fit_top                      0x0802908b   Thumb Code    48  lv_cont.o(.text)
    lv_cont_get_fit_bottom                   0x080290bb   Thumb Code    48  lv_cont.o(.text)
    lv_dropdown_get_options                  0x080291b5   Thumb Code    42  lv_dropdown.o(.text)
    lv_dropdown_set_options_static           0x080291df   Thumb Code   152  lv_dropdown.o(.text)
    lv_dropdown_set_options                  0x08029277   Thumb Code   210  lv_dropdown.o(.text)
    lv_dropdown_get_selected_str             0x08029349   Thumb Code   140  lv_dropdown.o(.text)
    lv_dropdown_close                        0x0802961f   Thumb Code    38  lv_dropdown.o(.text)
    lv_dropdown_open                         0x08029d0b   Thumb Code   806  lv_dropdown.o(.text)
    lv_dropdown_create                       0x0802a2d9   Thumb Code   580  lv_dropdown.o(.text)
    lv_dropdown_set_text                     0x0802a51d   Thumb Code    62  lv_dropdown.o(.text)
    lv_dropdown_clear_options                0x0802a55b   Thumb Code    92  lv_dropdown.o(.text)
    lv_dropdown_add_option                   0x0802a5b7   Thumb Code   436  lv_dropdown.o(.text)
    lv_dropdown_set_selected                 0x0802a76b   Thumb Code    82  lv_dropdown.o(.text)
    lv_dropdown_set_dir                      0x0802a7bd   Thumb Code    76  lv_dropdown.o(.text)
    lv_dropdown_set_max_height               0x0802a809   Thumb Code   108  lv_dropdown.o(.text)
    lv_dropdown_set_symbol                   0x0802a875   Thumb Code    50  lv_dropdown.o(.text)
    lv_dropdown_set_show_selected            0x0802a8a7   Thumb Code    76  lv_dropdown.o(.text)
    lv_dropdown_get_text                     0x0802a8f3   Thumb Code    42  lv_dropdown.o(.text)
    lv_dropdown_get_selected                 0x0802a91d   Thumb Code    42  lv_dropdown.o(.text)
    lv_dropdown_get_option_cnt               0x0802a947   Thumb Code    42  lv_dropdown.o(.text)
    lv_dropdown_get_max_height               0x0802a971   Thumb Code    44  lv_dropdown.o(.text)
    lv_dropdown_get_symbol                   0x0802a99d   Thumb Code    54  lv_dropdown.o(.text)
    lv_dropdown_get_dir                      0x0802a9d3   Thumb Code    48  lv_dropdown.o(.text)
    lv_dropdown_get_show_selected            0x0802aa03   Thumb Code    48  lv_dropdown.o(.text)
    lv_img_get_auto_size                     0x0802aac9   Thumb Code    46  lv_img.o(.text)
    lv_img_set_src                           0x0802aaf7   Thumb Code   468  lv_img.o(.text)
    lv_img_create                            0x0802b651   Thumb Code   362  lv_img.o(.text)
    lv_img_set_auto_size                     0x0802b7bb   Thumb Code    52  lv_img.o(.text)
    lv_img_set_offset_x                      0x0802b7ef   Thumb Code    64  lv_img.o(.text)
    lv_img_set_offset_y                      0x0802b82f   Thumb Code    64  lv_img.o(.text)
    lv_img_set_pivot                         0x0802b86f   Thumb Code   284  lv_img.o(.text)
    lv_img_set_angle                         0x0802b98b   Thumb Code   284  lv_img.o(.text)
    lv_img_set_zoom                          0x0802baa7   Thumb Code   270  lv_img.o(.text)
    lv_img_set_antialias                     0x0802bbb5   Thumb Code    38  lv_img.o(.text)
    lv_img_get_src                           0x0802bbdb   Thumb Code    44  lv_img.o(.text)
    lv_img_get_file_name                     0x0802bc07   Thumb Code    60  lv_img.o(.text)
    lv_img_get_offset_x                      0x0802bc43   Thumb Code    46  lv_img.o(.text)
    lv_img_get_offset_y                      0x0802bc71   Thumb Code    46  lv_img.o(.text)
    lv_img_get_pivot                         0x0802bc9f   Thumb Code    50  lv_img.o(.text)
    lv_img_get_angle                         0x0802bcd1   Thumb Code    44  lv_img.o(.text)
    lv_img_get_zoom                          0x0802bcfd   Thumb Code    44  lv_img.o(.text)
    lv_img_get_antialias                     0x0802bd29   Thumb Code    48  lv_img.o(.text)
    lv_keyboard_set_textarea                 0x0802bdf9   Thumb Code   116  lv_keyboard.o(.text)
    lv_keyboard_def_event_cb                 0x0802be6d   Thumb Code   582  lv_keyboard.o(.text)
    lv_keyboard_create                       0x0802c131   Thumb Code   448  lv_keyboard.o(.text)
    lv_keyboard_set_mode                     0x0802c2f1   Thumb Code    84  lv_keyboard.o(.text)
    lv_keyboard_set_cursor_manage            0x0802c345   Thumb Code    96  lv_keyboard.o(.text)
    lv_keyboard_set_map                      0x0802c3d3   Thumb Code    22  lv_keyboard.o(.text)
    lv_keyboard_set_ctrl_map                 0x0802c3e9   Thumb Code    22  lv_keyboard.o(.text)
    lv_keyboard_get_textarea                 0x0802c3ff   Thumb Code    44  lv_keyboard.o(.text)
    lv_keyboard_get_mode                     0x0802c42b   Thumb Code    46  lv_keyboard.o(.text)
    lv_keyboard_get_cursor_manage            0x0802c459   Thumb Code    50  lv_keyboard.o(.text)
    lv_label_get_text                        0x0802c511   Thumb Code    42  lv_label.o(.text)
    lv_label_get_align                       0x0802c53b   Thumb Code    54  lv_label.o(.text)
    lv_label_get_letter_on                   0x0802c5cf   Thumb Code   578  lv_label.o(.text)
    lv_label_set_text_static                 0x0802cddd   Thumb Code    86  lv_label.o(.text)
    lv_label_set_text                        0x0802ce33   Thumb Code   256  lv_label.o(.text)
    lv_label_set_align                       0x0802cf33   Thumb Code    72  lv_label.o(.text)
    lv_label_get_recolor                     0x0802cf7b   Thumb Code    48  lv_label.o(.text)
    lv_label_set_recolor                     0x0802cfab   Thumb Code    72  lv_label.o(.text)
    lv_label_get_long_mode                   0x0802cff3   Thumb Code    48  lv_label.o(.text)
    lv_label_set_long_mode                   0x0802d0b3   Thumb Code   156  lv_label.o(.text)
    lv_label_get_style                       0x0802d14f   Thumb Code    18  lv_label.o(.text)
    lv_label_get_text_sel_end                0x0802d25b   Thumb Code    38  lv_label.o(.text)
    lv_label_get_text_sel_start              0x0802d281   Thumb Code    92  lv_label.o(.text)
    lv_label_create                          0x0802d557   Thumb Code   490  lv_label.o(.text)
    lv_label_set_text_fmt                    0x0802d741   Thumb Code   230  lv_label.o(.text)
    lv_label_set_anim_speed                  0x0802d827   Thumb Code    82  lv_label.o(.text)
    lv_label_set_text_sel_start              0x0802d879   Thumb Code    36  lv_label.o(.text)
    lv_label_set_text_sel_end                0x0802d89d   Thumb Code    36  lv_label.o(.text)
    lv_label_get_anim_speed                  0x0802d8c1   Thumb Code    44  lv_label.o(.text)
    lv_label_get_letter_pos                  0x0802d8ed   Thumb Code   570  lv_label.o(.text)
    lv_label_is_char_under_pos               0x0802db27   Thumb Code   550  lv_label.o(.text)
    lv_label_ins_text                        0x0802dd4d   Thumb Code   212  lv_label.o(.text)
    lv_label_cut_text                        0x0802de21   Thumb Code    90  lv_label.o(.text)
    lv_list_get_next_btn                     0x0802df83   Thumb Code    92  lv_list.o(.text)
    lv_list_get_btn_label                    0x0802e01d   Thumb Code    78  lv_list.o(.text)
    lv_list_get_btn_text                     0x0802e06b   Thumb Code    52  lv_list.o(.text)
    lv_list_focus_btn                        0x0802e09f   Thumb Code   110  lv_list.o(.text)
    lv_list_get_btn_selected                 0x0802e10d   Thumb Code    42  lv_list.o(.text)
    lv_list_get_layout                       0x0802e289   Thumb Code    46  lv_list.o(.text)
    lv_list_get_prev_btn                     0x0802e2b7   Thumb Code    92  lv_list.o(.text)
    lv_list_add_btn                          0x0802e313   Thumb Code   550  lv_list.o(.text)
    lv_list_get_btn_img                      0x0802e577   Thumb Code    80  lv_list.o(.text)
    lv_list_create                           0x0802e931   Thumb Code   278  lv_list.o(.text)
    lv_list_clean                            0x0802ea47   Thumb Code    48  lv_list.o(.text)
    lv_list_remove                           0x0802ea77   Thumb Code    88  lv_list.o(.text)
    lv_list_set_layout                       0x0802eacf   Thumb Code   200  lv_list.o(.text)
    lv_list_get_btn_index                    0x0802eb97   Thumb Code   124  lv_list.o(.text)
    lv_list_get_size                         0x0802ec13   Thumb Code    68  lv_list.o(.text)
    lv_list_up                               0x0802ec57   Thumb Code   204  lv_list.o(.text)
    lv_list_down                             0x0802ed23   Thumb Code   204  lv_list.o(.text)
    lv_list_focus                            0x0802edef   Thumb Code    78  lv_list.o(.text)
    lv_msgbox_get_anim_time                  0x0802eee5   Thumb Code    42  lv_msgbox.o(.text)
    lv_msgbox_start_auto_close               0x0802ef1b   Thumb Code   250  lv_msgbox.o(.text)
    lv_msgbox_get_active_btn                 0x0802f015   Thumb Code    76  lv_msgbox.o(.text)
    lv_msgbox_create                         0x0802f3cb   Thumb Code   456  lv_msgbox.o(.text)
    lv_msgbox_add_btns                       0x0802f5d9   Thumb Code   182  lv_msgbox.o(.text)
    lv_msgbox_set_text                       0x0802f68f   Thumb Code    86  lv_msgbox.o(.text)
    lv_msgbox_set_anim_time                  0x0802f6e5   Thumb Code    48  lv_msgbox.o(.text)
    lv_msgbox_stop_auto_close                0x0802f715   Thumb Code    42  lv_msgbox.o(.text)
    lv_msgbox_set_recolor                    0x0802f73f   Thumb Code    56  lv_msgbox.o(.text)
    lv_msgbox_get_text                       0x0802f777   Thumb Code    48  lv_msgbox.o(.text)
    lv_msgbox_get_active_btn_text            0x0802f7a7   Thumb Code    98  lv_msgbox.o(.text)
    lv_msgbox_get_recolor                    0x0802f809   Thumb Code    56  lv_msgbox.o(.text)
    lv_msgbox_get_btnmatrix                  0x0802f841   Thumb Code    44  lv_msgbox.o(.text)
    lv_page_get_scrollable                   0x0802f8d3   Thumb Code    42  lv_page.o(.text)
    lv_page_set_scrollbar_mode               0x0802fd07   Thumb Code   178  lv_page.o(.text)
    lv_page_get_anim_time                    0x0803008f   Thumb Code    44  lv_page.o(.text)
    lv_page_scroll_hor                       0x080300bb   Thumb Code    96  lv_page.o(.text)
    lv_page_scroll_ver                       0x0803011b   Thumb Code    96  lv_page.o(.text)
    lv_page_start_edge_flash                 0x08030659   Thumb Code   238  lv_page.o(.text)
    lv_page_on_edge                          0x080308b7   Thumb Code   178  lv_page.o(.text)
    lv_page_create                           0x08030e35   Thumb Code   464  lv_page.o(.text)
    lv_page_clean                            0x08031005   Thumb Code    46  lv_page.o(.text)
    lv_page_set_anim_time                    0x08031033   Thumb Code    44  lv_page.o(.text)
    lv_page_set_scroll_propagation           0x0803105f   Thumb Code    66  lv_page.o(.text)
    lv_page_set_edge_flash                   0x080310a1   Thumb Code    54  lv_page.o(.text)
    lv_page_get_scrollbar_mode               0x080310d7   Thumb Code    48  lv_page.o(.text)
    lv_page_get_scroll_propagation           0x08031107   Thumb Code    48  lv_page.o(.text)
    lv_page_get_edge_flash                   0x08031137   Thumb Code    48  lv_page.o(.text)
    lv_page_get_width_fit                    0x08031167   Thumb Code   104  lv_page.o(.text)
    lv_page_get_height_fit                   0x080311cf   Thumb Code   150  lv_page.o(.text)
    lv_page_get_width_grid                   0x08031265   Thumb Code    58  lv_page.o(.text)
    lv_page_get_height_grid                  0x0803129f   Thumb Code    58  lv_page.o(.text)
    lv_page_glue_obj                         0x080312d9   Thumb Code    24  lv_page.o(.text)
    lv_page_focus                            0x080312f1   Thumb Code   588  lv_page.o(.text)
    lv_roller_get_auto_fit                   0x080317ed   Thumb Code    48  lv_roller.o(.text)
    lv_roller_set_selected                   0x08031927   Thumb Code   126  lv_roller.o(.text)
    lv_roller_set_visible_row_count          0x08031c73   Thumb Code    94  lv_roller.o(.text)
    lv_roller_set_options                    0x08031cd1   Thumb Code   308  lv_roller.o(.text)
    lv_roller_get_align                      0x08031f37   Thumb Code    46  lv_roller.o(.text)
    lv_roller_create                         0x0803258b   Thumb Code   458  lv_roller.o(.text)
    lv_roller_set_align                      0x08032755   Thumb Code    64  lv_roller.o(.text)
    lv_roller_set_auto_fit                   0x08032795   Thumb Code   160  lv_roller.o(.text)
    lv_roller_get_selected                   0x08032835   Thumb Code    84  lv_roller.o(.text)
    lv_roller_get_selected_str               0x08032889   Thumb Code   160  lv_roller.o(.text)
    lv_roller_get_option_cnt                 0x08032929   Thumb Code    70  lv_roller.o(.text)
    lv_roller_get_options                    0x0803296f   Thumb Code    46  lv_roller.o(.text)
    lv_slider_get_value                      0x08032c8b   Thumb Code    38  lv_slider.o(.text)
    lv_slider_create                         0x08033383   Thumb Code   276  lv_slider.o(.text)
    lv_slider_is_dragged                     0x08033497   Thumb Code    50  lv_slider.o(.text)
    lv_spinbox_set_rollover                  0x080336b1   Thumb Code    54  lv_spinbox.o(.text)
    lv_spinbox_set_step                      0x080336e7   Thumb Code    52  lv_spinbox.o(.text)
    lv_spinbox_set_range                     0x0803371b   Thumb Code   116  lv_spinbox.o(.text)
    lv_spinbox_set_digit_format              0x0803378f   Thumb Code   194  lv_spinbox.o(.text)
    lv_spinbox_set_value                     0x08033851   Thumb Code    82  lv_spinbox.o(.text)
    lv_spinbox_decrement                     0x080338a3   Thumb Code   146  lv_spinbox.o(.text)
    lv_spinbox_increment                     0x08033935   Thumb Code   144  lv_spinbox.o(.text)
    lv_spinbox_step_prev                     0x080339c5   Thumb Code   120  lv_spinbox.o(.text)
    lv_spinbox_step_next                     0x08033a3d   Thumb Code    72  lv_spinbox.o(.text)
    lv_spinbox_create                        0x08033cfd   Thumb Code   344  lv_spinbox.o(.text)
    lv_spinbox_set_padding_left              0x08033e55   Thumb Code    62  lv_spinbox.o(.text)
    lv_spinbox_get_rollover                  0x08033e93   Thumb Code    50  lv_spinbox.o(.text)
    lv_spinbox_get_value                     0x08033ec5   Thumb Code    92  lv_spinbox.o(.text)
    lv_switch_off                            0x0803407d   Thumb Code    66  lv_switch.o(.text)
    lv_switch_on                             0x080340bf   Thumb Code    66  lv_switch.o(.text)
    lv_switch_create                         0x080342fb   Thumb Code   406  lv_switch.o(.text)
    lv_switch_toggle                         0x08034491   Thumb Code    68  lv_switch.o(.text)
    lv_tabview_get_anim_time                 0x08034545   Thumb Code    42  lv_tabview.o(.text)
    lv_tabview_set_tab_act                   0x0803456f   Thumb Code   618  lv_tabview.o(.text)
    lv_tabview_get_tab                       0x08034bab   Thumb Code   116  lv_tabview.o(.text)
    lv_tabview_add_tab                       0x08034c1f   Thumb Code   562  lv_tabview.o(.text)
    lv_tabview_get_tab_act                   0x08034e51   Thumb Code    44  lv_tabview.o(.text)
    lv_tabview_create                        0x0803534b   Thumb Code   778  lv_tabview.o(.text)
    lv_tabview_clean_tab                     0x08035655   Thumb Code    48  lv_tabview.o(.text)
    lv_tabview_set_tab_name                  0x08035685   Thumb Code   130  lv_tabview.o(.text)
    lv_tabview_set_anim_time                 0x08035707   Thumb Code    46  lv_tabview.o(.text)
    lv_tabview_set_btns_pos                  0x08035735   Thumb Code    98  lv_tabview.o(.text)
    lv_tabview_get_tab_count                 0x08035797   Thumb Code    44  lv_tabview.o(.text)
    lv_tabview_get_btns_pos                  0x080357c3   Thumb Code    48  lv_tabview.o(.text)
    lv_textarea_get_cursor_pos               0x08035945   Thumb Code    42  lv_textarea.o(.text)
    lv_textarea_get_label                    0x08035b8f   Thumb Code    42  lv_textarea.o(.text)
    lv_textarea_set_text_align               0x08035bb9   Thumb Code   152  lv_textarea.o(.text)
    lv_textarea_set_one_line                 0x08035c51   Thumb Code   302  lv_textarea.o(.text)
    lv_textarea_set_placeholder_text         0x08035d7f   Thumb Code   176  lv_textarea.o(.text)
    lv_textarea_set_cursor_pos               0x080360df   Thumb Code   522  lv_textarea.o(.text)
    lv_textarea_clear_selection              0x080364bf   Thumb Code    34  lv_textarea.o(.text)
    lv_textarea_get_text                     0x080364e1   Thumb Code    66  lv_textarea.o(.text)
    lv_textarea_get_max_length               0x08036589   Thumb Code    44  lv_textarea.o(.text)
    lv_textarea_get_accepted_chars           0x080365b5   Thumb Code    44  lv_textarea.o(.text)
    lv_textarea_add_text                     0x080365e1   Thumb Code   476  lv_textarea.o(.text)
    lv_textarea_add_char                     0x08036803   Thumb Code   394  lv_textarea.o(.text)
    lv_textarea_del_char                     0x0803698d   Thumb Code   306  lv_textarea.o(.text)
    lv_textarea_del_char_forward             0x08036abf   Thumb Code    66  lv_textarea.o(.text)
    lv_textarea_cursor_down                  0x08036b01   Thumb Code   194  lv_textarea.o(.text)
    lv_textarea_cursor_up                    0x08036bc3   Thumb Code   142  lv_textarea.o(.text)
    lv_textarea_cursor_left                  0x08036c51   Thumb Code    54  lv_textarea.o(.text)
    lv_textarea_cursor_right                 0x08036c87   Thumb Code    52  lv_textarea.o(.text)
    lv_textarea_create                       0x08036f33   Thumb Code   820  lv_textarea.o(.text)
    lv_textarea_set_text                     0x08037267   Thumb Code   422  lv_textarea.o(.text)
    lv_textarea_set_cursor_hidden            0x0803740d   Thumb Code    60  lv_textarea.o(.text)
    lv_textarea_set_cursor_click_pos         0x08037449   Thumb Code    54  lv_textarea.o(.text)
    lv_textarea_set_pwd_mode                 0x0803747f   Thumb Code   208  lv_textarea.o(.text)
    lv_textarea_set_accepted_chars           0x0803754f   Thumb Code    44  lv_textarea.o(.text)
    lv_textarea_set_max_length               0x0803757b   Thumb Code    44  lv_textarea.o(.text)
    lv_textarea_set_insert_replace           0x080375a7   Thumb Code    38  lv_textarea.o(.text)
    lv_textarea_set_text_sel                 0x080375cd   Thumb Code    76  lv_textarea.o(.text)
    lv_textarea_set_pwd_show_time            0x08037619   Thumb Code    46  lv_textarea.o(.text)
    lv_textarea_set_cursor_blink_time        0x08037647   Thumb Code   160  lv_textarea.o(.text)
    lv_textarea_get_placeholder_text         0x080376e7   Thumb Code    52  lv_textarea.o(.text)
    lv_textarea_get_cursor_hidden            0x0803771b   Thumb Code    48  lv_textarea.o(.text)
    lv_textarea_get_cursor_click_pos         0x0803774b   Thumb Code    48  lv_textarea.o(.text)
    lv_textarea_get_pwd_mode                 0x0803777b   Thumb Code    48  lv_textarea.o(.text)
    lv_textarea_get_one_line                 0x080377ab   Thumb Code    48  lv_textarea.o(.text)
    lv_textarea_text_is_selected             0x080377db   Thumb Code    34  lv_textarea.o(.text)
    lv_textarea_get_text_sel_en              0x080377fd   Thumb Code    34  lv_textarea.o(.text)
    lv_textarea_get_pwd_show_time            0x0803781f   Thumb Code    44  lv_textarea.o(.text)
    lv_textarea_get_cursor_blink_time        0x0803784b   Thumb Code    44  lv_textarea.o(.text)
    lv_port_disp_init                        0x080379c5   Thumb Code    64  lv_port_disp.o(.text)
    lv_port_indev_init                       0x08037a65   Thumb Code    30  lv_port_indev.o(.text)
    lv_demo_keypad_encoder                   0x080380c1   Thumb Code   160  lv_demo_keypad_encoder.o(.text)
    __use_no_semihosting                     0x080381cd   Thumb Code     2  use_no_semi_2.o(.text)
    __aeabi_uldivmod                         0x080381cf   Thumb Code     0  lludivv7m.o(.text)
    _ll_udiv                                 0x080381cf   Thumb Code   238  lludivv7m.o(.text)
    __2printf                                0x080382bd   Thumb Code    20  noretval__2printf.o(.text)
    __printf                                 0x080382d5   Thumb Code   104  __printf.o(.text)
    _printf_str                              0x0803833d   Thumb Code    82  _printf_str.o(.text)
    _printf_int_dec                          0x08038391   Thumb Code   104  _printf_dec.o(.text)
    _printf_int_hex                          0x08038409   Thumb Code    84  _printf_hex_int.o(.text)
    _printf_longlong_hex                     0x08038409   Thumb Code     0  _printf_hex_int.o(.text)
    memcmp                                   0x08038461   Thumb Code    88  memcmp.o(.text)
    strcpy                                   0x080384b9   Thumb Code    72  strcpy.o(.text)
    strlen                                   0x08038501   Thumb Code    62  strlen.o(.text)
    strcat                                   0x0803853f   Thumb Code    24  strcat.o(.text)
    __aeabi_memcpy4                          0x08038557   Thumb Code     0  rt_memcpy_w.o(.text)
    __aeabi_memcpy8                          0x08038557   Thumb Code     0  rt_memcpy_w.o(.text)
    __rt_memcpy_w                            0x08038557   Thumb Code   100  rt_memcpy_w.o(.text)
    _memcpy_lastbytes_aligned                0x0803859f   Thumb Code     0  rt_memcpy_w.o(.text)
    strcmp                                   0x080385bd   Thumb Code   128  strcmpv7m.o(.text)
    __use_two_region_memory                  0x0803863d   Thumb Code     2  heapauxi.o(.text)
    __rt_heap_escrow$2region                 0x0803863f   Thumb Code     2  heapauxi.o(.text)
    __rt_heap_expand$2region                 0x08038641   Thumb Code     2  heapauxi.o(.text)
    __I$use$semihosting                      0x08038643   Thumb Code     0  use_no_semi.o(.text)
    __use_no_semihosting_swi                 0x08038643   Thumb Code     2  use_no_semi.o(.text)
    __read_errno                             0x08038645   Thumb Code    10  _rserrno.o(.text)
    __set_errno                              0x0803864f   Thumb Code    12  _rserrno.o(.text)
    _printf_int_common                       0x0803865b   Thumb Code   178  _printf_intcommon.o(.text)
    _printf_cs_common                        0x0803870d   Thumb Code    20  _printf_char.o(.text)
    _printf_char                             0x08038721   Thumb Code    16  _printf_char.o(.text)
    _printf_string                           0x08038731   Thumb Code     8  _printf_char.o(.text)
    _printf_char_file                        0x08038739   Thumb Code    32  _printf_char_file.o(.text)
    __aeabi_errno_addr                       0x0803875d   Thumb Code     8  rt_errno_addr_intlibspace.o(.text)
    __errno$intlibspace                      0x0803875d   Thumb Code     0  rt_errno_addr_intlibspace.o(.text)
    __rt_errno_addr$intlibspace              0x0803875d   Thumb Code     0  rt_errno_addr_intlibspace.o(.text)
    _printf_char_common                      0x0803876f   Thumb Code    32  _printf_char_common.o(.text)
    ferror                                   0x08038795   Thumb Code     8  ferror.o(.text)
    __user_libspace                          0x0803879d   Thumb Code     8  libspace.o(.text)
    __user_perproc_libspace                  0x0803879d   Thumb Code     0  libspace.o(.text)
    __user_perthread_libspace                0x0803879d   Thumb Code     0  libspace.o(.text)
    __user_setup_stackheap                   0x080387a5   Thumb Code    74  sys_stackheap_outer.o(.text)
    exit                                     0x080387ef   Thumb Code    18  exit.o(.text)
    __hardfp_sqrt                            0x08038801   Thumb Code   122  sqrt.o(i.__hardfp_sqrt)
    __aeabi_dadd                             0x0803887d   Thumb Code     0  daddsub_clz.o(x$fpl$dadd)
    _dadd                                    0x0803887d   Thumb Code   332  daddsub_clz.o(x$fpl$dadd)
    __fpl_dcmp_Inf                           0x080389cd   Thumb Code    24  dcmpi.o(x$fpl$dcmpinf)
    __aeabi_d2uiz                            0x080389e5   Thumb Code     0  dfixu.o(x$fpl$dfixu)
    _dfixu                                   0x080389e5   Thumb Code    90  dfixu.o(x$fpl$dfixu)
    __aeabi_i2d                              0x08038a3f   Thumb Code     0  dflt_clz.o(x$fpl$dflt)
    _dflt                                    0x08038a3f   Thumb Code    46  dflt_clz.o(x$fpl$dflt)
    __aeabi_ui2d                             0x08038a6d   Thumb Code     0  dflt_clz.o(x$fpl$dfltu)
    _dfltu                                   0x08038a6d   Thumb Code    38  dflt_clz.o(x$fpl$dfltu)
    __aeabi_cdcmple                          0x08038a95   Thumb Code     0  dleqf.o(x$fpl$dleqf)
    _dcmple                                  0x08038a95   Thumb Code   120  dleqf.o(x$fpl$dleqf)
    __fpl_dcmple_InfNaN                      0x08038af7   Thumb Code     0  dleqf.o(x$fpl$dleqf)
    __aeabi_dmul                             0x08038b0d   Thumb Code     0  dmul.o(x$fpl$dmul)
    _dmul                                    0x08038b0d   Thumb Code   332  dmul.o(x$fpl$dmul)
    __fpl_dnaninf                            0x08038c61   Thumb Code   156  dnaninf.o(x$fpl$dnaninf)
    __fpl_dretinf                            0x08038cfd   Thumb Code    12  dretinf.o(x$fpl$dretinf)
    __aeabi_cdrcmple                         0x08038d09   Thumb Code     0  drleqf.o(x$fpl$drleqf)
    _drcmple                                 0x08038d09   Thumb Code   108  drleqf.o(x$fpl$drleqf)
    __aeabi_drsub                            0x08038d75   Thumb Code     0  daddsub_clz.o(x$fpl$drsb)
    _drsb                                    0x08038d75   Thumb Code    22  daddsub_clz.o(x$fpl$drsb)
    _dsqrt                                   0x08038d8d   Thumb Code   404  dsqrt_umaal.o(x$fpl$dsqrt)
    __aeabi_dsub                             0x08038f25   Thumb Code     0  daddsub_clz.o(x$fpl$dsub)
    _dsub                                    0x08038f25   Thumb Code   464  daddsub_clz.o(x$fpl$dsub)
    __aeabi_f2d                              0x080390f9   Thumb Code     0  f2d.o(x$fpl$f2d)
    _f2d                                     0x080390f9   Thumb Code    86  f2d.o(x$fpl$f2d)
    __fpl_fnaninf                            0x0803914f   Thumb Code   140  fnaninf.o(x$fpl$fnaninf)
    _fp_init                                 0x080391db   Thumb Code    10  fpinit.o(x$fpl$fpinit)
    __fplib_config_fpu_vfp                   0x080391e3   Thumb Code     0  fpinit.o(x$fpl$fpinit)
    __fplib_config_pureend_doubles           0x080391e3   Thumb Code     0  fpinit.o(x$fpl$fpinit)
    __I$use$fp                               0x080391e4   Number         0  usenofp.o(x$fpl$usenofp)
    asc2_1206                                0x080391e4   Data        1140  lcd.o(.constdata)
    asc2_1608                                0x08039658   Data        1520  lcd.o(.constdata)
    asc2_2412                                0x08039c48   Data        3420  lcd.o(.constdata)
    GT9147_CFG_TBL                           0x0803a9a4   Data         184  gt9147.o(.constdata)
    GT9147_TPX_TBL                           0x0803aa5c   Data          10  gt9147.o(.constdata)
    OTT_TPX_TBL                              0x0803aa66   Data          10  ott2001a.o(.constdata)
    FT5206_TPX_TBL                           0x0803aa70   Data          10  ft5206.o(.constdata)
    TP_REMIND_MSG_TBL                        0x0803aa7c   Data           4  touch.o(.constdata)
    FSMC_DefaultTimingStruct                 0x0803aa80   Data          28  stm32f4xx_fsmc.o(.constdata)
    _lv_bpp1_opa_table                       0x0803aaac   Data           2  lv_draw_label.o(.constdata)
    _lv_bpp2_opa_table                       0x0803aaae   Data           4  lv_draw_label.o(.constdata)
    _lv_bpp3_opa_table                       0x0803aab2   Data           8  lv_draw_label.o(.constdata)
    _lv_bpp4_opa_table                       0x0803aaba   Data          16  lv_draw_label.o(.constdata)
    _lv_bpp8_opa_table                       0x0803aaca   Data         256  lv_draw_label.o(.constdata)
    lv_anim_path_def                         0x0803e004   Data           8  lv_anim.o(.constdata)
    Region$$Table$$Base                      0x0803e760   Number         0  anon$$obj.o(Region$$Table)
    Region$$Table$$Limit                     0x0803e780   Number         0  anon$$obj.o(Region$$Table)
    SystemCoreClock                          0x20000000   Data           4  system_stm32f4xx.o(.data)
    AHBPrescTable                            0x20000004   Data          16  system_stm32f4xx.o(.data)
    POINT_COLOR                              0x20000014   Data           2  lcd.o(.data)
    BACK_COLOR                               0x20000016   Data           2  lcd.o(.data)
    tp_dev                                   0x2000001c   Data          52  touch.o(.data)
    CMD_RDX                                  0x20000050   Data           1  touch.o(.data)
    CMD_RDY                                  0x20000051   Data           1  touch.o(.data)
    __stdout                                 0x20000058   Data           4  usart.o(.data)
    USART_RX_STA                             0x2000005c   Data           2  usart.o(.data)
    lv_font_montserrat_14                    0x200000c8   Data          20  lv_font_montserrat_14.o(.data)
    _lv_img_cache_array                      0x200000f4   Data           4  lv_gc.o(.data)
    _lv_task_act                             0x200000f8   Data           4  lv_gc.o(.data)
    _lv_theme_material_styles                0x200000fc   Data           4  lv_gc.o(.data)
    _lv_theme_template_styles                0x20000100   Data           4  lv_gc.o(.data)
    _lv_theme_mono_styles                    0x20000104   Data           4  lv_gc.o(.data)
    _lv_theme_empty_styles                   0x20000108   Data           4  lv_gc.o(.data)
    _lv_txt_encoded_size                     0x20000144   Data           4  lv_txt.o(.data)
    _lv_txt_unicode_to_encoded               0x20000148   Data           4  lv_txt.o(.data)
    _lv_txt_encoded_conv_wc                  0x2000014c   Data           4  lv_txt.o(.data)
    _lv_txt_encoded_next                     0x20000150   Data           4  lv_txt.o(.data)
    _lv_txt_encoded_prev                     0x20000154   Data           4  lv_txt.o(.data)
    _lv_txt_encoded_get_byte_id              0x20000158   Data           4  lv_txt.o(.data)
    _lv_txt_encoded_get_char_id              0x2000015c   Data           4  lv_txt.o(.data)
    _lv_txt_get_encoded_length               0x20000160   Data           4  lv_txt.o(.data)
    indev_touchpad                           0x20000254   Data           4  lv_port_indev.o(.data)
    lcddev                                   0x2000027c   Data          14  lcd.o(.bss)
    USART_RX_BUF                             0x2000028a   Data         200  usart.o(.bss)
    _lv_task_ll                              0x20000454   Data          12  lv_gc.o(.bss)
    _lv_disp_ll                              0x20000460   Data          12  lv_gc.o(.bss)
    _lv_indev_ll                             0x2000046c   Data          12  lv_gc.o(.bss)
    _lv_drv_ll                               0x20000478   Data          12  lv_gc.o(.bss)
    _lv_file_ll                              0x20000484   Data          12  lv_gc.o(.bss)
    _lv_anim_ll                              0x20000490   Data          12  lv_gc.o(.bss)
    _lv_group_ll                             0x2000049c   Data          12  lv_gc.o(.bss)
    _lv_img_defoder_ll                       0x200004a8   Data          12  lv_gc.o(.bss)
    _lv_obj_style_trans_ll                   0x200004b4   Data          12  lv_gc.o(.bss)
    _lv_mem_buf                              0x200004c0   Data         128  lv_gc.o(.bss)
    _lv_draw_mask_list                       0x20000540   Data         128  lv_gc.o(.bss)
    selector_objs                            0x20005e2c   Data          32  lv_demo_keypad_encoder.o(.bss)
    textinput_objs                           0x20005e4c   Data          12  lv_demo_keypad_encoder.o(.bss)
    __libspace_start                         0x20005e58   Data          96  libspace.o(.bss)
    __temporary_stack_top$libspace           0x20005eb8   Data           0  libspace.o(.bss)



==============================================================================

Memory Map of the image

  Image Entry point : 0x08000189

  Load Region LR_IROM1 (Base: 0x08000000, Size: 0x0003e9fc, Max: 0x00100000, ABSOLUTE, COMPRESSED[0x0003e83c])

    Execution Region ER_IROM1 (Exec base: 0x08000000, Load base: 0x08000000, Size: 0x0003e780, Max: 0x00100000, ABSOLUTE)

    Exec Addr    Load Addr    Size         Type   Attr      Idx    E Section Name        Object

    0x08000000   0x08000000   0x00000188   Data   RO         1138    RESET               startup_stm32f40_41xxx.o
    0x08000188   0x08000188   0x00000008   Code   RO         8501  * !!!main             c_w.l(__main.o)
    0x08000190   0x08000190   0x00000034   Code   RO         8741    !!!scatter          c_w.l(__scatter.o)
    0x080001c4   0x080001c4   0x0000005a   Code   RO         8739    !!dczerorl2         c_w.l(__dczerorl2.o)
    0x0800021e   0x0800021e   0x00000002   PAD
    0x08000220   0x08000220   0x0000001c   Code   RO         8743    !!handler_zi        c_w.l(__scatter_zi.o)
    0x0800023c   0x0800023c   0x00000000   Code   RO         8482    .ARM.Collect$$_printf_percent$$00000000  c_w.l(_printf_percent.o)
    0x0800023c   0x0800023c   0x00000006   Code   RO         8481    .ARM.Collect$$_printf_percent$$00000009  c_w.l(_printf_d.o)
    0x08000242   0x08000242   0x00000006   Code   RO         8480    .ARM.Collect$$_printf_percent$$0000000C  c_w.l(_printf_x.o)
    0x08000248   0x08000248   0x00000006   Code   RO         8479    .ARM.Collect$$_printf_percent$$00000014  c_w.l(_printf_s.o)
    0x0800024e   0x0800024e   0x00000004   Code   RO         8554    .ARM.Collect$$_printf_percent$$00000017  c_w.l(_printf_percent_end.o)
    0x08000252   0x08000252   0x00000002   Code   RO         8616    .ARM.Collect$$libinit$$00000000  c_w.l(libinit.o)
    0x08000254   0x08000254   0x00000004   Code   RO         8625    .ARM.Collect$$libinit$$00000001  c_w.l(libinit2.o)
    0x08000258   0x08000258   0x00000000   Code   RO         8628    .ARM.Collect$$libinit$$00000004  c_w.l(libinit2.o)
    0x08000258   0x08000258   0x00000000   Code   RO         8631    .ARM.Collect$$libinit$$0000000A  c_w.l(libinit2.o)
    0x08000258   0x08000258   0x00000000   Code   RO         8633    .ARM.Collect$$libinit$$0000000C  c_w.l(libinit2.o)
    0x08000258   0x08000258   0x00000000   Code   RO         8635    .ARM.Collect$$libinit$$0000000E  c_w.l(libinit2.o)
    0x08000258   0x08000258   0x00000000   Code   RO         8638    .ARM.Collect$$libinit$$00000011  c_w.l(libinit2.o)
    0x08000258   0x08000258   0x00000000   Code   RO         8640    .ARM.Collect$$libinit$$00000013  c_w.l(libinit2.o)
    0x08000258   0x08000258   0x00000000   Code   RO         8642    .ARM.Collect$$libinit$$00000015  c_w.l(libinit2.o)
    0x08000258   0x08000258   0x00000000   Code   RO         8644    .ARM.Collect$$libinit$$00000017  c_w.l(libinit2.o)
    0x08000258   0x08000258   0x00000000   Code   RO         8646    .ARM.Collect$$libinit$$00000019  c_w.l(libinit2.o)
    0x08000258   0x08000258   0x00000000   Code   RO         8648    .ARM.Collect$$libinit$$0000001B  c_w.l(libinit2.o)
    0x08000258   0x08000258   0x00000000   Code   RO         8650    .ARM.Collect$$libinit$$0000001D  c_w.l(libinit2.o)
    0x08000258   0x08000258   0x00000000   Code   RO         8652    .ARM.Collect$$libinit$$0000001F  c_w.l(libinit2.o)
    0x08000258   0x08000258   0x00000000   Code   RO         8654    .ARM.Collect$$libinit$$00000021  c_w.l(libinit2.o)
    0x08000258   0x08000258   0x00000000   Code   RO         8656    .ARM.Collect$$libinit$$00000023  c_w.l(libinit2.o)
    0x08000258   0x08000258   0x00000000   Code   RO         8658    .ARM.Collect$$libinit$$00000025  c_w.l(libinit2.o)
    0x08000258   0x08000258   0x00000000   Code   RO         8662    .ARM.Collect$$libinit$$0000002C  c_w.l(libinit2.o)
    0x08000258   0x08000258   0x00000000   Code   RO         8664    .ARM.Collect$$libinit$$0000002E  c_w.l(libinit2.o)
    0x08000258   0x08000258   0x00000000   Code   RO         8666    .ARM.Collect$$libinit$$00000030  c_w.l(libinit2.o)
    0x08000258   0x08000258   0x00000000   Code   RO         8668    .ARM.Collect$$libinit$$00000032  c_w.l(libinit2.o)
    0x08000258   0x08000258   0x00000002   Code   RO         8669    .ARM.Collect$$libinit$$00000033  c_w.l(libinit2.o)
    0x0800025a   0x0800025a   0x00000002   Code   RO         8695    .ARM.Collect$$libshutdown$$00000000  c_w.l(libshutdown.o)
    0x0800025c   0x0800025c   0x00000000   Code   RO         8722    .ARM.Collect$$libshutdown$$00000002  c_w.l(libshutdown2.o)
    0x0800025c   0x0800025c   0x00000000   Code   RO         8724    .ARM.Collect$$libshutdown$$00000004  c_w.l(libshutdown2.o)
    0x0800025c   0x0800025c   0x00000000   Code   RO         8727    .ARM.Collect$$libshutdown$$00000007  c_w.l(libshutdown2.o)
    0x0800025c   0x0800025c   0x00000000   Code   RO         8730    .ARM.Collect$$libshutdown$$0000000A  c_w.l(libshutdown2.o)
    0x0800025c   0x0800025c   0x00000000   Code   RO         8732    .ARM.Collect$$libshutdown$$0000000C  c_w.l(libshutdown2.o)
    0x0800025c   0x0800025c   0x00000000   Code   RO         8735    .ARM.Collect$$libshutdown$$0000000F  c_w.l(libshutdown2.o)
    0x0800025c   0x0800025c   0x00000002   Code   RO         8736    .ARM.Collect$$libshutdown$$00000010  c_w.l(libshutdown2.o)
    0x0800025e   0x0800025e   0x00000000   Code   RO         8541    .ARM.Collect$$rtentry$$00000000  c_w.l(__rtentry.o)
    0x0800025e   0x0800025e   0x00000000   Code   RO         8569    .ARM.Collect$$rtentry$$00000002  c_w.l(__rtentry2.o)
    0x0800025e   0x0800025e   0x00000006   Code   RO         8581    .ARM.Collect$$rtentry$$00000004  c_w.l(__rtentry4.o)
    0x08000264   0x08000264   0x00000000   Code   RO         8571    .ARM.Collect$$rtentry$$00000009  c_w.l(__rtentry2.o)
    0x08000264   0x08000264   0x00000004   Code   RO         8572    .ARM.Collect$$rtentry$$0000000A  c_w.l(__rtentry2.o)
    0x08000268   0x08000268   0x00000000   Code   RO         8574    .ARM.Collect$$rtentry$$0000000C  c_w.l(__rtentry2.o)
    0x08000268   0x08000268   0x00000008   Code   RO         8575    .ARM.Collect$$rtentry$$0000000D  c_w.l(__rtentry2.o)
    0x08000270   0x08000270   0x00000002   Code   RO         8617    .ARM.Collect$$rtexit$$00000000  c_w.l(rtexit.o)
    0x08000272   0x08000272   0x00000000   Code   RO         8671    .ARM.Collect$$rtexit$$00000002  c_w.l(rtexit2.o)
    0x08000272   0x08000272   0x00000004   Code   RO         8672    .ARM.Collect$$rtexit$$00000003  c_w.l(rtexit2.o)
    0x08000276   0x08000276   0x00000006   Code   RO         8673    .ARM.Collect$$rtexit$$00000004  c_w.l(rtexit2.o)
    0x0800027c   0x0800027c   0x0000005c   Code   RO            3    .text               main.o
    0x080002d8   0x080002d8   0x0000001a   Code   RO          484    .text               stm32f4xx_it.o
    0x080002f2   0x080002f2   0x00000002   PAD
    0x080002f4   0x080002f4   0x00000210   Code   RO          533    .text               system_stm32f4xx.o
    0x08000504   0x08000504   0x00000040   Code   RO          559    .text               led.o
    0x08000544   0x08000544   0x00004c80   Code   RO          579    .text               lcd.o
    0x080051c4   0x080051c4   0x00000104   Code   RO          617    .text               key.o
    0x080052c8   0x080052c8   0x0000025c   Code   RO          638    .text               myiic.o
    0x08005524   0x08005524   0x0000017a   Code   RO          661    .text               24cxx.o
    0x0800569e   0x0800569e   0x00000002   PAD
    0x080056a0   0x080056a0   0x00000254   Code   RO          684    .text               ctiic.o
    0x080058f4   0x080058f4   0x00000430   Code   RO          707    .text               gt9147.o
    0x08005d24   0x08005d24   0x00000388   Code   RO          735    .text               ott2001a.o
    0x080060ac   0x080060ac   0x0000032c   Code   RO          759    .text               ft5206.o
    0x080063d8   0x080063d8   0x000010e0   Code   RO          783    .text               touch.o
    0x080074b8   0x080074b8   0x0000007c   Code   RO          815    .text               timer.o
    0x08007534   0x08007534   0x000002f8   Code   RO         1047    .text               sram.o
    0x0800782c   0x0800782c   0x00000104   Code   RO         1067    .text               delay.o
    0x08007930   0x08007930   0x00000148   Code   RO         1107    .text               usart.o
    0x08007a78   0x08007a78   0x00000040   Code   RO         1139    .text               startup_stm32f40_41xxx.o
    0x08007ab8   0x08007ab8   0x000000e0   Code   RO         1145    .text               misc.o
    0x08007b98   0x08007b98   0x00000294   Code   RO         1165    .text               stm32f4xx_gpio.o
    0x08007e2c   0x08007e2c   0x000005c8   Code   RO         1185    .text               stm32f4xx_fsmc.o
    0x080083f4   0x080083f4   0x0000065c   Code   RO         1208    .text               stm32f4xx_rcc.o
    0x08008a50   0x08008a50   0x00000454   Code   RO         1250    .text               stm32f4xx_usart.o
    0x08008ea4   0x08008ea4   0x00000ca2   Code   RO         1270    .text               stm32f4xx_tim.o
    0x08009b46   0x08009b46   0x00000002   PAD
    0x08009b48   0x08009b48   0x00000538   Code   RO         1288    .text               lv_disp.o
    0x0800a080   0x0800a080   0x000005b0   Code   RO         1413    .text               lv_group.o
    0x0800a630   0x0800a630   0x00001a68   Code   RO         1526    .text               lv_indev.o
    0x0800c098   0x0800c098   0x00004dcc   Code   RO         1564    .text               lv_obj.o
    0x08010e64   0x08010e64   0x00000aa8   Code   RO         1661    .text               lv_refr.o
    0x0801190c   0x0801190c   0x00000dc4   Code   RO         1716    .text               lv_style.o
    0x080126d0   0x080126d0   0x00001088   Code   RO         1822    .text               lv_draw_blend.o
    0x08013758   0x08013758   0x00000b84   Code   RO         1932    .text               lv_draw_img.o
    0x080142dc   0x080142dc   0x00000f44   Code   RO         2012    .text               lv_draw_label.o
    0x08015220   0x08015220   0x00000b8a   Code   RO         2093    .text               lv_draw_line.o
    0x08015daa   0x08015daa   0x00000002   PAD
    0x08015dac   0x08015dac   0x00001614   Code   RO         2174    .text               lv_draw_mask.o
    0x080173c0   0x080173c0   0x000025d0   Code   RO         2234    .text               lv_draw_rect.o
    0x08019990   0x08019990   0x00000fa8   Code   RO         2307    .text               lv_img_buf.o
    0x0801a938   0x0801a938   0x0000027c   Code   RO         2337    .text               lv_img_cache.o
    0x0801abb4   0x0801abb4   0x00000890   Code   RO         2376    .text               lv_img_decoder.o
    0x0801b444   0x0801b444   0x00000050   Code   RO         2413    .text               lv_font.o
    0x0801b494   0x0801b494   0x000007f4   Code   RO         2717    .text               lv_font_fmt_txt.o
    0x0801bc88   0x0801bc88   0x000003d0   Code   RO         3077    .text               lv_hal_disp.o
    0x0801c058   0x0801c058   0x00000130   Code   RO         3218    .text               lv_hal_indev.o
    0x0801c188   0x0801c188   0x0000004c   Code   RO         3331    .text               lv_hal_tick.o
    0x0801c1d4   0x0801c1d4   0x00000622   Code   RO         3351    .text               lv_anim.o
    0x0801c7f6   0x0801c7f6   0x000007b2   Code   RO         3439    .text               lv_area.o
    0x0801cfa8   0x0801cfa8   0x0000005c   Code   RO         3458    .text               lv_async.o
    0x0801d004   0x0801d004   0x000003ec   Code   RO         3500    .text               lv_color.o
    0x0801d3f0   0x0801d3f0   0x000000e8   Code   RO         3516    .text               lv_debug.o
    0x0801d4d8   0x0801d4d8   0x000000d0   Code   RO         3541    .text               lv_gc.o
    0x0801d5a8   0x0801d5a8   0x00000344   Code   RO         3576    .text               lv_ll.o
    0x0801d8ec   0x0801d8ec   0x00000214   Code   RO         3594    .text               lv_math.o
    0x0801db00   0x0801db00   0x00000980   Code   RO         3611    .text               lv_mem.o
    0x0801e480   0x0801e480   0x00000930   Code   RO         3627    .text               lv_printf.o
    0x0801edb0   0x0801edb0   0x00000484   Code   RO         3642    .text               lv_task.o
    0x0801f234   0x0801f234   0x000007f0   Code   RO         3665    .text               lv_txt.o
    0x0801fa24   0x0801fa24   0x000000d4   Code   RO         3744    .text               lv_utils.o
    0x0801faf8   0x0801faf8   0x00000450   Code   RO         3759    .text               lv_theme.o
    0x0801ff48   0x0801ff48   0x000056b8   Code   RO         4052    .text               lv_theme_material.o
    0x08025600   0x08025600   0x00000ca6   Code   RO         4509    .text               lv_bar.o
    0x080262a6   0x080262a6   0x00000002   PAD
    0x080262a8   0x080262a8   0x000003ec   Code   RO         4599    .text               lv_btn.o
    0x08026694   0x08026694   0x000017f4   Code   RO         4640    .text               lv_btnmatrix.o
    0x08027e88   0x08027e88   0x0000036c   Code   RO         4832    .text               lv_checkbox.o
    0x080281f4   0x080281f4   0x00000fbe   Code   RO         4867    .text               lv_cont.o
    0x080291b2   0x080291b2   0x00000002   PAD
    0x080291b4   0x080291b4   0x00001914   Code   RO         4960    .text               lv_dropdown.o
    0x0802aac8   0x0802aac8   0x00001330   Code   RO         5149    .text               lv_img.o
    0x0802bdf8   0x0802bdf8   0x0000069c   Code   RO         5305    .text               lv_keyboard.o
    0x0802c494   0x0802c494   0x00001ab0   Code   RO         5336    .text               lv_label.o
    0x0802df44   0x0802df44   0x00000fa0   Code   RO         5539    .text               lv_list.o
    0x0802eee4   0x0802eee4   0x000009ca   Code   RO         5590    .text               lv_msgbox.o
    0x0802f8ae   0x0802f8ae   0x00000002   PAD
    0x0802f8b0   0x0802f8b0   0x00001d44   Code   RO         5685    .text               lv_page.o
    0x080315f4   0x080315f4   0x000013d8   Code   RO         5766    .text               lv_roller.o
    0x080329cc   0x080329cc   0x00000b78   Code   RO         5792    .text               lv_slider.o
    0x08033544   0x08033544   0x000009dc   Code   RO         5818    .text               lv_spinbox.o
    0x08033f20   0x08033f20   0x00000624   Code   RO         5895    .text               lv_switch.o
    0x08034544   0x08034544   0x00001338   Code   RO         5983    .text               lv_tabview.o
    0x0803587c   0x0803587c   0x00002120   Code   RO         6043    .text               lv_textarea.o
    0x0803799c   0x0803799c   0x0000007c   Code   RO         6190    .text               lv_port_disp.o
    0x08037a18   0x08037a18   0x0000007c   Code   RO         6473    .text               lv_port_indev.o
    0x08037a94   0x08037a94   0x00000738   Code   RO         8114    .text               lv_demo_keypad_encoder.o
    0x080381cc   0x080381cc   0x00000002   Code   RO         8424    .text               c_w.l(use_no_semi_2.o)
    0x080381ce   0x080381ce   0x000000ee   Code   RO         8426    .text               c_w.l(lludivv7m.o)
    0x080382bc   0x080382bc   0x00000018   Code   RO         8430    .text               c_w.l(noretval__2printf.o)
    0x080382d4   0x080382d4   0x00000068   Code   RO         8432    .text               c_w.l(__printf.o)
    0x0803833c   0x0803833c   0x00000052   Code   RO         8434    .text               c_w.l(_printf_str.o)
    0x0803838e   0x0803838e   0x00000002   PAD
    0x08038390   0x08038390   0x00000078   Code   RO         8436    .text               c_w.l(_printf_dec.o)
    0x08038408   0x08038408   0x00000058   Code   RO         8441    .text               c_w.l(_printf_hex_int.o)
    0x08038460   0x08038460   0x00000058   Code   RO         8483    .text               c_w.l(memcmp.o)
    0x080384b8   0x080384b8   0x00000048   Code   RO         8485    .text               c_w.l(strcpy.o)
    0x08038500   0x08038500   0x0000003e   Code   RO         8487    .text               c_w.l(strlen.o)
    0x0803853e   0x0803853e   0x00000018   Code   RO         8489    .text               c_w.l(strcat.o)
    0x08038556   0x08038556   0x00000064   Code   RO         8493    .text               c_w.l(rt_memcpy_w.o)
    0x080385ba   0x080385ba   0x00000002   PAD
    0x080385bc   0x080385bc   0x00000080   Code   RO         8497    .text               c_w.l(strcmpv7m.o)
    0x0803863c   0x0803863c   0x00000006   Code   RO         8499    .text               c_w.l(heapauxi.o)
    0x08038642   0x08038642   0x00000002   Code   RO         8539    .text               c_w.l(use_no_semi.o)
    0x08038644   0x08038644   0x00000016   Code   RO         8546    .text               c_w.l(_rserrno.o)
    0x0803865a   0x0803865a   0x000000b2   Code   RO         8548    .text               c_w.l(_printf_intcommon.o)
    0x0803870c   0x0803870c   0x0000002c   Code   RO         8550    .text               c_w.l(_printf_char.o)
    0x08038738   0x08038738   0x00000024   Code   RO         8552    .text               c_w.l(_printf_char_file.o)
    0x0803875c   0x0803875c   0x00000008   Code   RO         8588    .text               c_w.l(rt_errno_addr_intlibspace.o)
    0x08038764   0x08038764   0x00000030   Code   RO         8590    .text               c_w.l(_printf_char_common.o)
    0x08038794   0x08038794   0x00000008   Code   RO         8592    .text               c_w.l(ferror.o)
    0x0803879c   0x0803879c   0x00000008   Code   RO         8598    .text               c_w.l(libspace.o)
    0x080387a4   0x080387a4   0x0000004a   Code   RO         8601    .text               c_w.l(sys_stackheap_outer.o)
    0x080387ee   0x080387ee   0x00000012   Code   RO         8605    .text               c_w.l(exit.o)
    0x08038800   0x08038800   0x0000007a   Code   RO         8527    i.__hardfp_sqrt     m_wm.l(sqrt.o)
    0x0803887a   0x0803887a   0x00000002   PAD
    0x0803887c   0x0803887c   0x00000150   Code   RO         8503    x$fpl$dadd          fz_wm.l(daddsub_clz.o)
    0x080389cc   0x080389cc   0x00000018   Code   RO         8557    x$fpl$dcmpinf       fz_wm.l(dcmpi.o)
    0x080389e4   0x080389e4   0x0000005a   Code   RO         8509    x$fpl$dfixu         fz_wm.l(dfixu.o)
    0x08038a3e   0x08038a3e   0x0000002e   Code   RO         8514    x$fpl$dflt          fz_wm.l(dflt_clz.o)
    0x08038a6c   0x08038a6c   0x00000026   Code   RO         8513    x$fpl$dfltu         fz_wm.l(dflt_clz.o)
    0x08038a92   0x08038a92   0x00000002   PAD
    0x08038a94   0x08038a94   0x00000078   Code   RO         8519    x$fpl$dleqf         fz_wm.l(dleqf.o)
    0x08038b0c   0x08038b0c   0x00000154   Code   RO         8521    x$fpl$dmul          fz_wm.l(dmul.o)
    0x08038c60   0x08038c60   0x0000009c   Code   RO         8559    x$fpl$dnaninf       fz_wm.l(dnaninf.o)
    0x08038cfc   0x08038cfc   0x0000000c   Code   RO         8561    x$fpl$dretinf       fz_wm.l(dretinf.o)
    0x08038d08   0x08038d08   0x0000006c   Code   RO         8523    x$fpl$drleqf        fz_wm.l(drleqf.o)
    0x08038d74   0x08038d74   0x00000016   Code   RO         8504    x$fpl$drsb          fz_wm.l(daddsub_clz.o)
    0x08038d8a   0x08038d8a   0x00000002   PAD
    0x08038d8c   0x08038d8c   0x00000198   Code   RO         8563    x$fpl$dsqrt         fz_wm.l(dsqrt_umaal.o)
    0x08038f24   0x08038f24   0x000001d4   Code   RO         8505    x$fpl$dsub          fz_wm.l(daddsub_clz.o)
    0x080390f8   0x080390f8   0x00000056   Code   RO         8525    x$fpl$f2d           fz_wm.l(f2d.o)
    0x0803914e   0x0803914e   0x0000008c   Code   RO         8565    x$fpl$fnaninf       fz_wm.l(fnaninf.o)
    0x080391da   0x080391da   0x0000000a   Code   RO         8683    x$fpl$fpinit        fz_wm.l(fpinit.o)
    0x080391e4   0x080391e4   0x00000000   Code   RO         8567    x$fpl$usenofp       fz_wm.l(usenofp.o)
    0x080391e4   0x080391e4   0x000017c0   Data   RO          581    .constdata          lcd.o
    0x0803a9a4   0x0803a9a4   0x000000c2   Data   RO          708    .constdata          gt9147.o
    0x0803aa66   0x0803aa66   0x0000000a   Data   RO          736    .constdata          ott2001a.o
    0x0803aa70   0x0803aa70   0x0000000a   Data   RO          760    .constdata          ft5206.o
    0x0803aa7a   0x0803aa7a   0x00000002   PAD
    0x0803aa7c   0x0803aa7c   0x00000004   Data   RO          784    .constdata          touch.o
    0x0803aa80   0x0803aa80   0x0000001c   Data   RO         1186    .constdata          stm32f4xx_fsmc.o
    0x0803aa9c   0x0803aa9c   0x00000002   Data   RO         1565    .constdata          lv_obj.o
    0x0803aa9e   0x0803aa9e   0x00000002   PAD
    0x0803aaa0   0x0803aaa0   0x0000000a   Data   RO         1933    .constdata          lv_draw_img.o
    0x0803aaaa   0x0803aaaa   0x00000002   PAD
    0x0803aaac   0x0803aaac   0x00000122   Data   RO         2014    .constdata          lv_draw_label.o
    0x0803abce   0x0803abce   0x00000021   Data   RO         2094    .constdata          lv_draw_line.o
    0x0803abef   0x0803abef   0x00000001   PAD
    0x0803abf0   0x0803abf0   0x00000002   Data   RO         2235    .constdata          lv_draw_rect.o
    0x0803abf2   0x0803abf2   0x00000002   PAD
    0x0803abf4   0x0803abf4   0x00003408   Data   RO         2818    .constdata          lv_font_montserrat_14.o
    0x0803dffc   0x0803dffc   0x00000006   Data   RO         3078    .constdata          lv_hal_disp.o
    0x0803e002   0x0803e002   0x00000002   PAD
    0x0803e004   0x0803e004   0x00000008   Data   RO         3352    .constdata          lv_anim.o
    0x0803e00c   0x0803e00c   0x00000002   Data   RO         3501    .constdata          lv_color.o
    0x0803e00e   0x0803e00e   0x00000011   Data   RO         3517    .constdata          lv_debug.o
    0x0803e01f   0x0803e01f   0x00000001   PAD
    0x0803e020   0x0803e020   0x000000b6   Data   RO         3595    .constdata          lv_math.o
    0x0803e0d6   0x0803e0d6   0x00000002   PAD
    0x0803e0d8   0x0803e0d8   0x00000046   Data   RO         4054    .constdata          lv_theme_material.o
    0x0803e11e   0x0803e11e   0x00000002   PAD
    0x0803e120   0x0803e120   0x00000376   Data   RO         5306    .constdata          lv_keyboard.o
    0x0803e496   0x0803e496   0x00000002   PAD
    0x0803e498   0x0803e498   0x00000002   Data   RO         8116    .constdata          lv_demo_keypad_encoder.o
    0x0803e49a   0x0803e49a   0x00000028   Data   RO         8442    .constdata          c_w.l(_printf_hex_int.o)
    0x0803e4c2   0x0803e4c2   0x00000002   PAD
    0x0803e4c4   0x0803e4c4   0x00000079   Data   RO          785    .conststring        touch.o
    0x0803e53d   0x0803e53d   0x00000003   PAD
    0x0803e540   0x0803e540   0x00000051   Data   RO         3613    .conststring        lv_mem.o
    0x0803e591   0x0803e591   0x00000003   PAD
    0x0803e594   0x0803e594   0x0000002d   Data   RO         4641    .conststring        lv_btnmatrix.o
    0x0803e5c1   0x0803e5c1   0x00000003   PAD
    0x0803e5c4   0x0803e5c4   0x00000190   Data   RO         5307    .conststring        lv_keyboard.o
    0x0803e754   0x0803e754   0x0000000b   Data   RO         8117    .conststring        lv_demo_keypad_encoder.o
    0x0803e75f   0x0803e75f   0x00000001   PAD
    0x0803e760   0x0803e760   0x00000020   Data   RO         8737    Region$$Table       anon$$obj.o


    Execution Region RW_IRAM1 (Exec base: 0x20000000, Load base: 0x0803e780, Size: 0x000068b8, Max: 0x00020000, ABSOLUTE, COMPRESSED[0x000000bc])

    Exec Addr    Load Addr    Size         Type   Attr      Idx    E Section Name        Object

    0x20000000   COMPRESSED   0x00000014   Data   RW          534    .data               system_stm32f4xx.o
    0x20000014   COMPRESSED   0x00000004   Data   RW          582    .data               lcd.o
    0x20000018   COMPRESSED   0x00000001   Data   RW          618    .data               key.o
    0x20000019   COMPRESSED   0x00000001   Data   RW          709    .data               gt9147.o
    0x2000001a   COMPRESSED   0x00000001   Data   RW          737    .data               ott2001a.o
    0x2000001b   COMPRESSED   0x00000001   Data   RW          761    .data               ft5206.o
    0x2000001c   COMPRESSED   0x00000036   Data   RW          786    .data               touch.o
    0x20000052   COMPRESSED   0x00000004   Data   RW         1068    .data               delay.o
    0x20000056   COMPRESSED   0x00000002   PAD
    0x20000058   COMPRESSED   0x00000006   Data   RW         1109    .data               usart.o
    0x2000005e   COMPRESSED   0x00000010   Data   RW         1209    .data               stm32f4xx_rcc.o
    0x2000006e   COMPRESSED   0x00000002   PAD
    0x20000070   COMPRESSED   0x00000008   Data   RW         1527    .data               lv_indev.o
    0x20000078   COMPRESSED   0x0000000c   Data   RW         1566    .data               lv_obj.o
    0x20000084   COMPRESSED   0x00000008   Data   RW         1662    .data               lv_refr.o
    0x2000008c   COMPRESSED   0x00000008   Data   RW         2015    .data               lv_draw_label.o
    0x20000094   COMPRESSED   0x00000002   Data   RW         2338    .data               lv_img_cache.o
    0x20000096   COMPRESSED   0x00000002   PAD
    0x20000098   COMPRESSED   0x00000010   Data   RW         2718    .data               lv_font_fmt_txt.o
    0x200000a8   COMPRESSED   0x00000034   Data   RW         2819    .data               lv_font_montserrat_14.o
    0x200000dc   COMPRESSED   0x00000004   Data   RW         3079    .data               lv_hal_disp.o
    0x200000e0   COMPRESSED   0x00000005   Data   RW         3332    .data               lv_hal_tick.o
    0x200000e5   COMPRESSED   0x00000003   PAD
    0x200000e8   COMPRESSED   0x0000000c   Data   RW         3353    .data               lv_anim.o
    0x200000f4   COMPRESSED   0x00000018   Data   RW         3543    .data               lv_gc.o
    0x2000010c   COMPRESSED   0x0000001e   Data   RW         3614    .data               lv_mem.o
    0x2000012a   COMPRESSED   0x00000002   PAD
    0x2000012c   COMPRESSED   0x00000018   Data   RW         3643    .data               lv_task.o
    0x20000144   COMPRESSED   0x00000020   Data   RW         3666    .data               lv_txt.o
    0x20000164   COMPRESSED   0x00000004   Data   RW         3760    .data               lv_theme.o
    0x20000168   COMPRESSED   0x00000005   Data   RW         4055    .data               lv_theme_material.o
    0x2000016d   COMPRESSED   0x00000003   PAD
    0x20000170   COMPRESSED   0x00000008   Data   RW         4510    .data               lv_bar.o
    0x20000178   COMPRESSED   0x00000008   Data   RW         4600    .data               lv_btn.o
    0x20000180   COMPRESSED   0x00000024   Data   RW         4642    .data               lv_btnmatrix.o
    0x200001a4   COMPRESSED   0x00000004   Data   RW         4833    .data               lv_checkbox.o
    0x200001a8   COMPRESSED   0x00000008   Data   RW         4868    .data               lv_cont.o
    0x200001b0   COMPRESSED   0x00000014   Data   RW         4961    .data               lv_dropdown.o
    0x200001c4   COMPRESSED   0x00000004   Data   RW         5150    .data               lv_img.o
    0x200001c8   COMPRESSED   0x00000024   Data   RW         5308    .data               lv_keyboard.o
    0x200001ec   COMPRESSED   0x00000004   Data   RW         5337    .data               lv_label.o
    0x200001f0   COMPRESSED   0x00000010   Data   RW         5540    .data               lv_list.o
    0x20000200   COMPRESSED   0x00000004   Data   RW         5591    .data               lv_msgbox.o
    0x20000204   COMPRESSED   0x00000008   Data   RW         5686    .data               lv_page.o
    0x2000020c   COMPRESSED   0x0000000c   Data   RW         5767    .data               lv_roller.o
    0x20000218   COMPRESSED   0x00000008   Data   RW         5793    .data               lv_slider.o
    0x20000220   COMPRESSED   0x00000008   Data   RW         5819    .data               lv_spinbox.o
    0x20000228   COMPRESSED   0x00000008   Data   RW         5896    .data               lv_switch.o
    0x20000230   COMPRESSED   0x00000010   Data   RW         5985    .data               lv_tabview.o
    0x20000240   COMPRESSED   0x00000014   Data   RW         6044    .data               lv_textarea.o
    0x20000254   COMPRESSED   0x00000008   Data   RW         6474    .data               lv_port_indev.o
    0x2000025c   COMPRESSED   0x00000020   Data   RW         8118    .data               lv_demo_keypad_encoder.o
    0x2000027c        -       0x0000000e   Zero   RW          580    .bss                lcd.o
    0x2000028a        -       0x000000c8   Zero   RW         1108    .bss                usart.o
    0x20000352        -       0x00000100   Zero   RW         2013    .bss                lv_draw_label.o
    0x20000452   COMPRESSED   0x00000002   PAD
    0x20000454        -       0x0000016c   Zero   RW         3542    .bss                lv_gc.o
    0x200005c0        -       0x00005820   Zero   RW         3612    .bss                lv_mem.o
    0x20005de0        -       0x00000028   Zero   RW         4053    .bss                lv_theme_material.o
    0x20005e08        -       0x00000024   Zero   RW         6192    .bss                lv_port_disp.o
    0x20005e2c        -       0x0000002c   Zero   RW         8115    .bss                lv_demo_keypad_encoder.o
    0x20005e58        -       0x00000060   Zero   RW         8599    .bss                c_w.l(libspace.o)
    0x20005eb8        -       0x00000200   Zero   RW         1137    HEAP                startup_stm32f40_41xxx.o
    0x200060b8        -       0x00000800   Zero   RW         1136    STACK               startup_stm32f40_41xxx.o



  Load Region LR$$.ARM.__AT_0x68000000 (Base: 0x68000000, Size: 0x00000000, Max: 0x000bb800, ABSOLUTE)

    Execution Region ER$$.ARM.__AT_0x68000000 (Exec base: 0x68000000, Load base: 0x68000000, Size: 0x000bb800, Max: 0x000bb800, ABSOLUTE, UNINIT)

    Exec Addr    Load Addr    Size         Type   Attr      Idx    E Section Name        Object

    0x68000000        -       0x000bb800   Zero   RW         6191    .ARM.__AT_0x68000000  lv_port_disp.o


==============================================================================

Image component sizes


      Code (inc. data)   RO Data    RW Data    ZI Data      Debug   Object Name

       378          0          0          0          0       2818   24cxx.o
       596         24          0          0          0       2085   ctiic.o
       260          8          0          4          0       1477   delay.o
       812         40         10          1          0       2535   ft5206.o
      1072         78        194          1          0       4306   gt9147.o
       260         12          0          1          0        876   key.o
     19584        174       6080          4         14      22874   lcd.o
        64          4          0          0          0        523   led.o
      1570         40          8         12          0      29875   lv_anim.o
         0          0          0          0          0      26250   lv_arc.o
      1970         22          0          0          0       6876   lv_area.o
        92          4          0          0          0       2586   lv_async.o
      3238         72          0          8          0      63851   lv_bar.o
         0          0          0          0          0       1372   lv_bidi.o
      1004         64          0          8          0      15502   lv_btn.o
      6132        106         45         36          0      45352   lv_btnmatrix.o
         0          0          0          0          0       3889   lv_calendar.o
         0          0          0          0          0        866   lv_canvas.o
       876         66          0          4          0      33263   lv_checkbox.o
      1004         10          2          0          0       9009   lv_color.o
      4030         54          0          8          0      46182   lv_cont.o
       232          6         17          0          0       2545   lv_debug.o
      1848        240         13         32         44      73847   lv_demo_keypad_encoder.o
      1336         32          0          0          0      66465   lv_disp.o
         0          0          0          0          0      14512   lv_draw_arc.o
      4232          8          0          0          0      42290   lv_draw_blend.o
      2948         54         10          0          0      46054   lv_draw_img.o
      3908         54        290          8        256      34425   lv_draw_label.o
      2954          4         33          0          0      32309   lv_draw_line.o
      5652         74          0          0          0      19402   lv_draw_mask.o
      9680         10          2          0          0      42847   lv_draw_rect.o
      6420        166          0         20          0      84055   lv_dropdown.o
        80          0          0          0          0       8777   lv_font.o
         0          0          0          0          0       7188   lv_font_dejavu_16_persian_hebrew.o
      2036         76          0         16          0       9781   lv_font_fmt_txt.o
         0          0      13320         52          0       2292   lv_font_montserrat_14.o
         0          0          0          0          0      14128   lv_gauge.o
       208         68          0         24        364       6295   lv_gc.o
      1456         36          0          0          0      37852   lv_group.o
       976         32          6          4          0      34321   lv_hal_disp.o
       304         24          0          0          0      25071   lv_hal_indev.o
        76         10          0          5          0       1592   lv_hal_tick.o
      4912         52          0          4          0      39099   lv_img.o
      4008         32          0          0          0      19523   lv_img_buf.o
       636         28          0          2          0       7207   lv_img_cache.o
      2192         44          0          0          0      18729   lv_img_decoder.o
      6760         56          0          8          0      22614   lv_indev.o
      1692        120       1286         36          0       7823   lv_keyboard.o
      6832        152          0          4          0      62087   lv_label.o
      4000        108          0         16          0      57308   lv_list.o
       836          0          0          0          0       5851   lv_ll.o
       532          4        182          0          0       3351   lv_math.o
      2432         94         81         30      22560       8143   lv_mem.o
      2506         86          0          4          0      49995   lv_msgbox.o
     19916        242          2         12          0     131321   lv_obj.o
      7492        108          0          8          0      71315   lv_page.o
       124         20          0          0     768036      30404   lv_port_disp.o
       124         18          0          8          0       1442   lv_port_indev.o
      2352         10          0          0          0       8023   lv_printf.o
      2728         22          0          8          0      45620   lv_refr.o
      5080        150          0         12          0      46231   lv_roller.o
      2936         70          0          8          0      36560   lv_slider.o
      2524         62          0          8          0      22427   lv_spinbox.o
      3524         16          0          0          0      22969   lv_style.o
      1572         70          0          8          0      34671   lv_switch.o
      4920        150          0         16          0      54232   lv_tabview.o
      1156         74          0         24          0       5670   lv_task.o
      8480        250          0         20          0      68365   lv_textarea.o
      1104         52          0          4          0      40291   lv_theme.o
     22200        506         70          5         40      66345   lv_theme_material.o
      2032         32          0         32          0      12567   lv_txt.o
       212          0          0          0          0       1593   lv_utils.o
        92          6          0          0          0     290503   main.o
       224         20          0          0          0       1817   misc.o
       604         14          0          0          0       1920   myiic.o
       904         66         10          1          0       2747   ott2001a.o
       760         20          0          0          0       1920   sram.o
        64         26        392          0       2560        836   startup_stm32f40_41xxx.o
      1480         18         28          0          0       5646   stm32f4xx_fsmc.o
       660         44          0          0          0       4157   stm32f4xx_gpio.o
        26          0          0          0          0       1222   stm32f4xx_it.o
      1628         52          0         16          0      13032   stm32f4xx_rcc.o
      3234         60          0          0          0      23012   stm32f4xx_tim.o
      1108         34          0          0          0       7880   stm32f4xx_usart.o
       528         46          0         20          0       1775   system_stm32f4xx.o
       124          4          0          0          0       1348   timer.o
      4320        228        125         54          0       6861   touch.o
       328         16          0          6        200       3298   usart.o

    ----------------------------------------------------------------------
    229200       4954      22266        636     794076    2298165   Object Totals
         0          0         32          0          0          0   (incl. Generated)
        14          0         28         14          2          0   (incl. Padding)

    ----------------------------------------------------------------------

      Code (inc. data)   RO Data    RW Data    ZI Data      Debug   Library Member Name

        90          0          0          0          0          0   __dczerorl2.o
         8          0          0          0          0         68   __main.o
       104          0          0          0          0         84   __printf.o
         0          0          0          0          0          0   __rtentry.o
        12          0          0          0          0          0   __rtentry2.o
         6          0          0          0          0          0   __rtentry4.o
        52          8          0          0          0          0   __scatter.o
        28          0          0          0          0          0   __scatter_zi.o
        44          0          0          0          0        108   _printf_char.o
        48          6          0          0          0         96   _printf_char_common.o
        36          4          0          0          0         80   _printf_char_file.o
         6          0          0          0          0          0   _printf_d.o
       120         16          0          0          0         92   _printf_dec.o
        88          4         40          0          0         88   _printf_hex_int.o
       178          0          0          0          0         88   _printf_intcommon.o
         0          0          0          0          0          0   _printf_percent.o
         4          0          0          0          0          0   _printf_percent_end.o
         6          0          0          0          0          0   _printf_s.o
        82          0          0          0          0         80   _printf_str.o
         6          0          0          0          0          0   _printf_x.o
        22          0          0          0          0        100   _rserrno.o
        18          0          0          0          0         80   exit.o
         8          0          0          0          0         68   ferror.o
         6          0          0          0          0        152   heapauxi.o
         2          0          0          0          0          0   libinit.o
         6          0          0          0          0          0   libinit2.o
         2          0          0          0          0          0   libshutdown.o
         2          0          0          0          0          0   libshutdown2.o
         8          4          0          0         96         68   libspace.o
       238          0          0          0          0        100   lludivv7m.o
        88          0          0          0          0         76   memcmp.o
        24          4          0          0          0         84   noretval__2printf.o
         8          4          0          0          0         68   rt_errno_addr_intlibspace.o
       100          0          0          0          0         80   rt_memcpy_w.o
         2          0          0          0          0          0   rtexit.o
        10          0          0          0          0          0   rtexit2.o
        24          0          0          0          0         68   strcat.o
       128          0          0          0          0         68   strcmpv7m.o
        72          0          0          0          0         80   strcpy.o
        62          0          0          0          0         76   strlen.o
        74          0          0          0          0         80   sys_stackheap_outer.o
         2          0          0          0          0         68   use_no_semi.o
         2          0          0          0          0         68   use_no_semi_2.o
       826         16          0          0          0        492   daddsub_clz.o
        24          0          0          0          0        116   dcmpi.o
        90          4          0          0          0        140   dfixu.o
        84          0          0          0          0        232   dflt_clz.o
       120          4          0          0          0        140   dleqf.o
       340         12          0          0          0        152   dmul.o
       156          4          0          0          0        140   dnaninf.o
        12          0          0          0          0        116   dretinf.o
       108          0          0          0          0        128   drleqf.o
       408         56          0          0          0        168   dsqrt_umaal.o
        86          4          0          0          0        132   f2d.o
       140          4          0          0          0        132   fnaninf.o
        10          0          0          0          0        116   fpinit.o
         0          0          0          0          0          0   usenofp.o
       122          0          0          0          0        148   sqrt.o

    ----------------------------------------------------------------------
      4364        154         42          0         96       4520   Library Totals
        12          0          2          0          0          0   (incl. Padding)

    ----------------------------------------------------------------------

      Code (inc. data)   RO Data    RW Data    ZI Data      Debug   Library Name

      1826         50         40          0         96       2168   c_w.l
      2404        104          0          0          0       2204   fz_wm.l
       122          0          0          0          0        148   m_wm.l

    ----------------------------------------------------------------------
      4364        154         42          0         96       4520   Library Totals

    ----------------------------------------------------------------------

==============================================================================


      Code (inc. data)   RO Data    RW Data    ZI Data      Debug   

    233564       5108      22308        636     794172    2285941   Grand Totals
    233564       5108      22308        188     794172    2285941   ELF Image Totals (compressed)
    233564       5108      22308        188          0          0   ROM Totals

==============================================================================

    Total RO  Size (Code + RO Data)               255872 ( 249.88kB)
    Total RW  Size (RW Data + ZI Data)            794808 ( 776.18kB)
    Total ROM Size (Code + RO Data + RW Data)     256060 ( 250.06kB)

==============================================================================

