Component: ARM Compiler 5.06 update 6 (build 750) Tool: armlink [4d35ed]

==============================================================================

Section Cross References

    main.o(.text) refers to misc.o(.text) for NVIC_PriorityGroupConfig
    main.o(.text) refers to delay.o(.text) for delay_init
    main.o(.text) refers to usart.o(.text) for uart_init
    main.o(.text) refers to led.o(.text) for LED_Init
    main.o(.text) refers to lcd.o(.text) for LCD_Init
    main.o(.text) refers to key.o(.text) for KEY_Init
    main.o(.text) refers to timer.o(.text) for TIM3_Int_Init
    main.o(.text) refers to sram.o(.text) for FSMC_SRAM_Init
    main.o(.text) refers to lv_obj.o(.text) for lv_init
    main.o(.text) refers to lv_port_disp.o(.text) for lv_port_disp_init
    main.o(.text) refers to lv_port_indev.o(.text) for lv_port_indev_init
    main.o(.text) refers to demo.o(.text) for demo_create
    main.o(.text) refers to lv_task.o(.text) for lv_task_handler
    main.o(.text) refers to touch.o(.data) for tp_dev
    system_stm32f4xx.o(.text) refers to system_stm32f4xx.o(.data) for SystemCoreClock
    led.o(.text) refers to stm32f4xx_rcc.o(.text) for RCC_AHB1PeriphClockCmd
    led.o(.text) refers to stm32f4xx_gpio.o(.text) for GPIO_Init
    lcd.o(.text) refers to _printf_percent.o(.ARM.Collect$$_printf_percent$$00000000) for _printf_percent
    lcd.o(.text) refers to _printf_x.o(.ARM.Collect$$_printf_percent$$0000000C) for _printf_x
    lcd.o(.text) refers to _printf_hex_int.o(.text) for _printf_longlong_hex
    lcd.o(.text) refers to delay.o(.text) for delay_us
    lcd.o(.text) refers to lcd.o(.bss) for lcddev
    lcd.o(.text) refers to lcd.o(.data) for POINT_COLOR
    lcd.o(.text) refers to dflt_clz.o(x$fpl$dfltu) for __aeabi_ui2d
    lcd.o(.text) refers to dmul.o(x$fpl$dmul) for __aeabi_dmul
    lcd.o(.text) refers to dfixu.o(x$fpl$dfixu) for __aeabi_d2uiz
    lcd.o(.text) refers to stm32f4xx_rcc.o(.text) for RCC_AHB1PeriphClockCmd
    lcd.o(.text) refers to stm32f4xx_gpio.o(.text) for GPIO_Init
    lcd.o(.text) refers to stm32f4xx_fsmc.o(.text) for FSMC_NORSRAMInit
    lcd.o(.text) refers to noretval__2printf.o(.text) for __2printf
    lcd.o(.text) refers to lcd.o(.constdata) for asc2_1206
    key.o(.text) refers to stm32f4xx_rcc.o(.text) for RCC_AHB1PeriphClockCmd
    key.o(.text) refers to stm32f4xx_gpio.o(.text) for GPIO_Init
    key.o(.text) refers to delay.o(.text) for delay_ms
    key.o(.text) refers to key.o(.data) for key_up
    myiic.o(.text) refers to stm32f4xx_rcc.o(.text) for RCC_AHB1PeriphClockCmd
    myiic.o(.text) refers to stm32f4xx_gpio.o(.text) for GPIO_Init
    myiic.o(.text) refers to delay.o(.text) for delay_us
    24cxx.o(.text) refers to myiic.o(.text) for IIC_Init
    24cxx.o(.text) refers to delay.o(.text) for delay_ms
    ctiic.o(.text) refers to delay.o(.text) for delay_us
    ctiic.o(.text) refers to stm32f4xx_rcc.o(.text) for RCC_AHB1PeriphClockCmd
    ctiic.o(.text) refers to stm32f4xx_gpio.o(.text) for GPIO_Init
    gt9147.o(.text) refers to _printf_percent.o(.ARM.Collect$$_printf_percent$$00000000) for _printf_percent
    gt9147.o(.text) refers to _printf_s.o(.ARM.Collect$$_printf_percent$$00000014) for _printf_s
    gt9147.o(.text) refers to _printf_str.o(.text) for _printf_str
    gt9147.o(.text) refers to _printf_d.o(.ARM.Collect$$_printf_percent$$00000009) for _printf_d
    gt9147.o(.text) refers to _printf_dec.o(.text) for _printf_int_dec
    gt9147.o(.text) refers to ctiic.o(.text) for CT_IIC_Start
    gt9147.o(.text) refers to stm32f4xx_rcc.o(.text) for RCC_AHB1PeriphClockCmd
    gt9147.o(.text) refers to stm32f4xx_gpio.o(.text) for GPIO_Init
    gt9147.o(.text) refers to delay.o(.text) for delay_ms
    gt9147.o(.text) refers to noretval__2printf.o(.text) for __2printf
    gt9147.o(.text) refers to strcmpv7m.o(.text) for strcmp
    gt9147.o(.text) refers to gt9147.o(.constdata) for GT9147_CFG_TBL
    gt9147.o(.text) refers to gt9147.o(.data) for t
    gt9147.o(.text) refers to touch.o(.data) for tp_dev
    gt9147.o(.text) refers to lcd.o(.bss) for lcddev
    ott2001a.o(.text) refers to _printf_percent.o(.ARM.Collect$$_printf_percent$$00000000) for _printf_percent
    ott2001a.o(.text) refers to _printf_x.o(.ARM.Collect$$_printf_percent$$0000000C) for _printf_x
    ott2001a.o(.text) refers to _printf_hex_int.o(.text) for _printf_longlong_hex
    ott2001a.o(.text) refers to ctiic.o(.text) for CT_IIC_Start
    ott2001a.o(.text) refers to stm32f4xx_rcc.o(.text) for RCC_AHB1PeriphClockCmd
    ott2001a.o(.text) refers to stm32f4xx_gpio.o(.text) for GPIO_Init
    ott2001a.o(.text) refers to delay.o(.text) for delay_ms
    ott2001a.o(.text) refers to noretval__2printf.o(.text) for __2printf
    ott2001a.o(.text) refers to dflt_clz.o(x$fpl$dflt) for __aeabi_i2d
    ott2001a.o(.text) refers to dmul.o(x$fpl$dmul) for __aeabi_dmul
    ott2001a.o(.text) refers to dfixu.o(x$fpl$dfixu) for __aeabi_d2uiz
    ott2001a.o(.text) refers to daddsub_clz.o(x$fpl$drsb) for __aeabi_drsub
[...]
    lv_obj_get_auto_realign                  0x0800d039   Thumb Code    12  lv_obj.o(.text)
    lv_obj_get_ext_click_pad_left            0x0800d045   Thumb Code     6  lv_obj.o(.text)
    lv_obj_get_ext_click_pad_right           0x0800d04b   Thumb Code     6  lv_obj.o(.text)
    lv_obj_get_ext_click_pad_top             0x0800d051   Thumb Code     6  lv_obj.o(.text)
    lv_obj_get_ext_click_pad_bottom          0x0800d057   Thumb Code     6  lv_obj.o(.text)
    lv_obj_get_ext_draw_pad                  0x0800d05d   Thumb Code     8  lv_obj.o(.text)
    lv_obj_get_click                         0x0800d065   Thumb Code    12  lv_obj.o(.text)
    lv_obj_get_top                           0x0800d071   Thumb Code    12  lv_obj.o(.text)
    lv_obj_get_drag                          0x0800d07d   Thumb Code    12  lv_obj.o(.text)
    lv_obj_get_drag_dir                      0x0800d089   Thumb Code    12  lv_obj.o(.text)
    lv_obj_get_drag_throw                    0x0800d095   Thumb Code    12  lv_obj.o(.text)
    lv_obj_get_drag_parent                   0x0800d0a1   Thumb Code    12  lv_obj.o(.text)
    lv_obj_get_parent_event                  0x0800d0ad   Thumb Code    10  lv_obj.o(.text)
    lv_obj_get_opa_scale_enable              0x0800d0b7   Thumb Code    12  lv_obj.o(.text)
    lv_obj_get_protect                       0x0800d0c3   Thumb Code     8  lv_obj.o(.text)
    lv_obj_get_signal_cb                     0x0800d0cb   Thumb Code     6  lv_obj.o(.text)
    lv_obj_get_design_cb                     0x0800d0d1   Thumb Code     6  lv_obj.o(.text)
    lv_obj_get_event_cb                      0x0800d0d7   Thumb Code     6  lv_obj.o(.text)
    lv_obj_get_ext_attr                      0x0800d0dd   Thumb Code     6  lv_obj.o(.text)
    lv_obj_get_type                          0x0800d0e3   Thumb Code    88  lv_obj.o(.text)
    lv_obj_is_focused                        0x0800d13b   Thumb Code    26  lv_obj.o(.text)
    lv_refr_init                             0x0800d165   Thumb Code     2  lv_refr.o(.text)
    lv_refr_get_disp_refreshing              0x0800d167   Thumb Code     6  lv_refr.o(.text)
    lv_disp_refr_task                        0x0800d6bd   Thumb Code   344  lv_refr.o(.text)
    lv_refr_now                              0x0800d815   Thumb Code    46  lv_refr.o(.text)
    lv_inv_area                              0x0800d843   Thumb Code   224  lv_refr.o(.text)
    lv_refr_set_disp_refreshing              0x0800d923   Thumb Code     6  lv_refr.o(.text)
    lv_style_copy                            0x0800da05   Thumb Code    18  lv_style.o(.text)
    lv_style_init                            0x0800da17   Thumb Code  1352  lv_style.o(.text)
    lv_style_mix                             0x0800df5f   Thumb Code   954  lv_style.o(.text)
    lv_style_anim_init                       0x0800e359   Thumb Code    80  lv_style.o(.text)
    lv_style_anim_set_styles                 0x0800e3a9   Thumb Code    52  lv_style.o(.text)
    lv_draw_get_buf                          0x0800e3ed   Thumb Code    84  lv_draw.o(.text)
    lv_draw_free_buf                         0x0800e441   Thumb Code    28  lv_draw.o(.text)
    lv_draw_aa_get_opa                       0x0800e45d   Thumb Code    48  lv_draw.o(.text)
    lv_draw_aa_ver_seg                       0x0800e48d   Thumb Code    92  lv_draw.o(.text)
    lv_draw_aa_hor_seg                       0x0800e4e9   Thumb Code    92  lv_draw.o(.text)
    lv_draw_px                               0x0800e5cd   Thumb Code   214  lv_draw_basic.o(.text)
    lv_draw_fill                             0x0800e7eb   Thumb Code   158  lv_draw_basic.o(.text)
    lv_draw_letter                           0x0800e889   Thumb Code   848  lv_draw_basic.o(.text)
    lv_draw_map                              0x0800ec29   Thumb Code   798  lv_draw_basic.o(.text)
    lv_img_color_format_has_alpha            0x0800ef55   Thumb Code    56  lv_draw_img.o(.text)
    lv_img_color_format_is_chroma_keyed      0x0800ef8d   Thumb Code    44  lv_draw_img.o(.text)
    lv_draw_img                              0x0800f139   Thumb Code   140  lv_draw_img.o(.text)
    lv_img_color_format_get_px_size          0x0800f1c5   Thumb Code    76  lv_draw_img.o(.text)
    lv_img_buf_get_px_color                  0x0800f211   Thumb Code   420  lv_draw_img.o(.text)
    lv_img_buf_get_px_alpha                  0x0800f3b5   Thumb Code   354  lv_draw_img.o(.text)
    lv_img_buf_set_px_color                  0x0800f517   Thumb Code   372  lv_draw_img.o(.text)
    lv_img_buf_set_px_alpha                  0x0800f68b   Thumb Code   314  lv_draw_img.o(.text)
    lv_img_buf_set_palette                   0x0800f7c5   Thumb Code   126  lv_draw_img.o(.text)
    lv_img_src_get_type                      0x0800f843   Thumb Code    64  lv_draw_img.o(.text)
    lv_draw_label                            0x0800f8e1   Thumb Code  1230  lv_draw_label.o(.text)
    lv_draw_line                             0x08010f0d   Thumb Code   826  lv_draw_line.o(.text)
    lv_draw_rect                             0x08013ebd   Thumb Code   144  lv_draw_rect.o(.text)
    tri_draw_flat                            0x08013f97   Thumb Code  1112  lv_draw_triangle.o(.text)
    tri_draw_tall                            0x080143ef   Thumb Code   928  lv_draw_triangle.o(.text)
    lv_draw_triangle                         0x0801478f   Thumb Code   442  lv_draw_triangle.o(.text)
    lv_draw_polygon                          0x08014949   Thumb Code   108  lv_draw_triangle.o(.text)
    lv_img_cache_open                        0x080149b5   Thumb Code   290  lv_img_cache.o(.text)
    lv_img_cache_invalidate_src              0x08014ad7   Thumb Code    94  lv_img_cache.o(.text)
    lv_img_cache_set_size                    0x08014b35   Thumb Code   122  lv_img_cache.o(.text)
    lv_img_decoder_built_in_close            0x08014bbd   Thumb Code    32  lv_img_decoder.o(.text)
    lv_img_decoder_set_close_cb              0x08014bdd   Thumb Code     4  lv_img_decoder.o(.text)
    lv_img_decoder_built_in_read_line        0x08014ef7   Thumb Code   200  lv_img_decoder.o(.text)
    lv_img_decoder_set_read_line_cb          0x08014fbf   Thumb Code     4  lv_img_decoder.o(.text)
    lv_img_decoder_built_in_open             0x08014fc3   Thumb Code   294  lv_img_decoder.o(.text)
    lv_img_decoder_set_open_cb               0x080150e9   Thumb Code     4  lv_img_decoder.o(.text)
    lv_img_decoder_built_in_info             0x080150ed   Thumb Code   148  lv_img_decoder.o(.text)
    lv_img_decoder_set_info_cb               0x08015181   Thumb Code     4  lv_img_decoder.o(.text)
    lv_img_decoder_create                    0x08015185   Thumb Code    36  lv_img_decoder.o(.text)
    lv_img_decoder_init                      0x080151a9   Thumb Code    70  lv_img_decoder.o(.text)
    lv_img_decoder_get_info                  0x080151ef   Thumb Code    74  lv_img_decoder.o(.text)
    lv_img_decoder_open                      0x08015239   Thumb Code   128  lv_img_decoder.o(.text)
    lv_img_decoder_read_line                 0x080152b9   Thumb Code    52  lv_img_decoder.o(.text)
    lv_img_decoder_close                     0x080152ed   Thumb Code    24  lv_img_decoder.o(.text)
    lv_img_decoder_delete                    0x08015305   Thumb Code    20  lv_img_decoder.o(.text)
    lv_font_get_glyph_bitmap                 0x0801531d   Thumb Code    16  lv_font.o(.text)
    lv_font_get_glyph_dsc                    0x0801532d   Thumb Code    30  lv_font.o(.text)
    lv_font_get_glyph_width                  0x0801534b   Thumb Code    38  lv_font.o(.text)
    lv_font_get_bitmap_fmt_txt               0x08015511   Thumb Code    52  lv_font_fmt_txt.o(.text)
    lv_font_get_glyph_dsc_fmt_txt            0x08015653   Thumb Code   132  lv_font_fmt_txt.o(.text)
    lv_disp_drv_init                         0x080156e5   Thumb Code    68  lv_hal_disp.o(.text)
    lv_disp_buf_init                         0x08015729   Thumb Code    34  lv_hal_disp.o(.text)
    lv_disp_drv_register                     0x0801574b   Thumb Code   184  lv_hal_disp.o(.text)
    lv_disp_get_default                      0x08015803   Thumb Code     6  lv_hal_disp.o(.text)
    lv_disp_get_ver_res                      0x08015809   Thumb Code    40  lv_hal_disp.o(.text)
    lv_disp_get_hor_res                      0x08015831   Thumb Code    40  lv_hal_disp.o(.text)
    lv_disp_drv_update                       0x08015859   Thumb Code    76  lv_hal_disp.o(.text)
    lv_disp_set_default                      0x080158a5   Thumb Code     6  lv_hal_disp.o(.text)
    lv_disp_remove                           0x080158ab   Thumb Code    82  lv_hal_disp.o(.text)
    lv_disp_get_antialiasing                 0x080158fd   Thumb Code    26  lv_hal_disp.o(.text)
    lv_disp_flush_ready                      0x08015917   Thumb Code    14  lv_hal_disp.o(.text)
    lv_disp_get_next                         0x08015925   Thumb Code    24  lv_hal_disp.o(.text)
    lv_disp_get_buf                          0x0801593d   Thumb Code     6  lv_hal_disp.o(.text)
    lv_disp_get_inv_buf_size                 0x08015943   Thumb Code    12  lv_hal_disp.o(.text)
    lv_disp_pop_from_inv_buf                 0x0801594f   Thumb Code    36  lv_hal_disp.o(.text)
    lv_disp_is_double_buf                    0x08015973   Thumb Code    22  lv_hal_disp.o(.text)
    lv_disp_is_true_double_buf               0x08015989   Thumb Code    36  lv_hal_disp.o(.text)
    lv_indev_drv_init                        0x080159c1   Thumb Code    36  lv_hal_indev.o(.text)
    lv_indev_drv_register                    0x080159e5   Thumb Code   100  lv_hal_indev.o(.text)
    lv_indev_drv_update                      0x08015a49   Thumb Code    18  lv_hal_indev.o(.text)
    lv_indev_get_next                        0x08015a5b   Thumb Code    24  lv_hal_indev.o(.text)
    lv_indev_read                            0x08015a73   Thumb Code    62  lv_hal_indev.o(.text)
    lv_tick_inc                              0x08015ab9   Thumb Code    18  lv_hal_tick.o(.text)
    lv_tick_get                              0x08015acb   Thumb Code    22  lv_hal_tick.o(.text)
    lv_tick_elaps                            0x08015ae1   Thumb Code    26  lv_hal_tick.o(.text)
    lv_anim_core_init                        0x08015c73   Thumb Code    32  lv_anim.o(.text)
    lv_anim_path_linear                      0x08015c93   Thumb Code    52  lv_anim.o(.text)
    lv_anim_init                             0x08015cc7   Thumb Code    34  lv_anim.o(.text)
    lv_anim_del                              0x08015ce9   Thumb Code    80  lv_anim.o(.text)
    lv_anim_create                           0x08015d39   Thumb Code    80  lv_anim.o(.text)
    lv_anim_count_running                    0x08015d89   Thumb Code    40  lv_anim.o(.text)
    lv_anim_speed_to_time                    0x08015db1   Thumb Code    48  lv_anim.o(.text)
    lv_anim_path_ease_in                     0x08015de1   Thumb Code    72  lv_anim.o(.text)
    lv_anim_path_ease_out                    0x08015e29   Thumb Code    72  lv_anim.o(.text)
    lv_anim_path_ease_in_out                 0x08015e71   Thumb Code    74  lv_anim.o(.text)
    lv_anim_path_overshoot                   0x08015ebb   Thumb Code    76  lv_anim.o(.text)
    lv_anim_path_bounce                      0x08015f07   Thumb Code   256  lv_anim.o(.text)
    lv_anim_path_step                        0x08016007   Thumb Code    24  lv_anim.o(.text)
    lv_area_set                              0x0801601f   Thumb Code    14  lv_area.o(.text)
    lv_area_set_width                        0x0801602d   Thumb Code    12  lv_area.o(.text)
    lv_area_set_height                       0x08016039   Thumb Code    12  lv_area.o(.text)
    lv_area_set_pos                          0x08016045   Thumb Code    58  lv_area.o(.text)
    lv_area_get_size                         0x0801607f   Thumb Code    34  lv_area.o(.text)
    lv_area_intersect                        0x080160a1   Thumb Code   130  lv_area.o(.text)
    lv_area_join                             0x08016123   Thumb Code   100  lv_area.o(.text)
    lv_area_is_point_on                      0x08016187   Thumb Code    58  lv_area.o(.text)
    lv_area_is_on                            0x080161c1   Thumb Code    58  lv_area.o(.text)
    lv_area_is_in                            0x080161fb   Thumb Code    58  lv_area.o(.text)
    lv_async_call                            0x08016249   Thumb Code    66  lv_async.o(.text)
    lv_circ_init                             0x08016291   Thumb Code    16  lv_circ.o(.text)
    lv_circ_cont                             0x080162a1   Thumb Code    22  lv_circ.o(.text)
    lv_circ_next                             0x080162b7   Thumb Code    60  lv_circ.o(.text)
    lv_ll_init                               0x080162f3   Thumb Code    22  lv_ll.o(.text)
    lv_ll_ins_head                           0x08016365   Thumb Code    64  lv_ll.o(.text)
    lv_ll_get_prev                           0x080163a5   Thumb Code    20  lv_ll.o(.text)
    lv_ll_get_head                           0x080163b9   Thumb Code    10  lv_ll.o(.text)
    lv_ll_ins_prev                           0x080163c3   Thumb Code   114  lv_ll.o(.text)
    lv_ll_ins_tail                           0x08016435   Thumb Code    70  lv_ll.o(.text)
    lv_ll_get_next                           0x0801647b   Thumb Code    22  lv_ll.o(.text)
    lv_ll_get_tail                           0x08016491   Thumb Code    10  lv_ll.o(.text)
    lv_ll_rem                                0x0801649b   Thumb Code   138  lv_ll.o(.text)
    lv_ll_clear                              0x08016525   Thumb Code    48  lv_ll.o(.text)
    lv_ll_chg_list                           0x08016555   Thumb Code   112  lv_ll.o(.text)
    lv_ll_get_len                            0x080165c5   Thumb Code    36  lv_ll.o(.text)
    lv_ll_swap                               0x080165e9   Thumb Code     2  lv_ll.o(.text)
    lv_ll_move_before                        0x080165eb   Thumb Code   106  lv_ll.o(.text)
    lv_ll_is_empty                           0x08016655   Thumb Code    24  lv_ll.o(.text)
    lv_trigo_sin                             0x0801666d   Thumb Code   106  lv_math.o(.text)
    lv_bezier3                               0x080166d7   Thumb Code    94  lv_math.o(.text)
    lv_mem_init                              0x08016739   Thumb Code    32  lv_mem.o(.text)
    lv_mem_alloc                             0x080167ff   Thumb Code    70  lv_mem.o(.text)
    lv_mem_get_size                          0x08016845   Thumb Code    26  lv_mem.o(.text)
    lv_mem_free                              0x0801685f   Thumb Code   110  lv_mem.o(.text)
    lv_mem_realloc                           0x080168cd   Thumb Code   108  lv_mem.o(.text)
    lv_mem_defrag                            0x08016939   Thumb Code   110  lv_mem.o(.text)
    lv_mem_monitor                           0x080169a7   Thumb Code   132  lv_mem.o(.text)
    lv_task_enable                           0x08016a39   Thumb Code     6  lv_task.o(.text)
    lv_task_core_init                        0x08016a3f   Thumb Code    18  lv_task.o(.text)
    lv_task_del                              0x08016a51   Thumb Code    34  lv_task.o(.text)
    lv_task_handler                          0x08016abb   Thumb Code   330  lv_task.o(.text)
    lv_task_create_basic                     0x08016c05   Thumb Code   156  lv_task.o(.text)
    lv_task_set_prio                         0x08016ca1   Thumb Code    94  lv_task.o(.text)
    lv_task_set_period                       0x08016cff   Thumb Code     4  lv_task.o(.text)
    lv_task_set_cb                           0x08016d03   Thumb Code     4  lv_task.o(.text)
    lv_task_create                           0x08016d07   Thumb Code    62  lv_task.o(.text)
    lv_task_ready                            0x08016d45   Thumb Code    18  lv_task.o(.text)
    lv_task_once                             0x08016d57   Thumb Code    12  lv_task.o(.text)
    lv_task_reset                            0x08016d63   Thumb Code    12  lv_task.o(.text)
    lv_task_get_idle                         0x08016d6f   Thumb Code     6  lv_task.o(.text)
    lv_txt_is_cmd                            0x08016d9d   Thumb Code    66  lv_txt.o(.text)
    lv_txt_get_width                         0x08016ddf   Thumb Code   140  lv_txt.o(.text)
    lv_txt_get_next_line                     0x08016e6b   Thumb Code   272  lv_txt.o(.text)
    lv_txt_get_size                          0x08016f7b   Thumb Code   204  lv_txt.o(.text)
    lv_txt_ins                               0x08017047   Thumb Code    74  lv_txt.o(.text)
    lv_txt_cut                               0x08017091   Thumb Code    66  lv_txt.o(.text)
    lv_utils_num_to_str                      0x08017421   Thumb Code   128  lv_utils.o(.text)
    lv_utils_bsearch                         0x080174a1   Thumb Code    84  lv_utils.o(.text)
    lv_bar_set_value                         0x0801752d   Thumb Code   204  lv_bar.o(.text)
    lv_bar_set_style                         0x080175f9   Thumb Code    52  lv_bar.o(.text)
    lv_bar_get_style                         0x0801762d   Thumb Code    52  lv_bar.o(.text)
    lv_bar_create                            0x08017a05   Thumb Code   264  lv_bar.o(.text)
    lv_bar_set_range                         0x08017b0d   Thumb Code    96  lv_bar.o(.text)
    lv_bar_set_sym                           0x08017b6d   Thumb Code    18  lv_bar.o(.text)
    lv_bar_set_anim_time                     0x08017b7f   Thumb Code    20  lv_bar.o(.text)
    lv_bar_get_value                         0x08017b93   Thumb Code    32  lv_bar.o(.text)
    lv_bar_get_min_value                     0x08017bb3   Thumb Code    18  lv_bar.o(.text)
    lv_bar_get_max_value                     0x08017bc5   Thumb Code    18  lv_bar.o(.text)
    lv_bar_get_sym                           0x08017bd7   Thumb Code    20  lv_bar.o(.text)
    lv_bar_get_anim_time                     0x08017beb   Thumb Code    18  lv_bar.o(.text)
    lv_btn_set_style                         0x08017c1d   Thumb Code    76  lv_btn.o(.text)
    lv_btn_set_state                         0x08017c9d   Thumb Code    46  lv_btn.o(.text)
    lv_btn_get_toggle                        0x08017ccb   Thumb Code    20  lv_btn.o(.text)
    lv_btn_create                            0x08017efb   Thumb Code   294  lv_btn.o(.text)
    lv_btn_set_toggle                        0x08018021   Thumb Code    24  lv_btn.o(.text)
    lv_btn_toggle                            0x08018039   Thumb Code   124  lv_btn.o(.text)
    lv_btn_set_ink_in_time                   0x080180b5   Thumb Code     2  lv_btn.o(.text)
    lv_btn_set_ink_wait_time                 0x080180b7   Thumb Code     2  lv_btn.o(.text)
    lv_btn_set_ink_out_time                  0x080180b9   Thumb Code     2  lv_btn.o(.text)
    lv_btn_get_state                         0x080180bb   Thumb Code    20  lv_btn.o(.text)
    lv_btn_get_ink_in_time                   0x080180cf   Thumb Code     6  lv_btn.o(.text)
    lv_btn_get_ink_wait_time                 0x080180d5   Thumb Code     6  lv_btn.o(.text)
    lv_btn_get_ink_out_time                  0x080180db   Thumb Code     6  lv_btn.o(.text)
    lv_btn_get_style                         0x080180e1   Thumb Code   132  lv_btn.o(.text)
    lv_btnm_get_map_array                    0x08018165   Thumb Code    16  lv_btnm.o(.text)
    lv_btnm_get_style                        0x08018185   Thumb Code    74  lv_btnm.o(.text)
    lv_btnm_set_map                          0x080182bb   Thumb Code   560  lv_btnm.o(.text)
    lv_btnm_set_style                        0x080184eb   Thumb Code    98  lv_btnm.o(.text)
    lv_btnm_set_btn_ctrl                     0x0801899d   Thumb Code    54  lv_btnm.o(.text)
    lv_btnm_clear_btn_ctrl                   0x080189d3   Thumb Code    54  lv_btnm.o(.text)
    lv_btnm_clear_btn_ctrl_all               0x08018a09   Thumb Code    44  lv_btnm.o(.text)
    lv_btnm_get_btn_ctrl                     0x08018a35   Thumb Code    48  lv_btnm.o(.text)
    lv_btnm_create                           0x08018f3f   Thumb Code   324  lv_btnm.o(.text)
    lv_btnm_set_ctrl_map                     0x08019083   Thumb Code    36  lv_btnm.o(.text)
    lv_btnm_set_pressed                      0x080190a7   Thumb Code    50  lv_btnm.o(.text)
    lv_btnm_set_recolor                      0x080190d9   Thumb Code    34  lv_btnm.o(.text)
    lv_btnm_set_btn_ctrl_all                 0x080190fb   Thumb Code    44  lv_btnm.o(.text)
    lv_btnm_set_btn_width                    0x08019127   Thumb Code    74  lv_btnm.o(.text)
    lv_btnm_set_one_toggle                   0x08019171   Thumb Code    36  lv_btnm.o(.text)
    lv_btnm_get_recolor                      0x08019195   Thumb Code    22  lv_btnm.o(.text)
    lv_btnm_get_active_btn                   0x080191ab   Thumb Code    16  lv_btnm.o(.text)
    lv_btnm_get_btn_text                     0x080191bb   Thumb Code    84  lv_btnm.o(.text)
    lv_btnm_get_active_btn_text              0x0801920f   Thumb Code    36  lv_btnm.o(.text)
    lv_btnm_get_pressed_btn                  0x08019233   Thumb Code    16  lv_btnm.o(.text)
    lv_btnm_get_one_toggle                   0x08019243   Thumb Code    22  lv_btnm.o(.text)
    lv_chart_create                          0x0801a1dd   Thumb Code   304  lv_chart.o(.text)
    lv_chart_add_series                      0x0801a30d   Thumb Code   134  lv_chart.o(.text)
    lv_chart_clear_serie                     0x0801a393   Thumb Code    58  lv_chart.o(.text)
    lv_chart_set_div_line_count              0x0801a3cd   Thumb Code    48  lv_chart.o(.text)
    lv_chart_refresh                         0x0801a3fd   Thumb Code    12  lv_chart.o(.text)
    lv_chart_set_range                       0x0801a409   Thumb Code    52  lv_chart.o(.text)
    lv_chart_set_type                        0x0801a43d   Thumb Code    34  lv_chart.o(.text)
    lv_chart_set_point_count                 0x0801a45f   Thumb Code   304  lv_chart.o(.text)
    lv_chart_set_series_opa                  0x0801a58f   Thumb Code    38  lv_chart.o(.text)
    lv_chart_set_series_width                0x0801a5b5   Thumb Code    36  lv_chart.o(.text)
    lv_chart_set_series_darking              0x0801a5d9   Thumb Code    38  lv_chart.o(.text)
    lv_chart_init_points                     0x0801a5ff   Thumb Code    54  lv_chart.o(.text)
    lv_chart_set_points                      0x0801a635   Thumb Code    44  lv_chart.o(.text)
    lv_chart_set_next                        0x0801a7f3   Thumb Code   180  lv_chart.o(.text)
    lv_chart_set_update_mode                 0x0801a8a7   Thumb Code    42  lv_chart.o(.text)
    lv_chart_set_x_tick_length               0x0801a8d1   Thumb Code    30  lv_chart.o(.text)
    lv_chart_set_y_tick_length               0x0801a8ef   Thumb Code    26  lv_chart.o(.text)
    lv_chart_set_x_tick_texts                0x0801a909   Thumb Code    34  lv_chart.o(.text)
    lv_chart_set_y_tick_texts                0x0801a92b   Thumb Code    30  lv_chart.o(.text)
    lv_chart_set_margin                      0x0801a949   Thumb Code    24  lv_chart.o(.text)
    lv_chart_get_type                        0x0801a961   Thumb Code    16  lv_chart.o(.text)
    lv_chart_get_point_cnt                   0x0801a971   Thumb Code    16  lv_chart.o(.text)
    lv_chart_get_series_opa                  0x0801a981   Thumb Code    18  lv_chart.o(.text)
    lv_chart_get_series_width                0x0801a993   Thumb Code    18  lv_chart.o(.text)
    lv_chart_get_series_darking              0x0801a9a5   Thumb Code    18  lv_chart.o(.text)
    lv_chart_get_margin                      0x0801a9b7   Thumb Code    16  lv_chart.o(.text)
    lv_cont_get_layout                       0x0801b0b9   Thumb Code    20  lv_cont.o(.text)
    lv_cont_create                           0x0801b441   Thumb Code   240  lv_cont.o(.text)
    lv_cont_set_layout                       0x0801b531   Thumb Code    48  lv_cont.o(.text)
    lv_cont_set_fit4                         0x0801b561   Thumb Code   120  lv_cont.o(.text)
    lv_cont_get_fit_left                     0x0801b5d9   Thumb Code    20  lv_cont.o(.text)
    lv_cont_get_fit_right                    0x0801b5ed   Thumb Code    18  lv_cont.o(.text)
    lv_cont_get_fit_top                      0x0801b5ff   Thumb Code    20  lv_cont.o(.text)
    lv_cont_get_fit_bottom                   0x0801b613   Thumb Code    20  lv_cont.o(.text)
    lv_img_get_auto_size                     0x0801b659   Thumb Code    20  lv_img.o(.text)
    lv_img_set_src                           0x0801b66d   Thumb Code   330  lv_img.o(.text)
    lv_img_create                            0x0801b9e9   Thumb Code   238  lv_img.o(.text)
    lv_img_set_auto_size                     0x0801bad7   Thumb Code    24  lv_img.o(.text)
    lv_img_set_offset_x                      0x0801baef   Thumb Code    34  lv_img.o(.text)
    lv_img_set_offset_y                      0x0801bb11   Thumb Code    34  lv_img.o(.text)
    lv_img_get_src                           0x0801bb33   Thumb Code    16  lv_img.o(.text)
    lv_img_get_file_name                     0x0801bb43   Thumb Code    30  lv_img.o(.text)
    lv_img_get_offset_x                      0x0801bb61   Thumb Code    18  lv_img.o(.text)
    lv_img_get_offset_y                      0x0801bb73   Thumb Code    18  lv_img.o(.text)
    lv_kb_set_style                          0x0801bba1   Thumb Code    98  lv_kb.o(.text)
    lv_kb_set_ta                             0x0801bc03   Thumb Code    86  lv_kb.o(.text)
    lv_kb_def_event_cb                       0x0801bc59   Thumb Code   524  lv_kb.o(.text)
    lv_kb_create                             0x0801bf13   Thumb Code   312  lv_kb.o(.text)
    lv_kb_set_mode                           0x0801c04b   Thumb Code   170  lv_kb.o(.text)
    lv_kb_set_cursor_manage                  0x0801c0f5   Thumb Code    86  lv_kb.o(.text)
    lv_kb_get_ta                             0x0801c14b   Thumb Code    16  lv_kb.o(.text)
    lv_kb_get_mode                           0x0801c15b   Thumb Code    18  lv_kb.o(.text)
    lv_kb_get_cursor_manage                  0x0801c16d   Thumb Code    22  lv_kb.o(.text)
    lv_kb_get_style                          0x0801c183   Thumb Code   104  lv_kb.o(.text)
    lv_label_get_text                        0x0801c279   Thumb Code    16  lv_label.o(.text)
    lv_label_get_letter_on                   0x0801c289   Thumb Code   386  lv_label.o(.text)
    lv_label_set_static_text                 0x0801c833   Thumb Code    58  lv_label.o(.text)
    lv_label_set_text                        0x0801c86d   Thumb Code   152  lv_label.o(.text)
    lv_label_get_align                       0x0801c905   Thumb Code    20  lv_label.o(.text)
    lv_label_set_align                       0x0801c919   Thumb Code    44  lv_label.o(.text)
    lv_label_get_body_draw                   0x0801c945   Thumb Code    20  lv_label.o(.text)
    lv_label_set_body_draw                   0x0801c959   Thumb Code    50  lv_label.o(.text)
    lv_label_get_recolor                     0x0801c98b   Thumb Code    20  lv_label.o(.text)
    lv_label_set_recolor                     0x0801c99f   Thumb Code    44  lv_label.o(.text)
    lv_label_get_long_mode                   0x0801c9cb   Thumb Code    20  lv_label.o(.text)
    lv_label_set_long_mode                   0x0801ca6f   Thumb Code   128  lv_label.o(.text)
    lv_label_get_text_sel_end                0x0801cc45   Thumb Code     8  lv_label.o(.text)
    lv_label_get_text_sel_start              0x0801cc4d   Thumb Code     8  lv_label.o(.text)
    lv_label_create                          0x0801cecf   Thumb Code   490  lv_label.o(.text)
    lv_label_set_array_text                  0x0801d0b9   Thumb Code   120  lv_label.o(.text)
    lv_label_set_anim_speed                  0x0801d131   Thumb Code    54  lv_label.o(.text)
    lv_label_set_text_sel_start              0x0801d167   Thumb Code     2  lv_label.o(.text)
    lv_label_set_text_sel_end                0x0801d169   Thumb Code     2  lv_label.o(.text)
    lv_label_get_anim_speed                  0x0801d16b   Thumb Code    16  lv_label.o(.text)
    lv_label_get_letter_pos                  0x0801d17b   Thumb Code   408  lv_label.o(.text)
    lv_label_is_char_under_pos               0x0801d313   Thumb Code   448  lv_label.o(.text)
    lv_label_ins_text                        0x0801d4d3   Thumb Code   120  lv_label.o(.text)
    lv_label_cut_text                        0x0801d54b   Thumb Code    64  lv_label.o(.text)
    lv_list_get_prev_btn                     0x0801d5f7   Thumb Code    66  lv_list.o(.text)
    lv_list_set_style                        0x0801d639   Thumb Code   196  lv_list.o(.text)
    lv_list_get_next_btn                     0x0801d6fd   Thumb Code    66  lv_list.o(.text)
    lv_list_get_btn_label                    0x0801d77d   Thumb Code    52  lv_list.o(.text)
    lv_list_get_btn_text                     0x0801d7b1   Thumb Code    26  lv_list.o(.text)
    lv_list_set_btn_selected                 0x0801d7cb   Thumb Code   124  lv_list.o(.text)
    lv_list_get_btn_selected                 0x0801d847   Thumb Code    16  lv_list.o(.text)
    lv_list_add_btn                          0x0801d9ed   Thumb Code   348  lv_list.o(.text)
    lv_list_get_btn_img                      0x0801db87   Thumb Code    52  lv_list.o(.text)
    lv_list_create                           0x0801de95   Thumb Code   478  lv_list.o(.text)
    lv_list_clean                            0x0801e073   Thumb Code    34  lv_list.o(.text)
    lv_list_remove                           0x0801e095   Thumb Code    90  lv_list.o(.text)
    lv_list_set_single_mode                  0x0801e0ef   Thumb Code    20  lv_list.o(.text)
    lv_list_get_single_mode                  0x0801e103   Thumb Code    22  lv_list.o(.text)
    lv_list_get_btn_index                    0x0801e119   Thumb Code    68  lv_list.o(.text)
    lv_list_get_size                         0x0801e15d   Thumb Code    18  lv_list.o(.text)
    lv_list_get_style                        0x0801e16f   Thumb Code   116  lv_list.o(.text)
    lv_list_up                               0x0801e1e3   Thumb Code   260  lv_list.o(.text)
    lv_list_down                             0x0801e2e7   Thumb Code   166  lv_list.o(.text)
    lv_list_focus                            0x0801e38d   Thumb Code    50  lv_list.o(.text)
    lv_mbox_get_style                        0x0801e3ed   Thumb Code   128  lv_mbox.o(.text)
    lv_mbox_set_style                        0x0801e4e5   Thumb Code   128  lv_mbox.o(.text)
    lv_mbox_get_anim_time                    0x0801e571   Thumb Code    16  lv_mbox.o(.text)
    lv_mbox_start_auto_close                 0x0801e581   Thumb Code   230  lv_mbox.o(.text)
    lv_mbox_get_active_btn                   0x0801e667   Thumb Code    30  lv_mbox.o(.text)
    lv_mbox_create                           0x0801e7db   Thumb Code   272  lv_mbox.o(.text)
    lv_mbox_add_btns                         0x0801e931   Thumb Code   176  lv_mbox.o(.text)
    lv_mbox_set_text                         0x0801e9e1   Thumb Code    30  lv_mbox.o(.text)
    lv_mbox_set_anim_time                    0x0801e9ff   Thumb Code    20  lv_mbox.o(.text)
    lv_mbox_stop_auto_close                  0x0801ea13   Thumb Code    14  lv_mbox.o(.text)
    lv_mbox_set_recolor                      0x0801ea21   Thumb Code    28  lv_mbox.o(.text)
    lv_mbox_get_text                         0x0801ea3d   Thumb Code    20  lv_mbox.o(.text)
    lv_mbox_get_active_btn_text              0x0801ea51   Thumb Code    28  lv_mbox.o(.text)
    lv_mbox_get_recolor                      0x0801ea6d   Thumb Code    28  lv_mbox.o(.text)
    lv_mbox_get_btnm                         0x0801ea89   Thumb Code    16  lv_mbox.o(.text)
    lv_page_get_scrl                         0x0801eaa1   Thumb Code    16  lv_page.o(.text)
    lv_page_get_style                        0x0801eec1   Thumb Code    74  lv_page.o(.text)
    lv_page_scroll_hor                       0x0801f1d7   Thumb Code   100  lv_page.o(.text)
    lv_page_scroll_ver                       0x0801f23b   Thumb Code   100  lv_page.o(.text)
    lv_page_set_style                        0x0801f593   Thumb Code   114  lv_page.o(.text)
    lv_page_set_sb_mode                      0x0801f605   Thumb Code   124  lv_page.o(.text)
    lv_page_start_edge_flash                 0x0801f6d7   Thumb Code   112  lv_page.o(.text)
    lv_page_create                           0x0801fd45   Thumb Code   554  lv_page.o(.text)
    lv_page_clean                            0x0801ff6f   Thumb Code    20  lv_page.o(.text)
    lv_page_set_anim_time                    0x0801ff83   Thumb Code    18  lv_page.o(.text)
    lv_page_set_scroll_propagation           0x0801ff95   Thumb Code    28  lv_page.o(.text)
    lv_page_set_edge_flash                   0x0801ffb1   Thumb Code    28  lv_page.o(.text)
    lv_page_get_anim_time                    0x0801ffcd   Thumb Code    16  lv_page.o(.text)
    lv_page_get_sb_mode                      0x0801ffdd   Thumb Code    20  lv_page.o(.text)
    lv_page_get_scroll_propagation           0x0801fff1   Thumb Code    22  lv_page.o(.text)
    lv_page_get_edge_flash                   0x08020007   Thumb Code    22  lv_page.o(.text)
    lv_page_get_fit_width                    0x0802001d   Thumb Code    52  lv_page.o(.text)
    lv_page_get_fit_height                   0x08020051   Thumb Code    50  lv_page.o(.text)
    lv_page_on_edge                          0x08020083   Thumb Code   206  lv_page.o(.text)
    lv_page_glue_obj                         0x08020151   Thumb Code    24  lv_page.o(.text)
    lv_page_focus                            0x08020169   Thumb Code   526  lv_page.o(.text)
    lv_slider_set_style                      0x080203bd   Thumb Code    70  lv_slider.o(.text)
    lv_slider_get_value                      0x08020403   Thumb Code    36  lv_slider.o(.text)
    lv_slider_get_style                      0x08020427   Thumb Code    70  lv_slider.o(.text)
    lv_slider_create                         0x08020cff   Thumb Code   254  lv_slider.o(.text)
    lv_slider_set_knob_in                    0x08020dfd   Thumb Code    38  lv_slider.o(.text)
    lv_slider_is_dragged                     0x08020e23   Thumb Code    30  lv_slider.o(.text)
    lv_slider_get_knob_in                    0x08020e41   Thumb Code    20  lv_slider.o(.text)
    lv_ta_get_style                          0x08020f55   Thumb Code   106  lv_ta.o(.text)
    lv_ta_get_cursor_pos                     0x08020fbf   Thumb Code    18  lv_ta.o(.text)
    lv_ta_set_style                          0x08021387   Thumb Code   116  lv_ta.o(.text)
    lv_ta_get_text                           0x080213fb   Thumb Code    38  lv_ta.o(.text)
    lv_ta_set_one_line                       0x080214a3   Thumb Code   264  lv_ta.o(.text)
    lv_ta_set_cursor_pos                     0x0802179f   Thumb Code   432  lv_ta.o(.text)
    lv_ta_set_cursor_type                    0x08021b27   Thumb Code    50  lv_ta.o(.text)
    lv_ta_get_cursor_type                    0x08021b59   Thumb Code    22  lv_ta.o(.text)
    lv_ta_clear_selection                    0x08021bdb   Thumb Code     2  lv_ta.o(.text)
    lv_ta_get_max_length                     0x08021c49   Thumb Code    18  lv_ta.o(.text)
    lv_ta_get_accepted_chars                 0x08021c5b   Thumb Code    16  lv_ta.o(.text)
    lv_ta_add_text                           0x08021c6b   Thumb Code   394  lv_ta.o(.text)
    lv_ta_add_char                           0x08021df5   Thumb Code   396  lv_ta.o(.text)
    lv_ta_del_char                           0x08021f81   Thumb Code   272  lv_ta.o(.text)
    lv_ta_del_char_forward                   0x08022091   Thumb Code    40  lv_ta.o(.text)
    lv_ta_cursor_down                        0x080220b9   Thumb Code   124  lv_ta.o(.text)
    lv_ta_cursor_up                          0x08022135   Thumb Code   108  lv_ta.o(.text)
    lv_ta_cursor_left                        0x080221a1   Thumb Code    30  lv_ta.o(.text)
    lv_ta_cursor_right                       0x080221bf   Thumb Code    26  lv_ta.o(.text)
    lv_ta_create                             0x080224eb   Thumb Code   638  lv_ta.o(.text)
    lv_ta_set_text                           0x08022769   Thumb Code   402  lv_ta.o(.text)
    lv_ta_set_placeholder_text               0x080228fb   Thumb Code    72  lv_ta.o(.text)
    lv_ta_set_cursor_click_pos               0x08022943   Thumb Code    28  lv_ta.o(.text)
    lv_ta_set_pwd_mode                       0x0802295f   Thumb Code   188  lv_ta.o(.text)
    lv_ta_get_label                          0x08022a1b   Thumb Code    16  lv_ta.o(.text)
    lv_ta_set_text_align                     0x08022a2b   Thumb Code   126  lv_ta.o(.text)
    lv_ta_set_accepted_chars                 0x08022aa9   Thumb Code    18  lv_ta.o(.text)
    lv_ta_set_max_length                     0x08022abb   Thumb Code    20  lv_ta.o(.text)
    lv_ta_set_insert_replace                 0x08022acf   Thumb Code     6  lv_ta.o(.text)
    lv_ta_set_text_sel                       0x08022ad5   Thumb Code     2  lv_ta.o(.text)
    lv_ta_set_pwd_show_time                  0x08022ad7   Thumb Code    20  lv_ta.o(.text)
    lv_ta_set_cursor_blink_time              0x08022aeb   Thumb Code   124  lv_ta.o(.text)
    lv_ta_get_placeholder_text               0x08022b67   Thumb Code    30  lv_ta.o(.text)
    lv_ta_get_cursor_click_pos               0x08022b85   Thumb Code    22  lv_ta.o(.text)
    lv_ta_get_pwd_mode                       0x08022b9b   Thumb Code    22  lv_ta.o(.text)
    lv_ta_get_one_line                       0x08022bb1   Thumb Code    22  lv_ta.o(.text)
    lv_ta_text_is_selected                   0x08022bc7   Thumb Code     6  lv_ta.o(.text)
    lv_ta_get_text_sel_en                    0x08022bcd   Thumb Code     6  lv_ta.o(.text)
    lv_ta_get_pwd_show_time                  0x08022bd3   Thumb Code    18  lv_ta.o(.text)
    lv_ta_get_cursor_blink_time              0x08022be5   Thumb Code    18  lv_ta.o(.text)
    lv_tabview_get_tab                       0x08022c55   Thumb Code    64  lv_tabview.o(.text)
    lv_tabview_get_anim_time                 0x08022c95   Thumb Code    16  lv_tabview.o(.text)
    lv_tabview_set_tab_act                   0x08022ca5   Thumb Code   596  lv_tabview.o(.text)
    lv_tabview_get_tab_act                   0x08022ef9   Thumb Code    16  lv_tabview.o(.text)
    lv_tabview_get_sliding                   0x080231f9   Thumb Code    20  lv_tabview.o(.text)
    lv_tabview_get_style                     0x0802327b   Thumb Code   116  lv_tabview.o(.text)
    lv_tabview_add_tab                       0x08023993   Thumb Code   662  lv_tabview.o(.text)
    lv_tabview_set_style                     0x08023c29   Thumb Code   190  lv_tabview.o(.text)
    lv_tabview_create                        0x08023ecd   Thumb Code   782  lv_tabview.o(.text)
    lv_tabview_clean                         0x080241db   Thumb Code    20  lv_tabview.o(.text)
    lv_tabview_set_sliding                   0x080241ef   Thumb Code    24  lv_tabview.o(.text)
    lv_tabview_set_anim_time                 0x08024207   Thumb Code    18  lv_tabview.o(.text)
    lv_tabview_set_btns_pos                  0x08024219   Thumb Code    30  lv_tabview.o(.text)
    lv_tabview_set_btns_hidden               0x08024237   Thumb Code    30  lv_tabview.o(.text)
    lv_tabview_get_tab_count                 0x08024255   Thumb Code    16  lv_tabview.o(.text)
    lv_tabview_get_btns_pos                  0x08024265   Thumb Code    20  lv_tabview.o(.text)
    lv_tabview_get_btns_hidden               0x08024279   Thumb Code    20  lv_tabview.o(.text)
    lv_theme_set_current                     0x080242a5   Thumb Code   124  lv_theme.o(.text)
    lv_theme_get_current                     0x08024321   Thumb Code    14  lv_theme.o(.text)
    lv_port_disp_init                        0x08024367   Thumb Code    60  lv_port_disp.o(.text)
    lv_port_indev_init                       0x08024405   Thumb Code    30  lv_port_indev.o(.text)
    demo_create                              0x08024db1   Thumb Code   352  demo.o(.text)
    __use_no_semihosting                     0x08024f4d   Thumb Code     2  use_no_semi_2.o(.text)
    __2printf                                0x08024f51   Thumb Code    20  noretval__2printf.o(.text)
    __printf                                 0x08024f69   Thumb Code   104  __printf.o(.text)
    _printf_str                              0x08024fd1   Thumb Code    82  _printf_str.o(.text)
    _printf_int_dec                          0x08025025   Thumb Code   104  _printf_dec.o(.text)
    _printf_int_hex                          0x0802509d   Thumb Code    84  _printf_hex_int.o(.text)
    _printf_longlong_hex                     0x0802509d   Thumb Code     0  _printf_hex_int.o(.text)
    strcpy                                   0x080250f5   Thumb Code    72  strcpy.o(.text)
    strlen                                   0x0802513d   Thumb Code    62  strlen.o(.text)
    __aeabi_memcpy                           0x0802517b   Thumb Code     0  rt_memcpy_v6.o(.text)
    __rt_memcpy                              0x0802517b   Thumb Code   138  rt_memcpy_v6.o(.text)
    _memcpy_lastbytes                        0x080251e1   Thumb Code     0  rt_memcpy_v6.o(.text)
    __aeabi_memcpy4                          0x08025205   Thumb Code     0  rt_memcpy_w.o(.text)
    __aeabi_memcpy8                          0x08025205   Thumb Code     0  rt_memcpy_w.o(.text)
    __rt_memcpy_w                            0x08025205   Thumb Code   100  rt_memcpy_w.o(.text)
    _memcpy_lastbytes_aligned                0x0802524d   Thumb Code     0  rt_memcpy_w.o(.text)
    __aeabi_memset                           0x08025269   Thumb Code    16  aeabi_memset.o(.text)
    __aeabi_memclr                           0x08025279   Thumb Code     0  rt_memclr.o(.text)
    __rt_memclr                              0x08025279   Thumb Code    68  rt_memclr.o(.text)
    _memset                                  0x0802527d   Thumb Code     0  rt_memclr.o(.text)
    __aeabi_memclr4                          0x080252bd   Thumb Code     0  rt_memclr_w.o(.text)
    __aeabi_memclr8                          0x080252bd   Thumb Code     0  rt_memclr_w.o(.text)
    __rt_memclr_w                            0x080252bd   Thumb Code    78  rt_memclr_w.o(.text)
    _memset_w                                0x080252c1   Thumb Code     0  rt_memclr_w.o(.text)
    strcmp                                   0x0802530d   Thumb Code   128  strcmpv7m.o(.text)
    __use_two_region_memory                  0x0802538d   Thumb Code     2  heapauxi.o(.text)
    __rt_heap_escrow$2region                 0x0802538f   Thumb Code     2  heapauxi.o(.text)
    __rt_heap_expand$2region                 0x08025391   Thumb Code     2  heapauxi.o(.text)
    __I$use$semihosting                      0x08025393   Thumb Code     0  use_no_semi.o(.text)
    __use_no_semihosting_swi                 0x08025393   Thumb Code     2  use_no_semi.o(.text)
    __read_errno                             0x08025395   Thumb Code    10  _rserrno.o(.text)
    __set_errno                              0x0802539f   Thumb Code    12  _rserrno.o(.text)
    _printf_int_common                       0x080253ab   Thumb Code   178  _printf_intcommon.o(.text)
    _printf_cs_common                        0x0802545d   Thumb Code    20  _printf_char.o(.text)
    _printf_char                             0x08025471   Thumb Code    16  _printf_char.o(.text)
    _printf_string                           0x08025481   Thumb Code     8  _printf_char.o(.text)
    _printf_char_file                        0x08025489   Thumb Code    32  _printf_char_file.o(.text)
    __aeabi_errno_addr                       0x080254ad   Thumb Code     8  rt_errno_addr_intlibspace.o(.text)
    __errno$intlibspace                      0x080254ad   Thumb Code     0  rt_errno_addr_intlibspace.o(.text)
    __rt_errno_addr$intlibspace              0x080254ad   Thumb Code     0  rt_errno_addr_intlibspace.o(.text)
    _printf_char_common                      0x080254bf   Thumb Code    32  _printf_char_common.o(.text)
    ferror                                   0x080254e5   Thumb Code     8  ferror.o(.text)
    __user_libspace                          0x080254ed   Thumb Code     8  libspace.o(.text)
    __user_perproc_libspace                  0x080254ed   Thumb Code     0  libspace.o(.text)
    __user_perthread_libspace                0x080254ed   Thumb Code     0  libspace.o(.text)
    __user_setup_stackheap                   0x080254f5   Thumb Code    74  sys_stackheap_outer.o(.text)
    exit                                     0x0802553f   Thumb Code    18  exit.o(.text)
    __hardfp_sqrt                            0x08025551   Thumb Code   122  sqrt.o(i.__hardfp_sqrt)
    __aeabi_dadd                             0x080255cd   Thumb Code     0  daddsub_clz.o(x$fpl$dadd)
    _dadd                                    0x080255cd   Thumb Code   332  daddsub_clz.o(x$fpl$dadd)
    __fpl_dcmp_Inf                           0x0802571d   Thumb Code    24  dcmpi.o(x$fpl$dcmpinf)
    __aeabi_d2uiz                            0x08025735   Thumb Code     0  dfixu.o(x$fpl$dfixu)
    _dfixu                                   0x08025735   Thumb Code    90  dfixu.o(x$fpl$dfixu)
    __aeabi_i2d                              0x0802578f   Thumb Code     0  dflt_clz.o(x$fpl$dflt)
    _dflt                                    0x0802578f   Thumb Code    46  dflt_clz.o(x$fpl$dflt)
    __aeabi_ui2d                             0x080257bd   Thumb Code     0  dflt_clz.o(x$fpl$dfltu)
    _dfltu                                   0x080257bd   Thumb Code    38  dflt_clz.o(x$fpl$dfltu)
    __aeabi_cdcmple                          0x080257e5   Thumb Code     0  dleqf.o(x$fpl$dleqf)
    _dcmple                                  0x080257e5   Thumb Code   120  dleqf.o(x$fpl$dleqf)
    __fpl_dcmple_InfNaN                      0x08025847   Thumb Code     0  dleqf.o(x$fpl$dleqf)
    __aeabi_dmul                             0x0802585d   Thumb Code     0  dmul.o(x$fpl$dmul)
    _dmul                                    0x0802585d   Thumb Code   332  dmul.o(x$fpl$dmul)
    __fpl_dnaninf                            0x080259b1   Thumb Code   156  dnaninf.o(x$fpl$dnaninf)
    __fpl_dretinf                            0x08025a4d   Thumb Code    12  dretinf.o(x$fpl$dretinf)
    __aeabi_cdrcmple                         0x08025a59   Thumb Code     0  drleqf.o(x$fpl$drleqf)
    _drcmple                                 0x08025a59   Thumb Code   108  drleqf.o(x$fpl$drleqf)
    __aeabi_drsub                            0x08025ac5   Thumb Code     0  daddsub_clz.o(x$fpl$drsb)
    _drsb                                    0x08025ac5   Thumb Code    22  daddsub_clz.o(x$fpl$drsb)
    _dsqrt                                   0x08025add   Thumb Code   404  dsqrt_umaal.o(x$fpl$dsqrt)
    __aeabi_dsub                             0x08025c75   Thumb Code     0  daddsub_clz.o(x$fpl$dsub)
    _dsub                                    0x08025c75   Thumb Code   464  daddsub_clz.o(x$fpl$dsub)
    __aeabi_f2d                              0x08025e49   Thumb Code     0  f2d.o(x$fpl$f2d)
    _f2d                                     0x08025e49   Thumb Code    86  f2d.o(x$fpl$f2d)
    __fpl_fnaninf                            0x08025e9f   Thumb Code   140  fnaninf.o(x$fpl$fnaninf)
    _fp_init                                 0x08025f2b   Thumb Code    10  fpinit.o(x$fpl$fpinit)
    __fplib_config_fpu_vfp                   0x08025f33   Thumb Code     0  fpinit.o(x$fpl$fpinit)
    __fplib_config_pureend_doubles           0x08025f33   Thumb Code     0  fpinit.o(x$fpl$fpinit)
    __I$use$fp                               0x08025f34   Number         0  usenofp.o(x$fpl$usenofp)
    asc2_1206                                0x08025f34   Data        1140  lcd.o(.constdata)
    asc2_1608                                0x080263a8   Data        1520  lcd.o(.constdata)
    asc2_2412                                0x08026998   Data        3420  lcd.o(.constdata)
    GT9147_CFG_TBL                           0x080276f4   Data         184  gt9147.o(.constdata)
    GT9147_TPX_TBL                           0x080277ac   Data          10  gt9147.o(.constdata)
    OTT_TPX_TBL                              0x080277b6   Data          10  ott2001a.o(.constdata)
    FT5206_TPX_TBL                           0x080277c0   Data          10  ft5206.o(.constdata)
    TP_REMIND_MSG_TBL                        0x080277cc   Data           4  touch.o(.constdata)
    FSMC_DefaultTimingStruct                 0x080277d0   Data          28  stm32f4xx_fsmc.o(.constdata)
    img_bubble_pattern_map                   0x08029d76   Data       224640  img_bubble_pattern.o(.constdata)
    Region$$Table$$Base                      0x08060d68   Number         0  anon$$obj.o(Region$$Table)
    Region$$Table$$Limit                     0x08060d88   Number         0  anon$$obj.o(Region$$Table)
    SystemCoreClock                          0x20000000   Data           4  system_stm32f4xx.o(.data)
    AHBPrescTable                            0x20000004   Data          16  system_stm32f4xx.o(.data)
    POINT_COLOR                              0x20000014   Data           2  lcd.o(.data)
    BACK_COLOR                               0x20000016   Data           2  lcd.o(.data)
    tp_dev                                   0x2000001c   Data          52  touch.o(.data)
    CMD_RDX                                  0x20000050   Data           1  touch.o(.data)
    CMD_RDY                                  0x20000051   Data           1  touch.o(.data)
    __stdout                                 0x20000058   Data           4  usart.o(.data)
    USART_RX_STA                             0x2000005c   Data           2  usart.o(.data)
    lv_font_roboto_16                        0x20000c70   Data          16  lv_font_roboto_16.o(.data)
    _lv_img_cache_array                      0x20000c94   Data           4  lv_gc.o(.data)
    _lv_task_act                             0x20000c98   Data           4  lv_gc.o(.data)
    _lv_draw_buf                             0x20000c9c   Data           4  lv_gc.o(.data)
    lv_txt_encoded_size                      0x20000d74   Data           4  lv_txt.o(.data)
    lv_txt_unicode_to_encoded                0x20000d78   Data           4  lv_txt.o(.data)
    lv_txt_encoded_conv_wc                   0x20000d7c   Data           4  lv_txt.o(.data)
    lv_txt_encoded_next                      0x20000d80   Data           4  lv_txt.o(.data)
    lv_txt_encoded_prev                      0x20000d84   Data           4  lv_txt.o(.data)
    lv_txt_encoded_get_byte_id               0x20000d88   Data           4  lv_txt.o(.data)
    lv_encoded_get_char_id                   0x20000d8c   Data           4  lv_txt.o(.data)
    lv_txt_get_encoded_length                0x20000d90   Data           4  lv_txt.o(.data)
    img_bubble_pattern                       0x200010ac   Data          12  img_bubble_pattern.o(.data)
    lcddev                                   0x200010b8   Data          14  lcd.o(.bss)
    USART_RX_BUF                             0x200010c6   Data         200  usart.o(.bss)
    lv_style_scr                             0x20001190   Data          60  lv_style.o(.bss)
    lv_style_transp                          0x200011cc   Data          60  lv_style.o(.bss)
    lv_style_transp_fit                      0x20001208   Data          60  lv_style.o(.bss)
    lv_style_transp_tight                    0x20001244   Data          60  lv_style.o(.bss)
    lv_style_plain                           0x20001280   Data          60  lv_style.o(.bss)
    lv_style_plain_color                     0x200012bc   Data          60  lv_style.o(.bss)
    lv_style_pretty                          0x200012f8   Data          60  lv_style.o(.bss)
    lv_style_pretty_color                    0x20001334   Data          60  lv_style.o(.bss)
    lv_style_btn_rel                         0x20001370   Data          60  lv_style.o(.bss)
    lv_style_btn_pr                          0x200013ac   Data          60  lv_style.o(.bss)
    lv_style_btn_tgl_rel                     0x200013e8   Data          60  lv_style.o(.bss)
    lv_style_btn_tgl_pr                      0x20001424   Data          60  lv_style.o(.bss)
    lv_style_btn_ina                         0x20001460   Data          60  lv_style.o(.bss)
    _lv_task_ll                              0x2000149c   Data          12  lv_gc.o(.bss)
    _lv_disp_ll                              0x200014a8   Data          12  lv_gc.o(.bss)
    _lv_indev_ll                             0x200014b4   Data          12  lv_gc.o(.bss)
    _lv_drv_ll                               0x200014c0   Data          12  lv_gc.o(.bss)
    _lv_file_ll                              0x200014cc   Data          12  lv_gc.o(.bss)
    _lv_anim_ll                              0x200014d8   Data          12  lv_gc.o(.bss)
    _lv_group_ll                             0x200014e4   Data          12  lv_gc.o(.bss)
    _lv_img_defoder_ll                       0x200014f0   Data          12  lv_gc.o(.bss)
    __libspace_start                         0x200072ac   Data          96  libspace.o(.bss)
    __temporary_stack_top$libspace           0x2000730c   Data           0  libspace.o(.bss)



==============================================================================

Memory Map of the image

  Image Entry point : 0x08000189

  Load Region LR_IROM1 (Base: 0x08000000, Size: 0x00061e40, Max: 0x00100000, ABSOLUTE, COMPRESSED[0x0006164c])

    Execution Region ER_IROM1 (Exec base: 0x08000000, Load base: 0x08000000, Size: 0x00060d88, Max: 0x00100000, ABSOLUTE)

    Exec Addr    Load Addr    Size         Type   Attr      Idx    E Section Name        Object

    0x08000000   0x08000000   0x00000188   Data   RO         1189    RESET               startup_stm32f40_41xxx.o
    0x08000188   0x08000188   0x00000008   Code   RO         5588  * !!!main             c_w.l(__main.o)
    0x08000190   0x08000190   0x00000034   Code   RO         5814    !!!scatter          c_w.l(__scatter.o)
    0x080001c4   0x080001c4   0x0000005a   Code   RO         5812    !!dczerorl2         c_w.l(__dczerorl2.o)
    0x0800021e   0x0800021e   0x00000002   PAD
    0x08000220   0x08000220   0x0000001c   Code   RO         5816    !!handler_zi        c_w.l(__scatter_zi.o)
    0x0800023c   0x0800023c   0x00000000   Code   RO         5569    .ARM.Collect$$_printf_percent$$00000000  c_w.l(_printf_percent.o)
    0x0800023c   0x0800023c   0x00000006   Code   RO         5568    .ARM.Collect$$_printf_percent$$00000009  c_w.l(_printf_d.o)
    0x08000242   0x08000242   0x00000006   Code   RO         5567    .ARM.Collect$$_printf_percent$$0000000C  c_w.l(_printf_x.o)
    0x08000248   0x08000248   0x00000006   Code   RO         5566    .ARM.Collect$$_printf_percent$$00000014  c_w.l(_printf_s.o)
    0x0800024e   0x0800024e   0x00000004   Code   RO         5637    .ARM.Collect$$_printf_percent$$00000017  c_w.l(_printf_percent_end.o)
    0x08000252   0x08000252   0x00000002   Code   RO         5689    .ARM.Collect$$libinit$$00000000  c_w.l(libinit.o)
    0x08000254   0x08000254   0x00000004   Code   RO         5692    .ARM.Collect$$libinit$$00000001  c_w.l(libinit2.o)
    0x08000258   0x08000258   0x00000000   Code   RO         5695    .ARM.Collect$$libinit$$00000004  c_w.l(libinit2.o)
    0x08000258   0x08000258   0x00000000   Code   RO         5698    .ARM.Collect$$libinit$$0000000A  c_w.l(libinit2.o)
    0x08000258   0x08000258   0x00000000   Code   RO         5700    .ARM.Collect$$libinit$$0000000C  c_w.l(libinit2.o)
    0x08000258   0x08000258   0x00000000   Code   RO         5702    .ARM.Collect$$libinit$$0000000E  c_w.l(libinit2.o)
    0x08000258   0x08000258   0x00000000   Code   RO         5705    .ARM.Collect$$libinit$$00000011  c_w.l(libinit2.o)
    0x08000258   0x08000258   0x00000000   Code   RO         5707    .ARM.Collect$$libinit$$00000013  c_w.l(libinit2.o)
    0x08000258   0x08000258   0x00000000   Code   RO         5709    .ARM.Collect$$libinit$$00000015  c_w.l(libinit2.o)
    0x08000258   0x08000258   0x00000000   Code   RO         5711    .ARM.Collect$$libinit$$00000017  c_w.l(libinit2.o)
    0x08000258   0x08000258   0x00000000   Code   RO         5713    .ARM.Collect$$libinit$$00000019  c_w.l(libinit2.o)
    0x08000258   0x08000258   0x00000000   Code   RO         5715    .ARM.Collect$$libinit$$0000001B  c_w.l(libinit2.o)
    0x08000258   0x08000258   0x00000000   Code   RO         5717    .ARM.Collect$$libinit$$0000001D  c_w.l(libinit2.o)
    0x08000258   0x08000258   0x00000000   Code   RO         5719    .ARM.Collect$$libinit$$0000001F  c_w.l(libinit2.o)
    0x08000258   0x08000258   0x00000000   Code   RO         5721    .ARM.Collect$$libinit$$00000021  c_w.l(libinit2.o)
    0x08000258   0x08000258   0x00000000   Code   RO         5723    .ARM.Collect$$libinit$$00000023  c_w.l(libinit2.o)
    0x08000258   0x08000258   0x00000000   Code   RO         5725    .ARM.Collect$$libinit$$00000025  c_w.l(libinit2.o)
    0x08000258   0x08000258   0x00000000   Code   RO         5729    .ARM.Collect$$libinit$$0000002C  c_w.l(libinit2.o)
    0x08000258   0x08000258   0x00000000   Code   RO         5731    .ARM.Collect$$libinit$$0000002E  c_w.l(libinit2.o)
    0x08000258   0x08000258   0x00000000   Code   RO         5733    .ARM.Collect$$libinit$$00000030  c_w.l(libinit2.o)
    0x08000258   0x08000258   0x00000000   Code   RO         5735    .ARM.Collect$$libinit$$00000032  c_w.l(libinit2.o)
    0x08000258   0x08000258   0x00000002   Code   RO         5736    .ARM.Collect$$libinit$$00000033  c_w.l(libinit2.o)
    0x0800025a   0x0800025a   0x00000002   Code   RO         5754    .ARM.Collect$$libshutdown$$00000000  c_w.l(libshutdown.o)
    0x0800025c   0x0800025c   0x00000000   Code   RO         5764    .ARM.Collect$$libshutdown$$00000002  c_w.l(libshutdown2.o)
    0x0800025c   0x0800025c   0x00000000   Code   RO         5766    .ARM.Collect$$libshutdown$$00000004  c_w.l(libshutdown2.o)
    0x0800025c   0x0800025c   0x00000000   Code   RO         5769    .ARM.Collect$$libshutdown$$00000007  c_w.l(libshutdown2.o)
    0x0800025c   0x0800025c   0x00000000   Code   RO         5772    .ARM.Collect$$libshutdown$$0000000A  c_w.l(libshutdown2.o)
    0x0800025c   0x0800025c   0x00000000   Code   RO         5774    .ARM.Collect$$libshutdown$$0000000C  c_w.l(libshutdown2.o)
    0x0800025c   0x0800025c   0x00000000   Code   RO         5777    .ARM.Collect$$libshutdown$$0000000F  c_w.l(libshutdown2.o)
    0x0800025c   0x0800025c   0x00000002   Code   RO         5778    .ARM.Collect$$libshutdown$$00000010  c_w.l(libshutdown2.o)
    0x0800025e   0x0800025e   0x00000000   Code   RO         5628    .ARM.Collect$$rtentry$$00000000  c_w.l(__rtentry.o)
    0x0800025e   0x0800025e   0x00000000   Code   RO         5650    .ARM.Collect$$rtentry$$00000002  c_w.l(__rtentry2.o)
    0x0800025e   0x0800025e   0x00000006   Code   RO         5662    .ARM.Collect$$rtentry$$00000004  c_w.l(__rtentry4.o)
    0x08000264   0x08000264   0x00000000   Code   RO         5652    .ARM.Collect$$rtentry$$00000009  c_w.l(__rtentry2.o)
    0x08000264   0x08000264   0x00000004   Code   RO         5653    .ARM.Collect$$rtentry$$0000000A  c_w.l(__rtentry2.o)
    0x08000268   0x08000268   0x00000000   Code   RO         5655    .ARM.Collect$$rtentry$$0000000C  c_w.l(__rtentry2.o)
    0x08000268   0x08000268   0x00000008   Code   RO         5656    .ARM.Collect$$rtentry$$0000000D  c_w.l(__rtentry2.o)
    0x08000270   0x08000270   0x00000002   Code   RO         5690    .ARM.Collect$$rtexit$$00000000  c_w.l(rtexit.o)
    0x08000272   0x08000272   0x00000000   Code   RO         5738    .ARM.Collect$$rtexit$$00000002  c_w.l(rtexit2.o)
    0x08000272   0x08000272   0x00000004   Code   RO         5739    .ARM.Collect$$rtexit$$00000003  c_w.l(rtexit2.o)
    0x08000276   0x08000276   0x00000006   Code   RO         5740    .ARM.Collect$$rtexit$$00000004  c_w.l(rtexit2.o)
    0x0800027c   0x0800027c   0x0000005c   Code   RO            3    .text               main.o
    0x080002d8   0x080002d8   0x0000001a   Code   RO          443    .text               stm32f4xx_it.o
    0x080002f2   0x080002f2   0x00000002   PAD
    0x080002f4   0x080002f4   0x00000210   Code   RO          567    .text               system_stm32f4xx.o
    0x08000504   0x08000504   0x00000040   Code   RO          593    .text               led.o
    0x08000544   0x08000544   0x00004c80   Code   RO          645    .text               lcd.o
    0x080051c4   0x080051c4   0x00000104   Code   RO          690    .text               key.o
    0x080052c8   0x080052c8   0x0000025c   Code   RO          714    .text               myiic.o
    0x08005524   0x08005524   0x0000017a   Code   RO          737    .text               24cxx.o
    0x0800569e   0x0800569e   0x00000002   PAD
    0x080056a0   0x080056a0   0x00000254   Code   RO          760    .text               ctiic.o
    0x080058f4   0x080058f4   0x00000430   Code   RO          783    .text               gt9147.o
    0x08005d24   0x08005d24   0x00000388   Code   RO          824    .text               ott2001a.o
    0x080060ac   0x080060ac   0x0000032c   Code   RO          848    .text               ft5206.o
    0x080063d8   0x080063d8   0x000010e0   Code   RO          872    .text               touch.o
    0x080074b8   0x080074b8   0x0000007c   Code   RO          904    .text               timer.o
    0x08007534   0x08007534   0x000002f8   Code   RO         1095    .text               sram.o
    0x0800782c   0x0800782c   0x00000104   Code   RO         1118    .text               delay.o
    0x08007930   0x08007930   0x00000148   Code   RO         1158    .text               usart.o
    0x08007a78   0x08007a78   0x00000040   Code   RO         1190    .text               startup_stm32f40_41xxx.o
    0x08007ab8   0x08007ab8   0x000000e0   Code   RO         1196    .text               misc.o
    0x08007b98   0x08007b98   0x00000294   Code   RO         1216    .text               stm32f4xx_gpio.o
    0x08007e2c   0x08007e2c   0x000005c8   Code   RO         1236    .text               stm32f4xx_fsmc.o
    0x080083f4   0x080083f4   0x0000065c   Code   RO         1259    .text               stm32f4xx_rcc.o
    0x08008a50   0x08008a50   0x00000454   Code   RO         1301    .text               stm32f4xx_usart.o
    0x08008ea4   0x08008ea4   0x00000ca2   Code   RO         1321    .text               stm32f4xx_tim.o
    0x08009b46   0x08009b46   0x00000112   Code   RO         1339    .text               lv_disp.o
    0x08009c58   0x08009c58   0x00000880   Code   RO         1419    .text               lv_group.o
    0x0800a4d8   0x0800a4d8   0x00001428   Code   RO         1515    .text               lv_indev.o
    0x0800b900   0x0800b900   0x00001864   Code   RO         1557    .text               lv_obj.o
    0x0800d164   0x0800d164   0x000007f4   Code   RO         1639    .text               lv_refr.o
    0x0800d958   0x0800d958   0x00000a94   Code   RO         1666    .text               lv_style.o
    0x0800e3ec   0x0800e3ec   0x00000164   Code   RO         1697    .text               lv_draw.o
    0x0800e550   0x0800e550   0x00000a04   Code   RO         1809    .text               lv_draw_basic.o
    0x0800ef54   0x0800ef54   0x0000093c   Code   RO         1881    .text               lv_draw_img.o
    0x0800f890   0x0800f890   0x0000053c   Code   RO         1909    .text               lv_draw_label.o
    0x0800fdcc   0x0800fdcc   0x0000147a   Code   RO         1938    .text               lv_draw_line.o
    0x08011246   0x08011246   0x00000002   PAD
    0x08011248   0x08011248   0x00002d2a   Code   RO         1962    .text               lv_draw_rect.o
    0x08013f72   0x08013f72   0x00000a42   Code   RO         2000    .text               lv_draw_triangle.o
    0x080149b4   0x080149b4   0x00000208   Code   RO         2012    .text               lv_img_cache.o
    0x08014bbc   0x08014bbc   0x00000760   Code   RO         2042    .text               lv_img_decoder.o
    0x0801531c   0x0801531c   0x00000054   Code   RO         2096    .text               lv_font.o
    0x08015370   0x08015370   0x00000374   Code   RO         2127    .text               lv_font_fmt_txt.o
    0x080156e4   0x080156e4   0x000002dc   Code   RO         2540    .text               lv_hal_disp.o
    0x080159c0   0x080159c0   0x000000f8   Code   RO         2627    .text               lv_hal_indev.o
    0x08015ab8   0x08015ab8   0x0000004c   Code   RO         2701    .text               lv_hal_tick.o
    0x08015b04   0x08015b04   0x0000051a   Code   RO         2721    .text               lv_anim.o
    0x0801601e   0x0801601e   0x00000216   Code   RO         2795    .text               lv_area.o
    0x08016234   0x08016234   0x0000005c   Code   RO         2810    .text               lv_async.o
    0x08016290   0x08016290   0x00000062   Code   RO         2828    .text               lv_circ.o
    0x080162f2   0x080162f2   0x0000037a   Code   RO         2896    .text               lv_ll.o
    0x0801666c   0x0801666c   0x000000cc   Code   RO         2914    .text               lv_math.o
    0x08016738   0x08016738   0x00000300   Code   RO         2928    .text               lv_mem.o
    0x08016a38   0x08016a38   0x00000364   Code   RO         2943    .text               lv_task.o
    0x08016d9c   0x08016d9c   0x00000684   Code   RO         2966    .text               lv_txt.o
    0x08017420   0x08017420   0x000000d4   Code   RO         2991    .text               lv_utils.o
    0x080174f4   0x080174f4   0x00000728   Code   RO         3146    .text               lv_bar.o
    0x08017c1c   0x08017c1c   0x00000548   Code   RO         3210    .text               lv_btn.o
    0x08018164   0x08018164   0x00001140   Code   RO         3239    .text               lv_btnm.o
    0x080192a4   0x080192a4   0x00001734   Code   RO         3434    .text               lv_chart.o
    0x0801a9d8   0x0801a9d8   0x00000c80   Code   RO         3475    .text               lv_cont.o
    0x0801b658   0x0801b658   0x00000548   Code   RO         3582    .text               lv_img.o
    0x0801bba0   0x0801bba0   0x0000064a   Code   RO         3629    .text               lv_kb.o
    0x0801c1ea   0x0801c1ea   0x00000002   PAD
    0x0801c1ec   0x0801c1ec   0x000013cc   Code   RO         3657    .text               lv_label.o
    0x0801d5b8   0x0801d5b8   0x00000e34   Code   RO         3741    .text               lv_list.o
    0x0801e3ec   0x0801e3ec   0x000006b4   Code   RO         3812    .text               lv_mbox.o
    0x0801eaa0   0x0801eaa0   0x0000191c   Code   RO         3864    .text               lv_page.o
    0x080203bc   0x080203bc   0x00000ad2   Code   RO         4019    .text               lv_slider.o
    0x08020e8e   0x08020e8e   0x00000002   PAD
    0x08020e90   0x08020e90   0x00001dc4   Code   RO         4097    .text               lv_ta.o
    0x08022c54   0x08022c54   0x00001650   Code   RO         4158    .text               lv_tabview.o
    0x080242a4   0x080242a4   0x0000009c   Code   RO         4307    .text               lv_theme.o
    0x08024340   0x08024340   0x00000078   Code   RO         4626    .text               lv_port_disp.o
    0x080243b8   0x080243b8   0x0000007c   Code   RO         4892    .text               lv_port_indev.o
    0x08024434   0x08024434   0x00000b18   Code   RO         4914    .text               demo.o
    0x08024f4c   0x08024f4c   0x00000002   Code   RO         5513    .text               c_w.l(use_no_semi_2.o)
    0x08024f4e   0x08024f4e   0x00000002   PAD
    0x08024f50   0x08024f50   0x00000018   Code   RO         5517    .text               c_w.l(noretval__2printf.o)
    0x08024f68   0x08024f68   0x00000068   Code   RO         5519    .text               c_w.l(__printf.o)
    0x08024fd0   0x08024fd0   0x00000052   Code   RO         5521    .text               c_w.l(_printf_str.o)
    0x08025022   0x08025022   0x00000002   PAD
    0x08025024   0x08025024   0x00000078   Code   RO         5523    .text               c_w.l(_printf_dec.o)
    0x0802509c   0x0802509c   0x00000058   Code   RO         5528    .text               c_w.l(_printf_hex_int.o)
    0x080250f4   0x080250f4   0x00000048   Code   RO         5570    .text               c_w.l(strcpy.o)
    0x0802513c   0x0802513c   0x0000003e   Code   RO         5572    .text               c_w.l(strlen.o)
    0x0802517a   0x0802517a   0x0000008a   Code   RO         5574    .text               c_w.l(rt_memcpy_v6.o)
    0x08025204   0x08025204   0x00000064   Code   RO         5576    .text               c_w.l(rt_memcpy_w.o)
    0x08025268   0x08025268   0x00000010   Code   RO         5578    .text               c_w.l(aeabi_memset.o)
    0x08025278   0x08025278   0x00000044   Code   RO         5580    .text               c_w.l(rt_memclr.o)
    0x080252bc   0x080252bc   0x0000004e   Code   RO         5582    .text               c_w.l(rt_memclr_w.o)
    0x0802530a   0x0802530a   0x00000002   PAD
    0x0802530c   0x0802530c   0x00000080   Code   RO         5584    .text               c_w.l(strcmpv7m.o)
    0x0802538c   0x0802538c   0x00000006   Code   RO         5586    .text               c_w.l(heapauxi.o)
    0x08025392   0x08025392   0x00000002   Code   RO         5626    .text               c_w.l(use_no_semi.o)
    0x08025394   0x08025394   0x00000016   Code   RO         5629    .text               c_w.l(_rserrno.o)
    0x080253aa   0x080253aa   0x000000b2   Code   RO         5631    .text               c_w.l(_printf_intcommon.o)
    0x0802545c   0x0802545c   0x0000002c   Code   RO         5633    .text               c_w.l(_printf_char.o)
    0x08025488   0x08025488   0x00000024   Code   RO         5635    .text               c_w.l(_printf_char_file.o)
    0x080254ac   0x080254ac   0x00000008   Code   RO         5667    .text               c_w.l(rt_errno_addr_intlibspace.o)
    0x080254b4   0x080254b4   0x00000030   Code   RO         5669    .text               c_w.l(_printf_char_common.o)
    0x080254e4   0x080254e4   0x00000008   Code   RO         5671    .text               c_w.l(ferror.o)
    0x080254ec   0x080254ec   0x00000008   Code   RO         5675    .text               c_w.l(libspace.o)
    0x080254f4   0x080254f4   0x0000004a   Code   RO         5678    .text               c_w.l(sys_stackheap_outer.o)
    0x0802553e   0x0802553e   0x00000012   Code   RO         5682    .text               c_w.l(exit.o)
    0x08025550   0x08025550   0x0000007a   Code   RO         5614    i.__hardfp_sqrt     m_wm.l(sqrt.o)
    0x080255ca   0x080255ca   0x00000002   PAD
    0x080255cc   0x080255cc   0x00000150   Code   RO         5590    x$fpl$dadd          fz_wm.l(daddsub_clz.o)
    0x0802571c   0x0802571c   0x00000018   Code   RO         5638    x$fpl$dcmpinf       fz_wm.l(dcmpi.o)
    0x08025734   0x08025734   0x0000005a   Code   RO         5596    x$fpl$dfixu         fz_wm.l(dfixu.o)
    0x0802578e   0x0802578e   0x0000002e   Code   RO         5601    x$fpl$dflt          fz_wm.l(dflt_clz.o)
    0x080257bc   0x080257bc   0x00000026   Code   RO         5600    x$fpl$dfltu         fz_wm.l(dflt_clz.o)
    0x080257e2   0x080257e2   0x00000002   PAD
    0x080257e4   0x080257e4   0x00000078   Code   RO         5606    x$fpl$dleqf         fz_wm.l(dleqf.o)
    0x0802585c   0x0802585c   0x00000154   Code   RO         5608    x$fpl$dmul          fz_wm.l(dmul.o)
    0x080259b0   0x080259b0   0x0000009c   Code   RO         5640    x$fpl$dnaninf       fz_wm.l(dnaninf.o)
    0x08025a4c   0x08025a4c   0x0000000c   Code   RO         5642    x$fpl$dretinf       fz_wm.l(dretinf.o)
    0x08025a58   0x08025a58   0x0000006c   Code   RO         5610    x$fpl$drleqf        fz_wm.l(drleqf.o)
    0x08025ac4   0x08025ac4   0x00000016   Code   RO         5591    x$fpl$drsb          fz_wm.l(daddsub_clz.o)
    0x08025ada   0x08025ada   0x00000002   PAD
    0x08025adc   0x08025adc   0x00000198   Code   RO         5644    x$fpl$dsqrt         fz_wm.l(dsqrt_umaal.o)
    0x08025c74   0x08025c74   0x000001d4   Code   RO         5592    x$fpl$dsub          fz_wm.l(daddsub_clz.o)
    0x08025e48   0x08025e48   0x00000056   Code   RO         5612    x$fpl$f2d           fz_wm.l(f2d.o)
    0x08025e9e   0x08025e9e   0x0000008c   Code   RO         5646    x$fpl$fnaninf       fz_wm.l(fnaninf.o)
    0x08025f2a   0x08025f2a   0x0000000a   Code   RO         5746    x$fpl$fpinit        fz_wm.l(fpinit.o)
    0x08025f34   0x08025f34   0x00000000   Code   RO         5648    x$fpl$usenofp       fz_wm.l(usenofp.o)
    0x08025f34   0x08025f34   0x000017c0   Data   RO          647    .constdata          lcd.o
    0x080276f4   0x080276f4   0x000000c2   Data   RO          784    .constdata          gt9147.o
    0x080277b6   0x080277b6   0x0000000a   Data   RO          825    .constdata          ott2001a.o
    0x080277c0   0x080277c0   0x0000000a   Data   RO          849    .constdata          ft5206.o
    0x080277ca   0x080277ca   0x00000002   PAD
    0x080277cc   0x080277cc   0x00000004   Data   RO          873    .constdata          touch.o
    0x080277d0   0x080277d0   0x0000001c   Data   RO         1237    .constdata          stm32f4xx_fsmc.o
    0x080277ec   0x080277ec   0x0000002e   Data   RO         1420    .constdata          lv_group.o
    0x0802781a   0x0802781a   0x00000002   PAD
    0x0802781c   0x0802781c   0x00000016   Data   RO         1668    .constdata          lv_style.o
    0x08027832   0x08027832   0x00000024   Data   RO         1698    .constdata          lv_draw.o
    0x08027856   0x08027856   0x00000011   Data   RO         1963    .constdata          lv_draw_rect.o
    0x08027867   0x08027867   0x00000001   PAD
    0x08027868   0x08027868   0x000023bc   Data   RO         2394    .constdata          lv_font_roboto_16.o
    0x08029c24   0x08029c24   0x00000002   Data   RO         2541    .constdata          lv_hal_disp.o
    0x08029c26   0x08029c26   0x00000112   Data   RO         3630    .constdata          lv_kb.o
    0x08029d38   0x08029d38   0x0000003e   Data   RO         4916    .constdata          demo.o
    0x08029d76   0x08029d76   0x00036d80   Data   RO         5498    .constdata          img_bubble_pattern.o
    0x08060af6   0x08060af6   0x00000028   Data   RO         5529    .constdata          c_w.l(_printf_hex_int.o)
    0x08060b1e   0x08060b1e   0x00000002   PAD
    0x08060b20   0x08060b20   0x00000079   Data   RO          874    .conststring        touch.o
    0x08060b99   0x08060b99   0x00000003   PAD
    0x08060b9c   0x08060b9c   0x0000002d   Data   RO         3240    .conststring        lv_btnm.o
    0x08060bc9   0x08060bc9   0x00000003   PAD
    0x08060bcc   0x08060bcc   0x00000194   Data   RO         3631    .conststring        lv_kb.o
    0x08060d60   0x08060d60   0x00000007   Data   RO         4917    .conststring        demo.o
    0x08060d67   0x08060d67   0x00000001   PAD
    0x08060d68   0x08060d68   0x00000020   Data   RO         5810    Region$$Table       anon$$obj.o


    Execution Region RW_IRAM1 (Exec base: 0x20000000, Load base: 0x08060d88, Size: 0x00007d10, Max: 0x00020000, ABSOLUTE, COMPRESSED[0x000008c4])

    Exec Addr    Load Addr    Size         Type   Attr      Idx    E Section Name        Object

    0x20000000   COMPRESSED   0x00000014   Data   RW          568    .data               system_stm32f4xx.o
    0x20000014   COMPRESSED   0x00000004   Data   RW          648    .data               lcd.o
    0x20000018   COMPRESSED   0x00000001   Data   RW          691    .data               key.o
    0x20000019   COMPRESSED   0x00000001   Data   RW          785    .data               gt9147.o
    0x2000001a   COMPRESSED   0x00000001   Data   RW          826    .data               ott2001a.o
    0x2000001b   COMPRESSED   0x00000001   Data   RW          850    .data               ft5206.o
    0x2000001c   COMPRESSED   0x00000036   Data   RW          875    .data               touch.o
    0x20000052   COMPRESSED   0x00000004   Data   RW         1119    .data               delay.o
    0x20000056   COMPRESSED   0x00000002   PAD
    0x20000058   COMPRESSED   0x00000006   Data   RW         1160    .data               usart.o
    0x2000005e   COMPRESSED   0x00000010   Data   RW         1260    .data               stm32f4xx_rcc.o
    0x2000006e   COMPRESSED   0x00000002   PAD
    0x20000070   COMPRESSED   0x00000008   Data   RW         1516    .data               lv_indev.o
    0x20000078   COMPRESSED   0x0000000c   Data   RW         1558    .data               lv_obj.o
    0x20000084   COMPRESSED   0x00000008   Data   RW         1640    .data               lv_refr.o
    0x2000008c   COMPRESSED   0x00000024   Data   RW         1699    .data               lv_draw.o
    0x200000b0   COMPRESSED   0x00000002   Data   RW         2013    .data               lv_img_cache.o
    0x200000b2   COMPRESSED   0x00000002   PAD
    0x200000b4   COMPRESSED   0x00000bcc   Data   RW         2395    .data               lv_font_roboto_16.o
    0x20000c80   COMPRESSED   0x00000004   Data   RW         2542    .data               lv_hal_disp.o
    0x20000c84   COMPRESSED   0x00000005   Data   RW         2702    .data               lv_hal_tick.o
    0x20000c89   COMPRESSED   0x00000003   PAD
    0x20000c8c   COMPRESSED   0x00000005   Data   RW         2722    .data               lv_anim.o
    0x20000c91   COMPRESSED   0x00000003   PAD
    0x20000c94   COMPRESSED   0x0000000c   Data   RW         2871    .data               lv_gc.o
    0x20000ca0   COMPRESSED   0x000000b6   Data   RW         2915    .data               lv_math.o
    0x20000d56   COMPRESSED   0x00000002   PAD
    0x20000d58   COMPRESSED   0x00000008   Data   RW         2930    .data               lv_mem.o
    0x20000d60   COMPRESSED   0x00000014   Data   RW         2944    .data               lv_task.o
    0x20000d74   COMPRESSED   0x00000020   Data   RW         2967    .data               lv_txt.o
    0x20000d94   COMPRESSED   0x00000008   Data   RW         3147    .data               lv_bar.o
    0x20000d9c   COMPRESSED   0x00000008   Data   RW         3211    .data               lv_btn.o
    0x20000da4   COMPRESSED   0x00000024   Data   RW         3241    .data               lv_btnm.o
    0x20000dc8   COMPRESSED   0x00000008   Data   RW         3435    .data               lv_chart.o
    0x20000dd0   COMPRESSED   0x00000004   Data   RW         3476    .data               lv_cont.o
    0x20000dd4   COMPRESSED   0x00000004   Data   RW         3583    .data               lv_img.o
    0x20000dd8   COMPRESSED   0x00000268   Data   RW         3632    .data               lv_kb.o
    0x20001040   COMPRESSED   0x00000004   Data   RW         3658    .data               lv_label.o
    0x20001044   COMPRESSED   0x00000014   Data   RW         3742    .data               lv_list.o
    0x20001058   COMPRESSED   0x00000004   Data   RW         3813    .data               lv_mbox.o
    0x2000105c   COMPRESSED   0x00000008   Data   RW         3865    .data               lv_page.o
    0x20001064   COMPRESSED   0x00000008   Data   RW         4020    .data               lv_slider.o
    0x2000106c   COMPRESSED   0x00000014   Data   RW         4098    .data               lv_ta.o
    0x20001080   COMPRESSED   0x00000010   Data   RW         4160    .data               lv_tabview.o
    0x20001090   COMPRESSED   0x00000001   Data   RW         4309    .data               lv_theme.o
    0x20001091   COMPRESSED   0x00000001   PAD
    0x20001092   COMPRESSED   0x00000004   Data   RW         4893    .data               lv_port_indev.o
    0x20001096   COMPRESSED   0x00000002   PAD
    0x20001098   COMPRESSED   0x00000014   Data   RW         4918    .data               demo.o
    0x200010ac   COMPRESSED   0x0000000c   Data   RW         5499    .data               img_bubble_pattern.o
    0x200010b8        -       0x0000000e   Zero   RW          646    .bss                lcd.o
    0x200010c6        -       0x000000c8   Zero   RW         1159    .bss                usart.o
    0x2000118e   COMPRESSED   0x00000002   PAD
    0x20001190        -       0x0000030c   Zero   RW         1667    .bss                lv_style.o
    0x2000149c        -       0x00000060   Zero   RW         2870    .bss                lv_gc.o
    0x200014fc        -       0x00004000   Zero   RW         2929    .bss                lv_mem.o
    0x200054fc        -       0x00001a88   Zero   RW         4308    .bss                lv_theme.o
    0x20006f84        -       0x0000001c   Zero   RW         4628    .bss                lv_port_disp.o
    0x20006fa0        -       0x0000030c   Zero   RW         4915    .bss                demo.o
    0x200072ac        -       0x00000060   Zero   RW         5676    .bss                c_w.l(libspace.o)
    0x2000730c   COMPRESSED   0x00000004   PAD
    0x20007310        -       0x00000200   Zero   RW         1188    HEAP                startup_stm32f40_41xxx.o
    0x20007510        -       0x00000800   Zero   RW         1187    STACK               startup_stm32f40_41xxx.o



  Load Region LR$$.ARM.__AT_0x68000000 (Base: 0x68000000, Size: 0x00000000, Max: 0x000bb800, ABSOLUTE)

    Execution Region ER$$.ARM.__AT_0x68000000 (Exec base: 0x68000000, Load base: 0x68000000, Size: 0x000bb800, Max: 0x000bb800, ABSOLUTE, UNINIT)

    Exec Addr    Load Addr    Size         Type   Attr      Idx    E Section Name        Object

    0x68000000        -       0x000bb800   Zero   RW         4627    .ARM.__AT_0x68000000  lv_port_disp.o


==============================================================================

Image component sizes


      Code (inc. data)   RO Data    RW Data    ZI Data      Debug   Object Name

       378          0          0          0          0       2814   24cxx.o
       596         24          0          0          0       2085   ctiic.o
       260          8          0          4          0       1477   delay.o
      2840        318         69         20        780      33753   demo.o
       812         40         10          1          0       2531   ft5206.o
      1072         78        194          1          0       3074   gt9147.o
         0          0     224640         12          0        680   img_bubble_pattern.o
       260         12          0          1          0        876   key.o
     19584        174       6080          4         14      22866   lcd.o
        64          4          0          0          0     229663   led.o
      1306         18          0          5          0      16669   lv_anim.o
         0          0          0          0          0      21394   lv_arc.o
       534          0          0          0          0       4319   lv_area.o
        92          6          0          0          0       2068   lv_async.o
      1832         48          0          8          0      21030   lv_bar.o
      1352         56          0          8          0      14538   lv_btn.o
      4416         78         45         36          0      16421   lv_btnm.o
         0          0          0          0          0       3602   lv_calendar.o
         0          0          0          0          0       5086   lv_canvas.o
      5940         54          0          8          0      32957   lv_chart.o
        98          0          0          0          0       2165   lv_circ.o
      3200         22          0          4          0      15746   lv_cont.o
       274          0          0          0          0      21285   lv_disp.o
       356         12         36         36          0      19553   lv_draw.o
      2564         24          0          0          0      23239   lv_draw_basic.o
      2364         58          0          0          0      17001   lv_draw_img.o
      1340         22          0          0          0      10982   lv_draw_label.o
      5242          0          0          0          0       6575   lv_draw_line.o
     11562         16         17          0          0      20645   lv_draw_rect.o
      2626          0          0          0          0       4859   lv_draw_triangle.o
        84          0          0          0          0       2817   lv_font.o
       884         14          0          0          0       6411   lv_font_fmt_txt.o
         0          0          0          0          0       1736   lv_font_roboto_12.o
         0          0       9148       3020          0       1984   lv_font_roboto_16.o
         0          0          0         12         96       7862   lv_gc.o
      2176         36         46          0          0      32565   lv_group.o
       732         20          2          4          0      25754   lv_hal_disp.o
       248          8          0          0          0      22016   lv_hal_indev.o
        76         10          0          5          0       1616   lv_hal_tick.o
      1352         28          0          4          0       6533   lv_img.o
       520         14          0          2          0       2746   lv_img_cache.o
      1888         28          0          0          0      14030   lv_img_decoder.o
      5160         40          0          8          0      24088   lv_indev.o
      1610        110        678        616          0      11114   lv_kb.o
      5068        104          0          4          0      25697   lv_label.o
      3636        144          0         20          0      19406   lv_list.o
       890          0          0          0          0       5973   lv_ll.o
       204          4          0        182          0       1714   lv_math.o
      1716         72          0          4          0      22401   lv_mbox.o
       768         14          0          8      16384       4195   lv_mem.o
      6244        106          0         12          0      37949   lv_obj.o
      6428        102          0          8          0      43473   lv_page.o
       120         22          0          0     768028      24714   lv_port_disp.o
       124         18          0          4          0       1201   lv_port_indev.o
      2036         16          0          8          0       6849   lv_refr.o
         0          0          0          0          0       4836   lv_roller.o
      2770         32          0          8          0       9312   lv_slider.o
      2708         84         22          0        780       9321   lv_style.o
      7620        222          0         20          0      35310   lv_ta.o
      5712        104          0         16          0      23086   lv_tabview.o
       868         40          0         20          0       4780   lv_task.o
       156         18          0          1       6792      26026   lv_theme.o
      1668         36          0         32          0       9895   lv_txt.o
       212          0          0          0          0       1587   lv_utils.o
        92          6          0          0          0     253895   main.o
       224         20          0          0          0       1813   misc.o
       604         14          0          0          0       1920   myiic.o
       904         66         10          1          0       2747   ott2001a.o
       760         20          0          0          0       1920   sram.o
        64         26        392          0       2560        836   startup_stm32f40_41xxx.o
      1480         18         28          0          0       5642   stm32f4xx_fsmc.o
       660         44          0          0          0       4153   stm32f4xx_gpio.o
        26          0          0          0          0      56970   stm32f4xx_it.o
      1628         52          0         16          0      13028   stm32f4xx_rcc.o
      3234         60          0          0          0      23012   stm32f4xx_tim.o
      1108         34          0          0          0       7880   stm32f4xx_usart.o
       528         46          0         20          0       1771   system_stm32f4xx.o
       124          4          0          0          0        824   timer.o
      4320        228        125         54          0       6853   touch.o
       328         16          0          6        200       3298   usart.o

    ----------------------------------------------------------------------
    150736       3172     241586       4280     795636    1445512   Object Totals
         0          0         32          0          0          0   (incl. Generated)
        10          0         12         17          2          0   (incl. Padding)

    ----------------------------------------------------------------------

      Code (inc. data)   RO Data    RW Data    ZI Data      Debug   Library Member Name

        90          0          0          0          0          0   __dczerorl2.o
         8          0          0          0          0         68   __main.o
       104          0          0          0          0         84   __printf.o
         0          0          0          0          0          0   __rtentry.o
        12          0          0          0          0          0   __rtentry2.o
         6          0          0          0          0          0   __rtentry4.o
        52          8          0          0          0          0   __scatter.o
        28          0          0          0          0          0   __scatter_zi.o
        44          0          0          0          0        108   _printf_char.o
        48          6          0          0          0         96   _printf_char_common.o
        36          4          0          0          0         80   _printf_char_file.o
         6          0          0          0          0          0   _printf_d.o
       120         16          0          0          0         92   _printf_dec.o
        88          4         40          0          0         88   _printf_hex_int.o
       178          0          0          0          0         88   _printf_intcommon.o
         0          0          0          0          0          0   _printf_percent.o
         4          0          0          0          0          0   _printf_percent_end.o
         6          0          0          0          0          0   _printf_s.o
        82          0          0          0          0         80   _printf_str.o
         6          0          0          0          0          0   _printf_x.o
        22          0          0          0          0        100   _rserrno.o
        16          0          0          0          0         68   aeabi_memset.o
        18          0          0          0          0         80   exit.o
         8          0          0          0          0         68   ferror.o
         6          0          0          0          0        152   heapauxi.o
         2          0          0          0          0          0   libinit.o
         6          0          0          0          0          0   libinit2.o
         2          0          0          0          0          0   libshutdown.o
         2          0          0          0          0          0   libshutdown2.o
         8          4          0          0         96         68   libspace.o
        24          4          0          0          0         84   noretval__2printf.o
         8          4          0          0          0         68   rt_errno_addr_intlibspace.o
        68          0          0          0          0         68   rt_memclr.o
        78          0          0          0          0         80   rt_memclr_w.o
       138          0          0          0          0         68   rt_memcpy_v6.o
       100          0          0          0          0         80   rt_memcpy_w.o
         2          0          0          0          0          0   rtexit.o
        10          0          0          0          0          0   rtexit2.o
       128          0          0          0          0         68   strcmpv7m.o
        72          0          0          0          0         80   strcpy.o
        62          0          0          0          0         76   strlen.o
        74          0          0          0          0         80   sys_stackheap_outer.o
         2          0          0          0          0         68   use_no_semi.o
         2          0          0          0          0         68   use_no_semi_2.o
       826         16          0          0          0        492   daddsub_clz.o
        24          0          0          0          0        116   dcmpi.o
        90          4          0          0          0        140   dfixu.o
        84          0          0          0          0        232   dflt_clz.o
       120          4          0          0          0        140   dleqf.o
       340         12          0          0          0        152   dmul.o
       156          4          0          0          0        140   dnaninf.o
        12          0          0          0          0        116   dretinf.o
       108          0          0          0          0        128   drleqf.o
       408         56          0          0          0        168   dsqrt_umaal.o
        86          4          0          0          0        132   f2d.o
       140          4          0          0          0        132   fnaninf.o
        10          0          0          0          0        116   fpinit.o
         0          0          0          0          0          0   usenofp.o
       122          0          0          0          0        148   sqrt.o

    ----------------------------------------------------------------------
      4316        154         42          0        100       4560   Library Totals
        14          0          2          0          4          0   (incl. Padding)

    ----------------------------------------------------------------------

      Code (inc. data)   RO Data    RW Data    ZI Data      Debug   Library Name

      1776         50         40          0         96       2208   c_w.l
      2404        104          0          0          0       2204   fz_wm.l
       122          0          0          0          0        148   m_wm.l

    ----------------------------------------------------------------------
      4316        154         42          0        100       4560   Library Totals

    ----------------------------------------------------------------------

==============================================================================


      Code (inc. data)   RO Data    RW Data    ZI Data      Debug   

    155052       3326     241628       4280     795736    1434476   Grand Totals
    155052       3326     241628       2244     795736    1434476   ELF Image Totals (compressed)
    155052       3326     241628       2244          0          0   ROM Totals

==============================================================================

    Total RO  Size (Code + RO Data)               396680 ( 387.38kB)
    Total RW  Size (RW Data + ZI Data)            800016 ( 781.27kB)
    Total ROM Size (Code + RO Data + RW Data)     398924 ( 389.57kB)

==============================================================================

