Component: ARM Compiler 5.06 update 6 (build 750) Tool: armlink [4d35ed]

==============================================================================

Section Cross References

    main.o(.text) refers to misc.o(.text) for NVIC_PriorityGroupConfig
    main.o(.text) refers to delay.o(.text) for delay_init
    main.o(.text) refers to usart.o(.text) for uart_init
    main.o(.text) refers to led.o(.text) for LED_Init
    main.o(.text) refers to lcd.o(.text) for LCD_Init
    main.o(.text) refers to key.o(.text) for KEY_Init
    main.o(.text) refers to timer.o(.text) for TIM3_Int_Init
    main.o(.text) refers to sram.o(.text) for FSMC_SRAM_Init
    main.o(.text) refers to lv_obj.o(.text) for lv_init
    main.o(.text) refers to lv_port_disp.o(.text) for lv_port_disp_init
    main.o(.text) refers to lv_port_indev.o(.text) for lv_port_indev_init
    main.o(.text) refers to lv_demo_widgets.o(.text) for lv_demo_widgets
    main.o(.text) refers to lv_task.o(.text) for lv_task_handler
    main.o(.text) refers to touch.o(.data) for tp_dev
    system_stm32f4xx.o(.text) refers to system_stm32f4xx.o(.data) for SystemCoreClock
    led.o(.text) refers to stm32f4xx_rcc.o(.text) for RCC_AHB1PeriphClockCmd
    led.o(.text) refers to stm32f4xx_gpio.o(.text) for GPIO_Init
    lcd.o(.text) refers to _printf_percent.o(.ARM.Collect$$_printf_percent$$00000000) for _printf_percent
    lcd.o(.text) refers to _printf_x.o(.ARM.Collect$$_printf_percent$$0000000C) for _printf_x
    lcd.o(.text) refers to _printf_hex_int.o(.text) for _printf_longlong_hex
    lcd.o(.text) refers to delay.o(.text) for delay_us
    lcd.o(.text) refers to lcd.o(.bss) for lcddev
    lcd.o(.text) refers to lcd.o(.data) for POINT_COLOR
    lcd.o(.text) refers to dflt_clz.o(x$fpl$dfltu) for __aeabi_ui2d
    lcd.o(.text) refers to dmul.o(x$fpl$dmul) for __aeabi_dmul
    lcd.o(.text) refers to dfixu.o(x$fpl$dfixu) for __aeabi_d2uiz
    lcd.o(.text) refers to stm32f4xx_rcc.o(.text) for RCC_AHB1PeriphClockCmd
    lcd.o(.text) refers to stm32f4xx_gpio.o(.text) for GPIO_Init
    lcd.o(.text) refers to stm32f4xx_fsmc.o(.text) for FSMC_NORSRAMInit
    lcd.o(.text) refers to noretval__2printf.o(.text) for __2printf
    lcd.o(.text) refers to lcd.o(.constdata) for asc2_1206
    key.o(.text) refers to stm32f4xx_rcc.o(.text) for RCC_AHB1PeriphClockCmd
    key.o(.text) refers to stm32f4xx_gpio.o(.text) for GPIO_Init
    key.o(.text) refers to delay.o(.text) for delay_ms
    key.o(.text) refers to key.o(.data) for key_up
    myiic.o(.text) refers to stm32f4xx_rcc.o(.text) for RCC_AHB1PeriphClockCmd
    myiic.o(.text) refers to stm32f4xx_gpio.o(.text) for GPIO_Init
    myiic.o(.text) refers to delay.o(.text) for delay_us
    24cxx.o(.text) refers to myiic.o(.text) for IIC_Init
    24cxx.o(.text) refers to delay.o(.text) for delay_ms
    ctiic.o(.text) refers to delay.o(.text) for delay_us
    ctiic.o(.text) refers to stm32f4xx_rcc.o(.text) for RCC_AHB1PeriphClockCmd
    ctiic.o(.text) refers to stm32f4xx_gpio.o(.text) for GPIO_Init
    gt9147.o(.text) refers to _printf_percent.o(.ARM.Collect$$_printf_percent$$00000000) for _printf_percent
    gt9147.o(.text) refers to _printf_s.o(.ARM.Collect$$_printf_percent$$00000014) for _printf_s
    gt9147.o(.text) refers to _printf_str.o(.text) for _printf_str
    gt9147.o(.text) refers to _printf_d.o(.ARM.Collect$$_printf_percent$$00000009) for _printf_d
    gt9147.o(.text) refers to _printf_dec.o(.text) for _printf_int_dec
    gt9147.o(.text) refers to ctiic.o(.text) for CT_IIC_Start
    gt9147.o(.text) refers to stm32f4xx_rcc.o(.text) for RCC_AHB1PeriphClockCmd
    gt9147.o(.text) refers to stm32f4xx_gpio.o(.text) for GPIO_Init
    gt9147.o(.text) refers to delay.o(.text) for delay_ms
    gt9147.o(.text) refers to noretval__2printf.o(.text) for __2printf
    gt9147.o(.text) refers to strcmpv7m.o(.text) for strcmp
    gt9147.o(.text) refers to gt9147.o(.constdata) for GT9147_CFG_TBL
    gt9147.o(.text) refers to gt9147.o(.data) for t
    gt9147.o(.text) refers to touch.o(.data) for tp_dev
    gt9147.o(.text) refers to lcd.o(.bss) for lcddev
    ott2001a.o(.text) refers to _printf_percent.o(.ARM.Collect$$_printf_percent$$00000000) for _printf_percent
    ott2001a.o(.text) refers to _printf_x.o(.ARM.Collect$$_printf_percent$$0000000C) for _printf_x
    ott2001a.o(.text) refers to _printf_hex_int.o(.text) for _printf_longlong_hex
    ott2001a.o(.text) refers to ctiic.o(.text) for CT_IIC_Start
    ott2001a.o(.text) refers to stm32f4xx_rcc.o(.text) for RCC_AHB1PeriphClockCmd
    ott2001a.o(.text) refers to stm32f4xx_gpio.o(.text) for GPIO_Init
    ott2001a.o(.text) refers to delay.o(.text) for delay_ms
    ott2001a.o(.text) refers to noretval__2printf.o(.text) for __2printf
    ott2001a.o(.text) refers to dflt_clz.o(x$fpl$dflt) for __aeabi_i2d
    ott2001a.o(.text) refers to dmul.o(x$fpl$dmul) for __aeabi_dmul
    ott2001a.o(.text) refers to dfixu.o(x$fpl$dfixu) for __aeabi_d2uiz
[...]
    lv_arc_get_value                         0x08027713   Thumb Code    46  lv_arc.o(.text)
    lv_arc_create                            0x08027b21   Thumb Code   476  lv_arc.o(.text)
    lv_arc_set_angles                        0x08027cfd   Thumb Code   100  lv_arc.o(.text)
    lv_arc_set_bg_start_angle                0x08027d61   Thumb Code   204  lv_arc.o(.text)
    lv_arc_set_bg_end_angle                  0x08027e2d   Thumb Code   210  lv_arc.o(.text)
    lv_arc_set_bg_angles                     0x08027eff   Thumb Code   106  lv_arc.o(.text)
    lv_arc_set_rotation                      0x08027f69   Thumb Code    52  lv_arc.o(.text)
    lv_arc_set_type                          0x08027f9d   Thumb Code   178  lv_arc.o(.text)
    lv_arc_set_range                         0x0802804f   Thumb Code   100  lv_arc.o(.text)
    lv_arc_set_chg_rate                      0x080280b3   Thumb Code    46  lv_arc.o(.text)
    lv_arc_set_adjustable                    0x080280e1   Thumb Code    84  lv_arc.o(.text)
    lv_arc_get_angle_start                   0x08028135   Thumb Code    44  lv_arc.o(.text)
    lv_arc_get_angle_end                     0x08028161   Thumb Code    44  lv_arc.o(.text)
    lv_arc_get_bg_angle_start                0x0802818d   Thumb Code    44  lv_arc.o(.text)
    lv_arc_get_bg_angle_end                  0x080281b9   Thumb Code    44  lv_arc.o(.text)
    lv_arc_get_min_value                     0x080281e5   Thumb Code    46  lv_arc.o(.text)
    lv_arc_get_max_value                     0x08028213   Thumb Code    46  lv_arc.o(.text)
    lv_arc_is_dragged                        0x08028241   Thumb Code    50  lv_arc.o(.text)
    lv_arc_get_type                          0x08028273   Thumb Code    50  lv_arc.o(.text)
    lv_arc_get_adjustable                    0x080282a5   Thumb Code    50  lv_arc.o(.text)
    lv_bar_set_value                         0x0802841f   Thumb Code   144  lv_bar.o(.text)
    lv_bar_create                            0x08028c69   Thumb Code   318  lv_bar.o(.text)
    lv_bar_set_start_value                   0x08028da7   Thumb Code   186  lv_bar.o(.text)
    lv_bar_get_type                          0x08028e61   Thumb Code    50  lv_bar.o(.text)
    lv_bar_set_range                         0x08028e93   Thumb Code   136  lv_bar.o(.text)
    lv_bar_set_type                          0x08028f1b   Thumb Code    70  lv_bar.o(.text)
    lv_bar_set_anim_time                     0x08028f61   Thumb Code    48  lv_bar.o(.text)
    lv_bar_get_value                         0x08028f91   Thumb Code    60  lv_bar.o(.text)
    lv_bar_get_start_value                   0x08028fcd   Thumb Code    78  lv_bar.o(.text)
    lv_bar_get_min_value                     0x0802901b   Thumb Code    46  lv_bar.o(.text)
    lv_bar_get_max_value                     0x08029049   Thumb Code    46  lv_bar.o(.text)
    lv_bar_get_anim_time                     0x08029077   Thumb Code    46  lv_bar.o(.text)
    lv_btn_set_state                         0x08029163   Thumb Code   150  lv_btn.o(.text)
    lv_btn_get_checkable                     0x080291f9   Thumb Code    46  lv_btn.o(.text)
    lv_btn_create                            0x08029323   Thumb Code   234  lv_btn.o(.text)
    lv_btn_set_checkable                     0x0802940d   Thumb Code    44  lv_btn.o(.text)
    lv_btn_toggle                            0x08029439   Thumb Code    64  lv_btn.o(.text)
    lv_btn_get_state                         0x08029479   Thumb Code    94  lv_btn.o(.text)
    lv_btnmatrix_set_map                     0x080295ff   Thumb Code   748  lv_btnmatrix.o(.text)
    lv_btnmatrix_set_ctrl_map                0x080298eb   Thumb Code    62  lv_btnmatrix.o(.text)
    lv_btnmatrix_get_align                   0x08029965   Thumb Code    56  lv_btnmatrix.o(.text)
    lv_btnmatrix_clear_btn_ctrl              0x08029e4b   Thumb Code    82  lv_btnmatrix.o(.text)
    lv_btnmatrix_clear_btn_ctrl_all          0x08029e9d   Thumb Code    72  lv_btnmatrix.o(.text)
    lv_btnmatrix_set_btn_ctrl                0x08029ee5   Thumb Code   106  lv_btnmatrix.o(.text)
    lv_btnmatrix_get_btn_ctrl                0x08029f4f   Thumb Code    76  lv_btnmatrix.o(.text)
    lv_btnmatrix_create                      0x0802a7f1   Thumb Code   282  lv_btnmatrix.o(.text)
    lv_btnmatrix_set_focused_btn             0x0802a90b   Thumb Code    90  lv_btnmatrix.o(.text)
    lv_btnmatrix_set_recolor                 0x0802a965   Thumb Code    56  lv_btnmatrix.o(.text)
    lv_btnmatrix_set_btn_ctrl_all            0x0802a99d   Thumb Code    70  lv_btnmatrix.o(.text)
    lv_btnmatrix_set_btn_width               0x0802a9e3   Thumb Code   100  lv_btnmatrix.o(.text)
    lv_btnmatrix_set_one_check               0x0802aa47   Thumb Code    58  lv_btnmatrix.o(.text)
    lv_btnmatrix_set_align                   0x0802aa81   Thumb Code    70  lv_btnmatrix.o(.text)
    lv_btnmatrix_get_map_array               0x0802aac7   Thumb Code    42  lv_btnmatrix.o(.text)
    lv_btnmatrix_get_recolor                 0x0802aaf1   Thumb Code    46  lv_btnmatrix.o(.text)
    lv_btnmatrix_get_active_btn              0x0802ab1f   Thumb Code    42  lv_btnmatrix.o(.text)
    lv_btnmatrix_get_btn_text                0x0802ab49   Thumb Code   108  lv_btnmatrix.o(.text)
    lv_btnmatrix_get_active_btn_text         0x0802abb5   Thumb Code    62  lv_btnmatrix.o(.text)
    lv_btnmatrix_get_focused_btn             0x0802abf3   Thumb Code    72  lv_btnmatrix.o(.text)
    lv_btnmatrix_get_one_check               0x0802ac3b   Thumb Code    46  lv_btnmatrix.o(.text)
    lv_calendar_get_day_of_week              0x0802ae75   Thumb Code    76  lv_calendar.o(.text)
    lv_calendar_create                       0x0802bb59   Thumb Code   344  lv_calendar.o(.text)
    lv_calendar_set_today_date               0x0802bcb1   Thumb Code    90  lv_calendar.o(.text)
    lv_calendar_set_showed_date              0x0802bd0b   Thumb Code    90  lv_calendar.o(.text)
    lv_calendar_set_highlighted_dates        0x0802bd65   Thumb Code    88  lv_calendar.o(.text)
    lv_calendar_set_day_names                0x0802bdbd   Thumb Code    80  lv_calendar.o(.text)
    lv_calendar_set_month_names              0x0802be0d   Thumb Code    80  lv_calendar.o(.text)
    lv_calendar_get_today_date               0x0802be5d   Thumb Code    44  lv_calendar.o(.text)
    lv_calendar_get_showed_date              0x0802be89   Thumb Code    44  lv_calendar.o(.text)
    lv_calendar_get_pressed_date             0x0802beb5   Thumb Code    54  lv_calendar.o(.text)
    lv_calendar_get_highlighted_dates        0x0802beeb   Thumb Code    44  lv_calendar.o(.text)
    lv_calendar_get_highlighted_dates_num    0x0802bf17   Thumb Code    44  lv_calendar.o(.text)
    lv_calendar_get_day_names                0x0802bf43   Thumb Code    76  lv_calendar.o(.text)
    lv_calendar_get_month_names              0x0802bf8f   Thumb Code    44  lv_calendar.o(.text)
    lv_chart_get_series_area                 0x0802cfc3   Thumb Code    86  lv_chart.o(.text)
    lv_chart_create                          0x0802d1c3   Thumb Code   482  lv_chart.o(.text)
    lv_chart_add_series                      0x0802d3a5   Thumb Code   276  lv_chart.o(.text)
    lv_chart_remove_series                   0x0802d4b9   Thumb Code   112  lv_chart.o(.text)
    lv_chart_add_cursor                      0x0802d529   Thumb Code   108  lv_chart.o(.text)
    lv_chart_clear_series                    0x0802d595   Thumb Code   114  lv_chart.o(.text)
    lv_chart_refresh                         0x0802d607   Thumb Code    40  lv_chart.o(.text)
    lv_chart_hide_series                     0x0802d62f   Thumb Code    80  lv_chart.o(.text)
    lv_chart_set_div_line_count              0x0802d67f   Thumb Code    84  lv_chart.o(.text)
    lv_chart_set_y_range                     0x0802d6d3   Thumb Code   120  lv_chart.o(.text)
    lv_chart_set_type                        0x0802d74b   Thumb Code    66  lv_chart.o(.text)
    lv_chart_set_point_count                 0x0802d78d   Thumb Code   344  lv_chart.o(.text)
    lv_chart_init_points                     0x0802d8e5   Thumb Code   108  lv_chart.o(.text)
    lv_chart_set_points                      0x0802d951   Thumb Code   100  lv_chart.o(.text)
    lv_chart_set_next                        0x0802db25   Thumb Code   190  lv_chart.o(.text)
    lv_chart_set_update_mode                 0x0802dbe3   Thumb Code    70  lv_chart.o(.text)
    lv_chart_set_x_tick_length               0x0802dc29   Thumb Code    58  lv_chart.o(.text)
    lv_chart_set_y_tick_length               0x0802dc63   Thumb Code    58  lv_chart.o(.text)
    lv_chart_set_secondary_y_tick_length     0x0802dc9d   Thumb Code    58  lv_chart.o(.text)
    lv_chart_set_x_tick_texts                0x0802dcd7   Thumb Code    90  lv_chart.o(.text)
    lv_chart_set_y_tick_texts                0x0802dd31   Thumb Code    90  lv_chart.o(.text)
    lv_chart_set_secondary_y_tick_texts      0x0802dd8b   Thumb Code    90  lv_chart.o(.text)
    lv_chart_set_x_start_point               0x0802dde5   Thumb Code   100  lv_chart.o(.text)
    lv_chart_set_ext_array                   0x0802de49   Thumb Code   122  lv_chart.o(.text)
    lv_chart_set_point_id                    0x0802dec3   Thumb Code   106  lv_chart.o(.text)
    lv_chart_set_series_axis                 0x0802df2d   Thumb Code   100  lv_chart.o(.text)
    lv_chart_set_cursor_point                0x0802df91   Thumb Code    52  lv_chart.o(.text)
    lv_chart_get_type                        0x0802dfc5   Thumb Code    46  lv_chart.o(.text)
    lv_chart_get_point_count                 0x0802dff3   Thumb Code    44  lv_chart.o(.text)
    lv_chart_get_x_start_point               0x0802e01f   Thumb Code    36  lv_chart.o(.text)
    lv_chart_get_point_id                    0x0802e043   Thumb Code    92  lv_chart.o(.text)
    lv_chart_get_series_axis                 0x0802e09f   Thumb Code    42  lv_chart.o(.text)
    lv_chart_get_cursor_point                0x0802e0c9   Thumb Code    40  lv_chart.o(.text)
    lv_chart_get_nearest_index_from_coord    0x0802e0f1   Thumb Code   110  lv_chart.o(.text)
    lv_chart_get_x_from_index                0x0802e15f   Thumb Code   260  lv_chart.o(.text)
    lv_chart_get_y_from_index                0x0802e263   Thumb Code   172  lv_chart.o(.text)
    lv_checkbox_set_text                     0x0802e3b5   Thumb Code    50  lv_checkbox.o(.text)
    lv_checkbox_create                       0x0802e577   Thumb Code   264  lv_checkbox.o(.text)
    lv_checkbox_set_text_static              0x0802e67f   Thumb Code    50  lv_checkbox.o(.text)
    lv_checkbox_set_checked                  0x0802e6b1   Thumb Code   100  lv_checkbox.o(.text)
    lv_checkbox_set_disabled                 0x0802e715   Thumb Code    54  lv_checkbox.o(.text)
    lv_checkbox_set_state                    0x0802e74b   Thumb Code    80  lv_checkbox.o(.text)
    lv_checkbox_get_text                     0x0802e79b   Thumb Code   112  lv_checkbox.o(.text)
    lv_cont_get_layout                       0x0802ed11   Thumb Code    46  lv_cont.o(.text)
    lv_cont_create                           0x0802f499   Thumb Code   284  lv_cont.o(.text)
    lv_cont_set_layout                       0x0802f5b5   Thumb Code    76  lv_cont.o(.text)
    lv_cont_set_fit4                         0x0802f601   Thumb Code   146  lv_cont.o(.text)
    lv_cont_get_fit_left                     0x0802f693   Thumb Code    48  lv_cont.o(.text)
    lv_cont_get_fit_right                    0x0802f6c3   Thumb Code    46  lv_cont.o(.text)
    lv_cont_get_fit_top                      0x0802f6f1   Thumb Code    48  lv_cont.o(.text)
    lv_cont_get_fit_bottom                   0x0802f721   Thumb Code    48  lv_cont.o(.text)
    lv_dropdown_get_options                  0x0802f819   Thumb Code    42  lv_dropdown.o(.text)
    lv_dropdown_set_options_static           0x0802f843   Thumb Code   152  lv_dropdown.o(.text)
    lv_dropdown_set_options                  0x0802f8db   Thumb Code   210  lv_dropdown.o(.text)
    lv_dropdown_get_selected_str             0x0802f9ad   Thumb Code   140  lv_dropdown.o(.text)
    lv_dropdown_close                        0x0802fc99   Thumb Code    38  lv_dropdown.o(.text)
    lv_dropdown_open                         0x08030353   Thumb Code   864  lv_dropdown.o(.text)
    lv_dropdown_create                       0x0803095b   Thumb Code   582  lv_dropdown.o(.text)
    lv_dropdown_set_text                     0x08030ba1   Thumb Code    62  lv_dropdown.o(.text)
    lv_dropdown_clear_options                0x08030bdf   Thumb Code    92  lv_dropdown.o(.text)
    lv_dropdown_add_option                   0x08030c3b   Thumb Code   438  lv_dropdown.o(.text)
    lv_dropdown_set_selected                 0x08030df1   Thumb Code    78  lv_dropdown.o(.text)
    lv_dropdown_set_dir                      0x08030e3f   Thumb Code    76  lv_dropdown.o(.text)
    lv_dropdown_set_max_height               0x08030e8b   Thumb Code   108  lv_dropdown.o(.text)
    lv_dropdown_set_symbol                   0x08030ef7   Thumb Code    50  lv_dropdown.o(.text)
    lv_dropdown_set_show_selected            0x08030f29   Thumb Code    76  lv_dropdown.o(.text)
    lv_dropdown_get_text                     0x08030f75   Thumb Code    42  lv_dropdown.o(.text)
    lv_dropdown_get_selected                 0x08030f9f   Thumb Code    42  lv_dropdown.o(.text)
    lv_dropdown_get_option_cnt               0x08030fc9   Thumb Code    42  lv_dropdown.o(.text)
    lv_dropdown_get_max_height               0x08030ff3   Thumb Code    44  lv_dropdown.o(.text)
    lv_dropdown_get_symbol                   0x0803101f   Thumb Code    56  lv_dropdown.o(.text)
    lv_dropdown_get_dir                      0x08031057   Thumb Code    48  lv_dropdown.o(.text)
    lv_dropdown_get_show_selected            0x08031087   Thumb Code    48  lv_dropdown.o(.text)
    lv_gauge_set_needle_count                0x0803114d   Thumb Code   162  lv_gauge.o(.text)
    lv_gauge_set_scale                       0x080311ef   Thumb Code    70  lv_gauge.o(.text)
    lv_gauge_create                          0x080317c5   Thumb Code   348  lv_gauge.o(.text)
    lv_gauge_set_value                       0x08031921   Thumb Code  1234  lv_gauge.o(.text)
    lv_gauge_set_needle_img                  0x08031df3   Thumb Code    66  lv_gauge.o(.text)
    lv_gauge_set_formatter_cb                0x08031e35   Thumb Code    46  lv_gauge.o(.text)
    lv_gauge_get_value                       0x08031e63   Thumb Code    74  lv_gauge.o(.text)
    lv_gauge_get_needle_count                0x08031ead   Thumb Code    46  lv_gauge.o(.text)
    lv_gauge_get_label_count                 0x08031edb   Thumb Code    46  lv_gauge.o(.text)
    lv_gauge_get_needle_img                  0x08031f09   Thumb Code    44  lv_gauge.o(.text)
    lv_gauge_get_needle_img_pivot_x          0x08031f35   Thumb Code    46  lv_gauge.o(.text)
    lv_gauge_get_needle_img_pivot_y          0x08031f63   Thumb Code    46  lv_gauge.o(.text)
    lv_img_get_auto_size                     0x08031ffd   Thumb Code    46  lv_img.o(.text)
    lv_img_set_src                           0x0803202b   Thumb Code   468  lv_img.o(.text)
    lv_img_create                            0x08032b85   Thumb Code   362  lv_img.o(.text)
    lv_img_set_auto_size                     0x08032cef   Thumb Code    52  lv_img.o(.text)
    lv_img_set_offset_x                      0x08032d23   Thumb Code    64  lv_img.o(.text)
    lv_img_set_offset_y                      0x08032d63   Thumb Code    64  lv_img.o(.text)
    lv_img_set_pivot                         0x08032da3   Thumb Code   284  lv_img.o(.text)
    lv_img_set_angle                         0x08032ebf   Thumb Code   284  lv_img.o(.text)
    lv_img_set_zoom                          0x08032fdb   Thumb Code   286  lv_img.o(.text)
    lv_img_set_antialias                     0x080330f9   Thumb Code    38  lv_img.o(.text)
    lv_img_get_src                           0x0803311f   Thumb Code    44  lv_img.o(.text)
    lv_img_get_file_name                     0x0803314b   Thumb Code    60  lv_img.o(.text)
    lv_img_get_offset_x                      0x08033187   Thumb Code    46  lv_img.o(.text)
    lv_img_get_offset_y                      0x080331b5   Thumb Code    46  lv_img.o(.text)
    lv_img_get_pivot                         0x080331e3   Thumb Code    50  lv_img.o(.text)
    lv_img_get_angle                         0x08033215   Thumb Code    44  lv_img.o(.text)
    lv_img_get_zoom                          0x08033241   Thumb Code    44  lv_img.o(.text)
    lv_img_get_antialias                     0x0803326d   Thumb Code    48  lv_img.o(.text)
    lv_keyboard_set_textarea                 0x0803333d   Thumb Code   116  lv_keyboard.o(.text)
    lv_keyboard_def_event_cb                 0x080333b1   Thumb Code   582  lv_keyboard.o(.text)
    lv_keyboard_create                       0x08033675   Thumb Code   448  lv_keyboard.o(.text)
    lv_keyboard_set_mode                     0x08033835   Thumb Code    84  lv_keyboard.o(.text)
    lv_keyboard_set_cursor_manage            0x08033889   Thumb Code    96  lv_keyboard.o(.text)
    lv_keyboard_set_map                      0x08033917   Thumb Code    22  lv_keyboard.o(.text)
    lv_keyboard_set_ctrl_map                 0x0803392d   Thumb Code    22  lv_keyboard.o(.text)
    lv_keyboard_get_textarea                 0x08033943   Thumb Code    44  lv_keyboard.o(.text)
    lv_keyboard_get_mode                     0x0803396f   Thumb Code    46  lv_keyboard.o(.text)
    lv_keyboard_get_cursor_manage            0x0803399d   Thumb Code    50  lv_keyboard.o(.text)
    lv_label_get_text                        0x08033a55   Thumb Code    42  lv_label.o(.text)
    lv_label_get_align                       0x08033a7f   Thumb Code    54  lv_label.o(.text)
    lv_label_get_letter_on                   0x08033b13   Thumb Code   616  lv_label.o(.text)
    lv_label_refr_text                       0x08033dab   Thumb Code  1494  lv_label.o(.text)
    lv_label_set_text_static                 0x08034381   Thumb Code    86  lv_label.o(.text)
    lv_label_set_text                        0x080343d7   Thumb Code   252  lv_label.o(.text)
    lv_label_set_align                       0x080344d3   Thumb Code    72  lv_label.o(.text)
    lv_label_get_recolor                     0x0803451b   Thumb Code    48  lv_label.o(.text)
    lv_label_set_recolor                     0x0803454b   Thumb Code    72  lv_label.o(.text)
    lv_label_get_long_mode                   0x08034593   Thumb Code    48  lv_label.o(.text)
    lv_label_set_long_mode                   0x08034653   Thumb Code   156  lv_label.o(.text)
    lv_label_get_style                       0x080346ef   Thumb Code    18  lv_label.o(.text)
    lv_label_get_text_sel_end                0x080347d5   Thumb Code    38  lv_label.o(.text)
    lv_label_get_text_sel_start              0x080347fb   Thumb Code    38  lv_label.o(.text)
    lv_label_create                          0x08034ad3   Thumb Code   490  lv_label.o(.text)
    lv_label_set_text_fmt                    0x08034cbd   Thumb Code   150  lv_label.o(.text)
    lv_label_set_anim_speed                  0x08034d53   Thumb Code    82  lv_label.o(.text)
    lv_label_set_text_sel_start              0x08034da5   Thumb Code    36  lv_label.o(.text)
    lv_label_set_text_sel_end                0x08034dc9   Thumb Code    36  lv_label.o(.text)
    lv_label_get_anim_speed                  0x08034ded   Thumb Code    44  lv_label.o(.text)
    lv_label_get_letter_pos                  0x08034e19   Thumb Code   568  lv_label.o(.text)
    lv_label_is_char_under_pos               0x08035051   Thumb Code   550  lv_label.o(.text)
    lv_label_ins_text                        0x08035277   Thumb Code   214  lv_label.o(.text)
    lv_label_cut_text                        0x0803534d   Thumb Code    90  lv_label.o(.text)
    lv_led_create                            0x08035627   Thumb Code   204  lv_led.o(.text)
    lv_led_set_bright                        0x080356f3   Thumb Code    72  lv_led.o(.text)
    lv_led_on                                0x0803573b   Thumb Code    40  lv_led.o(.text)
    lv_led_off                               0x08035763   Thumb Code    40  lv_led.o(.text)
    lv_led_get_bright                        0x0803578b   Thumb Code    42  lv_led.o(.text)
    lv_led_toggle                            0x080357b5   Thumb Code    58  lv_led.o(.text)
    lv_linemeter_draw_scale                  0x08035829   Thumb Code  1218  lv_linemeter.o(.text)
    lv_linemeter_create                      0x08035d75   Thumb Code   224  lv_linemeter.o(.text)
    lv_linemeter_set_value                   0x08035e55   Thumb Code   150  lv_linemeter.o(.text)
    lv_linemeter_set_range                   0x08035eeb   Thumb Code   106  lv_linemeter.o(.text)
    lv_linemeter_set_scale                   0x08035f55   Thumb Code    74  lv_linemeter.o(.text)
    lv_linemeter_set_angle_offset            0x08035f9f   Thumb Code    34  lv_linemeter.o(.text)
    lv_linemeter_set_mirror                  0x08035fc1   Thumb Code    38  lv_linemeter.o(.text)
    lv_linemeter_get_value                   0x08035fe7   Thumb Code    42  lv_linemeter.o(.text)
    lv_linemeter_get_min_value               0x08036011   Thumb Code    42  lv_linemeter.o(.text)
    lv_linemeter_get_max_value               0x0803603b   Thumb Code    42  lv_linemeter.o(.text)
    lv_linemeter_get_line_count              0x08036065   Thumb Code    42  lv_linemeter.o(.text)
    lv_linemeter_get_scale_angle             0x0803608f   Thumb Code    42  lv_linemeter.o(.text)
    lv_linemeter_get_angle_offset            0x080360b9   Thumb Code    16  lv_linemeter.o(.text)
    lv_linemeter_get_mirror                  0x080360c9   Thumb Code    20  lv_linemeter.o(.text)
    lv_list_get_next_btn                     0x080361f7   Thumb Code    92  lv_list.o(.text)
    lv_list_get_btn_label                    0x08036291   Thumb Code    78  lv_list.o(.text)
    lv_list_get_btn_text                     0x080362df   Thumb Code    52  lv_list.o(.text)
    lv_list_focus_btn                        0x08036313   Thumb Code   110  lv_list.o(.text)
    lv_list_get_btn_selected                 0x08036381   Thumb Code    42  lv_list.o(.text)
    lv_list_get_layout                       0x0803651b   Thumb Code    46  lv_list.o(.text)
    lv_list_get_prev_btn                     0x08036549   Thumb Code    92  lv_list.o(.text)
    lv_list_add_btn                          0x080365a5   Thumb Code   548  lv_list.o(.text)
    lv_list_get_btn_img                      0x08036807   Thumb Code    80  lv_list.o(.text)
    lv_list_create                           0x08036bc1   Thumb Code   278  lv_list.o(.text)
    lv_list_clean                            0x08036cd7   Thumb Code    48  lv_list.o(.text)
    lv_list_remove                           0x08036d07   Thumb Code   116  lv_list.o(.text)
    lv_list_set_layout                       0x08036d7b   Thumb Code   200  lv_list.o(.text)
    lv_list_get_btn_index                    0x08036e43   Thumb Code   124  lv_list.o(.text)
    lv_list_get_size                         0x08036ebf   Thumb Code    68  lv_list.o(.text)
    lv_list_up                               0x08036f03   Thumb Code   234  lv_list.o(.text)
    lv_list_down                             0x08036fed   Thumb Code   176  lv_list.o(.text)
    lv_list_focus                            0x0803709d   Thumb Code    78  lv_list.o(.text)
    lv_page_get_scrollable                   0x080371b7   Thumb Code    42  lv_page.o(.text)
    lv_page_set_scrollbar_mode               0x080376d9   Thumb Code   178  lv_page.o(.text)
    lv_page_get_anim_time                    0x08037a61   Thumb Code    44  lv_page.o(.text)
    lv_page_scroll_hor                       0x08037a8d   Thumb Code    96  lv_page.o(.text)
    lv_page_scroll_ver                       0x08037aed   Thumb Code    96  lv_page.o(.text)
    lv_page_start_edge_flash                 0x0803802b   Thumb Code   238  lv_page.o(.text)
    lv_page_on_edge                          0x08038289   Thumb Code   178  lv_page.o(.text)
    lv_page_create                           0x08038779   Thumb Code   472  lv_page.o(.text)
    lv_page_clean                            0x08038951   Thumb Code    46  lv_page.o(.text)
    lv_page_set_anim_time                    0x0803897f   Thumb Code    44  lv_page.o(.text)
    lv_page_set_scroll_propagation           0x080389ab   Thumb Code    66  lv_page.o(.text)
    lv_page_set_edge_flash                   0x080389ed   Thumb Code    54  lv_page.o(.text)
    lv_page_get_scrollbar_mode               0x08038a23   Thumb Code    48  lv_page.o(.text)
    lv_page_get_scroll_propagation           0x08038a53   Thumb Code    48  lv_page.o(.text)
    lv_page_get_edge_flash                   0x08038a83   Thumb Code    48  lv_page.o(.text)
    lv_page_get_width_fit                    0x08038ab3   Thumb Code   104  lv_page.o(.text)
    lv_page_get_height_fit                   0x08038b1b   Thumb Code   150  lv_page.o(.text)
    lv_page_get_width_grid                   0x08038bb1   Thumb Code    58  lv_page.o(.text)
    lv_page_get_height_grid                  0x08038beb   Thumb Code    58  lv_page.o(.text)
    lv_page_glue_obj                         0x08038c25   Thumb Code    24  lv_page.o(.text)
    lv_page_focus                            0x08038c3d   Thumb Code   588  lv_page.o(.text)
    lv_roller_get_auto_fit                   0x08039139   Thumb Code    48  lv_roller.o(.text)
    lv_roller_set_selected                   0x08039273   Thumb Code   126  lv_roller.o(.text)
    lv_roller_set_visible_row_count          0x080395bf   Thumb Code    94  lv_roller.o(.text)
    lv_roller_set_options                    0x0803961d   Thumb Code   308  lv_roller.o(.text)
    lv_roller_get_align                      0x08039883   Thumb Code    46  lv_roller.o(.text)
    lv_roller_create                         0x08039ed7   Thumb Code   458  lv_roller.o(.text)
    lv_roller_set_align                      0x0803a0a1   Thumb Code    64  lv_roller.o(.text)
    lv_roller_set_auto_fit                   0x0803a0e1   Thumb Code   160  lv_roller.o(.text)
    lv_roller_get_selected                   0x0803a181   Thumb Code    84  lv_roller.o(.text)
    lv_roller_get_selected_str               0x0803a1d5   Thumb Code   160  lv_roller.o(.text)
    lv_roller_get_option_cnt                 0x0803a275   Thumb Code    70  lv_roller.o(.text)
    lv_roller_get_options                    0x0803a2bb   Thumb Code    46  lv_roller.o(.text)
    lv_slider_get_value                      0x0803a5d7   Thumb Code    38  lv_slider.o(.text)
    lv_slider_create                         0x0803ad3b   Thumb Code   292  lv_slider.o(.text)
    lv_slider_is_dragged                     0x0803ae5f   Thumb Code    50  lv_slider.o(.text)
    lv_switch_off                            0x0803b089   Thumb Code    64  lv_switch.o(.text)
    lv_switch_on                             0x0803b0c9   Thumb Code    66  lv_switch.o(.text)
    lv_switch_create                         0x0803b305   Thumb Code   408  lv_switch.o(.text)
    lv_switch_toggle                         0x0803b49d   Thumb Code    68  lv_switch.o(.text)
    lv_table_set_col_cnt                     0x0803b867   Thumb Code   174  lv_table.o(.text)
    lv_table_set_row_cnt                     0x0803b915   Thumb Code   230  lv_table.o(.text)
    lv_table_create                          0x0803c2a5   Thumb Code   302  lv_table.o(.text)
    lv_table_set_cell_value                  0x0803c3d3   Thumb Code   334  lv_table.o(.text)
    lv_table_set_cell_value_fmt              0x0803c521   Thumb Code   408  lv_table.o(.text)
    lv_table_set_col_width                   0x0803c6b9   Thumb Code    72  lv_table.o(.text)
    lv_table_set_cell_align                  0x0803c701   Thumb Code   202  lv_table.o(.text)
    lv_table_set_cell_type                   0x0803c7cb   Thumb Code   240  lv_table.o(.text)
    lv_table_set_cell_crop                   0x0803c8bb   Thumb Code   202  lv_table.o(.text)
    lv_table_set_cell_merge_right            0x0803c985   Thumb Code   208  lv_table.o(.text)
    lv_table_get_cell_value                  0x0803ca55   Thumb Code    96  lv_table.o(.text)
    lv_table_get_row_cnt                     0x0803cab5   Thumb Code    44  lv_table.o(.text)
    lv_table_get_col_cnt                     0x0803cae1   Thumb Code    44  lv_table.o(.text)
    lv_table_get_col_width                   0x0803cb0d   Thumb Code    60  lv_table.o(.text)
    lv_table_get_cell_align                  0x0803cb49   Thumb Code   102  lv_table.o(.text)
    lv_table_get_cell_type                   0x0803cbaf   Thumb Code   104  lv_table.o(.text)
    lv_table_get_cell_crop                   0x0803cc17   Thumb Code   100  lv_table.o(.text)
    lv_table_get_cell_merge_right            0x0803cc7b   Thumb Code   100  lv_table.o(.text)
    lv_table_get_pressed_cell                0x0803ccdf   Thumb Code   242  lv_table.o(.text)
    lv_tabview_get_anim_time                 0x0803ce2d   Thumb Code    42  lv_tabview.o(.text)
    lv_tabview_set_tab_act                   0x0803ce57   Thumb Code   618  lv_tabview.o(.text)
    lv_tabview_get_tab                       0x0803d493   Thumb Code   116  lv_tabview.o(.text)
    lv_tabview_add_tab                       0x0803d507   Thumb Code   562  lv_tabview.o(.text)
    lv_tabview_get_tab_act                   0x0803d739   Thumb Code    44  lv_tabview.o(.text)
    lv_tabview_create                        0x0803dc33   Thumb Code   778  lv_tabview.o(.text)
    lv_tabview_clean_tab                     0x0803df3d   Thumb Code    48  lv_tabview.o(.text)
    lv_tabview_set_tab_name                  0x0803df6d   Thumb Code   130  lv_tabview.o(.text)
    lv_tabview_set_anim_time                 0x0803dfef   Thumb Code    46  lv_tabview.o(.text)
    lv_tabview_set_btns_pos                  0x0803e01d   Thumb Code    98  lv_tabview.o(.text)
    lv_tabview_get_tab_count                 0x0803e07f   Thumb Code    44  lv_tabview.o(.text)
    lv_tabview_get_btns_pos                  0x0803e0ab   Thumb Code    48  lv_tabview.o(.text)
    lv_textarea_get_cursor_pos               0x0803e22d   Thumb Code    42  lv_textarea.o(.text)
    lv_textarea_get_label                    0x0803e477   Thumb Code    42  lv_textarea.o(.text)
    lv_textarea_set_text_align               0x0803e4a1   Thumb Code   152  lv_textarea.o(.text)
    lv_textarea_set_one_line                 0x0803e539   Thumb Code   302  lv_textarea.o(.text)
    lv_textarea_set_placeholder_text         0x0803e667   Thumb Code   176  lv_textarea.o(.text)
    lv_textarea_set_cursor_pos               0x0803e9cd   Thumb Code   520  lv_textarea.o(.text)
    lv_textarea_clear_selection              0x0803edab   Thumb Code    34  lv_textarea.o(.text)
    lv_textarea_get_text                     0x0803edcd   Thumb Code    66  lv_textarea.o(.text)
    lv_textarea_get_max_length               0x0803ee75   Thumb Code    44  lv_textarea.o(.text)
    lv_textarea_get_accepted_chars           0x0803eea1   Thumb Code    44  lv_textarea.o(.text)
    lv_textarea_add_text                     0x0803eecd   Thumb Code   490  lv_textarea.o(.text)
    lv_textarea_add_char                     0x0803f0fd   Thumb Code   418  lv_textarea.o(.text)
    lv_textarea_get_one_line                 0x0803f29f   Thumb Code    50  lv_textarea.o(.text)
    lv_textarea_del_char                     0x0803f2d1   Thumb Code   306  lv_textarea.o(.text)
    lv_textarea_del_char_forward             0x0803f403   Thumb Code   102  lv_textarea.o(.text)
    lv_textarea_cursor_down                  0x0803f469   Thumb Code   158  lv_textarea.o(.text)
    lv_textarea_cursor_up                    0x0803f507   Thumb Code   142  lv_textarea.o(.text)
    lv_textarea_cursor_left                  0x0803f595   Thumb Code    54  lv_textarea.o(.text)
    lv_textarea_cursor_right                 0x0803f5cb   Thumb Code    52  lv_textarea.o(.text)
    lv_textarea_create                       0x0803f88f   Thumb Code   818  lv_textarea.o(.text)
    lv_textarea_set_text                     0x0803fbc1   Thumb Code   436  lv_textarea.o(.text)
    lv_textarea_set_cursor_hidden            0x0803fd75   Thumb Code    60  lv_textarea.o(.text)
    lv_textarea_set_cursor_click_pos         0x0803fdb1   Thumb Code    54  lv_textarea.o(.text)
    lv_textarea_set_pwd_mode                 0x0803fde7   Thumb Code   186  lv_textarea.o(.text)
    lv_textarea_set_accepted_chars           0x0803fea1   Thumb Code    44  lv_textarea.o(.text)
    lv_textarea_set_max_length               0x0803fecd   Thumb Code    80  lv_textarea.o(.text)
    lv_textarea_set_insert_replace           0x0803ff1d   Thumb Code    38  lv_textarea.o(.text)
    lv_textarea_set_text_sel                 0x0803ff43   Thumb Code    34  lv_textarea.o(.text)
    lv_textarea_set_pwd_show_time            0x0803ff65   Thumb Code    46  lv_textarea.o(.text)
    lv_textarea_set_cursor_blink_time        0x0803ff93   Thumb Code   160  lv_textarea.o(.text)
    lv_textarea_get_placeholder_text         0x08040033   Thumb Code    52  lv_textarea.o(.text)
    lv_textarea_get_cursor_hidden            0x08040067   Thumb Code    48  lv_textarea.o(.text)
    lv_textarea_get_cursor_click_pos         0x08040097   Thumb Code    48  lv_textarea.o(.text)
    lv_textarea_get_pwd_mode                 0x080400c7   Thumb Code    48  lv_textarea.o(.text)
    lv_textarea_text_is_selected             0x080400f7   Thumb Code    34  lv_textarea.o(.text)
    lv_textarea_get_text_sel_en              0x08040119   Thumb Code    34  lv_textarea.o(.text)
    lv_textarea_get_pwd_show_time            0x0804013b   Thumb Code    44  lv_textarea.o(.text)
    lv_textarea_get_cursor_blink_time        0x08040167   Thumb Code    44  lv_textarea.o(.text)
    lv_port_disp_init                        0x080402e5   Thumb Code    64  lv_port_disp.o(.text)
    lv_port_indev_init                       0x08040385   Thumb Code    30  lv_port_indev.o(.text)
    lv_demo_widgets                          0x08041a55   Thumb Code   532  lv_demo_widgets.o(.text)
    __use_no_semihosting                     0x08041e3d   Thumb Code     2  use_no_semi_2.o(.text)
    __aeabi_uldivmod                         0x08041e3f   Thumb Code     0  lludivv7m.o(.text)
    _ll_udiv                                 0x08041e3f   Thumb Code   238  lludivv7m.o(.text)
    __2printf                                0x08041f2d   Thumb Code    20  noretval__2printf.o(.text)
    _printf_str                              0x08041f45   Thumb Code    82  _printf_str.o(.text)
    _printf_int_dec                          0x08041f99   Thumb Code   104  _printf_dec.o(.text)
    _printf_int_hex                          0x08042011   Thumb Code    84  _printf_hex_int.o(.text)
    _printf_longlong_hex                     0x08042011   Thumb Code     0  _printf_hex_int.o(.text)
    __printf                                 0x08042069   Thumb Code   308  __printf_flags_wp.o(.text)
    memcmp                                   0x080421a1   Thumb Code    88  memcmp.o(.text)
    strcpy                                   0x080421f9   Thumb Code    72  strcpy.o(.text)
    strlen                                   0x08042241   Thumb Code    62  strlen.o(.text)
    strcat                                   0x0804227f   Thumb Code    24  strcat.o(.text)
    __aeabi_memcpy                           0x08042297   Thumb Code     0  rt_memcpy_v6.o(.text)
    __rt_memcpy                              0x08042297   Thumb Code   138  rt_memcpy_v6.o(.text)
    _memcpy_lastbytes                        0x080422fd   Thumb Code     0  rt_memcpy_v6.o(.text)
    __aeabi_memcpy4                          0x08042321   Thumb Code     0  rt_memcpy_w.o(.text)
    __aeabi_memcpy8                          0x08042321   Thumb Code     0  rt_memcpy_w.o(.text)
    __rt_memcpy_w                            0x08042321   Thumb Code   100  rt_memcpy_w.o(.text)
    _memcpy_lastbytes_aligned                0x08042369   Thumb Code     0  rt_memcpy_w.o(.text)
    strncpy                                  0x08042385   Thumb Code    86  strncpy.o(.text)
    strcmp                                   0x080423dd   Thumb Code   128  strcmpv7m.o(.text)
    __use_two_region_memory                  0x0804245d   Thumb Code     2  heapauxi.o(.text)
    __rt_heap_escrow$2region                 0x0804245f   Thumb Code     2  heapauxi.o(.text)
    __rt_heap_expand$2region                 0x08042461   Thumb Code     2  heapauxi.o(.text)
    __I$use$semihosting                      0x08042463   Thumb Code     0  use_no_semi.o(.text)
    __use_no_semihosting_swi                 0x08042463   Thumb Code     2  use_no_semi.o(.text)
    __read_errno                             0x08042465   Thumb Code    10  _rserrno.o(.text)
    __set_errno                              0x0804246f   Thumb Code    12  _rserrno.o(.text)
    _printf_int_common                       0x0804247b   Thumb Code   178  _printf_intcommon.o(.text)
    _printf_char_common                      0x08042537   Thumb Code    32  _printf_char_common.o(.text)
    _printf_cs_common                        0x0804255d   Thumb Code    20  _printf_char.o(.text)
    _printf_char                             0x08042571   Thumb Code    16  _printf_char.o(.text)
    _printf_string                           0x08042581   Thumb Code     8  _printf_char.o(.text)
    _printf_char_file                        0x08042589   Thumb Code    32  _printf_char_file.o(.text)
    __aeabi_memclr                           0x080425ad   Thumb Code     0  rt_memclr.o(.text)
    __rt_memclr                              0x080425ad   Thumb Code    68  rt_memclr.o(.text)
    _memset                                  0x080425b1   Thumb Code     0  rt_memclr.o(.text)
    __aeabi_errno_addr                       0x080425f1   Thumb Code     8  rt_errno_addr_intlibspace.o(.text)
    __errno$intlibspace                      0x080425f1   Thumb Code     0  rt_errno_addr_intlibspace.o(.text)
    __rt_errno_addr$intlibspace              0x080425f1   Thumb Code     0  rt_errno_addr_intlibspace.o(.text)
    ferror                                   0x080425f9   Thumb Code     8  ferror.o(.text)
    __aeabi_memclr4                          0x08042601   Thumb Code     0  rt_memclr_w.o(.text)
    __aeabi_memclr8                          0x08042601   Thumb Code     0  rt_memclr_w.o(.text)
    __rt_memclr_w                            0x08042601   Thumb Code    78  rt_memclr_w.o(.text)
    _memset_w                                0x08042605   Thumb Code     0  rt_memclr_w.o(.text)
    __user_libspace                          0x08042651   Thumb Code     8  libspace.o(.text)
    __user_perproc_libspace                  0x08042651   Thumb Code     0  libspace.o(.text)
    __user_perthread_libspace                0x08042651   Thumb Code     0  libspace.o(.text)
    __user_setup_stackheap                   0x08042659   Thumb Code    74  sys_stackheap_outer.o(.text)
    exit                                     0x080426a3   Thumb Code    18  exit.o(.text)
    __hardfp_sqrt                            0x080426b5   Thumb Code   122  sqrt.o(i.__hardfp_sqrt)
    _is_digit                                0x0804272f   Thumb Code    14  __printf_wp.o(i._is_digit)
    __aeabi_dadd                             0x0804273d   Thumb Code     0  daddsub_clz.o(x$fpl$dadd)
    _dadd                                    0x0804273d   Thumb Code   332  daddsub_clz.o(x$fpl$dadd)
    __fpl_dcmp_Inf                           0x0804288d   Thumb Code    24  dcmpi.o(x$fpl$dcmpinf)
    __aeabi_d2uiz                            0x080428a5   Thumb Code     0  dfixu.o(x$fpl$dfixu)
    _dfixu                                   0x080428a5   Thumb Code    90  dfixu.o(x$fpl$dfixu)
    __aeabi_i2d                              0x080428ff   Thumb Code     0  dflt_clz.o(x$fpl$dflt)
    _dflt                                    0x080428ff   Thumb Code    46  dflt_clz.o(x$fpl$dflt)
    __aeabi_ui2d                             0x0804292d   Thumb Code     0  dflt_clz.o(x$fpl$dfltu)
    _dfltu                                   0x0804292d   Thumb Code    38  dflt_clz.o(x$fpl$dfltu)
    __aeabi_cdcmple                          0x08042955   Thumb Code     0  dleqf.o(x$fpl$dleqf)
    _dcmple                                  0x08042955   Thumb Code   120  dleqf.o(x$fpl$dleqf)
    __fpl_dcmple_InfNaN                      0x080429b7   Thumb Code     0  dleqf.o(x$fpl$dleqf)
    __aeabi_dmul                             0x080429cd   Thumb Code     0  dmul.o(x$fpl$dmul)
    _dmul                                    0x080429cd   Thumb Code   332  dmul.o(x$fpl$dmul)
    __fpl_dnaninf                            0x08042b21   Thumb Code   156  dnaninf.o(x$fpl$dnaninf)
    __fpl_dretinf                            0x08042bbd   Thumb Code    12  dretinf.o(x$fpl$dretinf)
    __aeabi_cdrcmple                         0x08042bc9   Thumb Code     0  drleqf.o(x$fpl$drleqf)
    _drcmple                                 0x08042bc9   Thumb Code   108  drleqf.o(x$fpl$drleqf)
    __aeabi_drsub                            0x08042c35   Thumb Code     0  daddsub_clz.o(x$fpl$drsb)
    _drsb                                    0x08042c35   Thumb Code    22  daddsub_clz.o(x$fpl$drsb)
    _dsqrt                                   0x08042c4d   Thumb Code   404  dsqrt_umaal.o(x$fpl$dsqrt)
    __aeabi_dsub                             0x08042de5   Thumb Code     0  daddsub_clz.o(x$fpl$dsub)
    _dsub                                    0x08042de5   Thumb Code   464  daddsub_clz.o(x$fpl$dsub)
    __aeabi_f2d                              0x08042fb9   Thumb Code     0  f2d.o(x$fpl$f2d)
    _f2d                                     0x08042fb9   Thumb Code    86  f2d.o(x$fpl$f2d)
    __fpl_fnaninf                            0x0804300f   Thumb Code   140  fnaninf.o(x$fpl$fnaninf)
    _fp_init                                 0x0804309b   Thumb Code    10  fpinit.o(x$fpl$fpinit)
    __fplib_config_fpu_vfp                   0x080430a3   Thumb Code     0  fpinit.o(x$fpl$fpinit)
    __fplib_config_pureend_doubles           0x080430a3   Thumb Code     0  fpinit.o(x$fpl$fpinit)
    __I$use$fp                               0x080430a4   Number         0  usenofp.o(x$fpl$usenofp)
    asc2_1206                                0x080430a4   Data        1140  lcd.o(.constdata)
    asc2_1608                                0x08043518   Data        1520  lcd.o(.constdata)
    asc2_2412                                0x08043b08   Data        3420  lcd.o(.constdata)
    GT9147_CFG_TBL                           0x08044864   Data         184  gt9147.o(.constdata)
    GT9147_TPX_TBL                           0x0804491c   Data          10  gt9147.o(.constdata)
    OTT_TPX_TBL                              0x08044926   Data          10  ott2001a.o(.constdata)
    FT5206_TPX_TBL                           0x08044930   Data          10  ft5206.o(.constdata)
    TP_REMIND_MSG_TBL                        0x0804493c   Data           4  touch.o(.constdata)
    FSMC_DefaultTimingStruct                 0x08044940   Data          28  stm32f4xx_fsmc.o(.constdata)
    _lv_bpp1_opa_table                       0x0804496c   Data           2  lv_draw_label.o(.constdata)
    _lv_bpp2_opa_table                       0x0804496e   Data           4  lv_draw_label.o(.constdata)
    _lv_bpp3_opa_table                       0x08044972   Data           8  lv_draw_label.o(.constdata)
    _lv_bpp4_opa_table                       0x0804497a   Data          16  lv_draw_label.o(.constdata)
    _lv_bpp8_opa_table                       0x0804498a   Data         256  lv_draw_label.o(.constdata)
    lv_anim_path_def                         0x08047ec4   Data           8  lv_anim.o(.constdata)
    Region$$Table$$Base                      0x08048848   Number         0  anon$$obj.o(Region$$Table)
    Region$$Table$$Limit                     0x08048868   Number         0  anon$$obj.o(Region$$Table)
    SystemCoreClock                          0x20000000   Data           4  system_stm32f4xx.o(.data)
    AHBPrescTable                            0x20000004   Data          16  system_stm32f4xx.o(.data)
    POINT_COLOR                              0x20000014   Data           2  lcd.o(.data)
    BACK_COLOR                               0x20000016   Data           2  lcd.o(.data)
    tp_dev                                   0x2000001c   Data          52  touch.o(.data)
    CMD_RDX                                  0x20000050   Data           1  touch.o(.data)
    CMD_RDY                                  0x20000051   Data           1  touch.o(.data)
    __stdout                                 0x20000058   Data           4  usart.o(.data)
    USART_RX_STA                             0x2000005c   Data           2  usart.o(.data)
    lv_font_montserrat_14                    0x200000c0   Data          20  lv_font_montserrat_14.o(.data)
    _lv_img_cache_array                      0x200000ec   Data           4  lv_gc.o(.data)
    _lv_task_act                             0x200000f0   Data           4  lv_gc.o(.data)
    _lv_theme_material_styles                0x200000f4   Data           4  lv_gc.o(.data)
    _lv_theme_template_styles                0x200000f8   Data           4  lv_gc.o(.data)
    _lv_theme_mono_styles                    0x200000fc   Data           4  lv_gc.o(.data)
    _lv_theme_empty_styles                   0x20000100   Data           4  lv_gc.o(.data)
    _lv_font_decompr_buf                     0x20000104   Data           4  lv_gc.o(.data)
    _lv_txt_encoded_size                     0x20000138   Data           4  lv_txt.o(.data)
    _lv_txt_unicode_to_encoded               0x2000013c   Data           4  lv_txt.o(.data)
    _lv_txt_encoded_conv_wc                  0x20000140   Data           4  lv_txt.o(.data)
    _lv_txt_encoded_next                     0x20000144   Data           4  lv_txt.o(.data)
    _lv_txt_encoded_prev                     0x20000148   Data           4  lv_txt.o(.data)
    _lv_txt_encoded_get_byte_id              0x2000014c   Data           4  lv_txt.o(.data)
    _lv_txt_encoded_get_char_id              0x20000150   Data           4  lv_txt.o(.data)
    _lv_txt_get_encoded_length               0x20000154   Data           4  lv_txt.o(.data)
    indev_touchpad                           0x200002bc   Data           4  lv_port_indev.o(.data)
    lcddev                                   0x200002ec   Data          14  lcd.o(.bss)
    USART_RX_BUF                             0x200002fa   Data         200  usart.o(.bss)
    _lv_task_ll                              0x200004c4   Data          12  lv_gc.o(.bss)
    _lv_disp_ll                              0x200004d0   Data          12  lv_gc.o(.bss)
    _lv_indev_ll                             0x200004dc   Data          12  lv_gc.o(.bss)
    _lv_drv_ll                               0x200004e8   Data          12  lv_gc.o(.bss)
    _lv_file_ll                              0x200004f4   Data          12  lv_gc.o(.bss)
    _lv_anim_ll                              0x20000500   Data          12  lv_gc.o(.bss)
    _lv_group_ll                             0x2000050c   Data          12  lv_gc.o(.bss)
    _lv_img_defoder_ll                       0x20000518   Data          12  lv_gc.o(.bss)
    _lv_obj_style_trans_ll                   0x20000524   Data          12  lv_gc.o(.bss)
    _lv_mem_buf                              0x20000530   Data         128  lv_gc.o(.bss)
    _lv_draw_mask_list                       0x200005b0   Data         128  lv_gc.o(.bss)
    __libspace_start                         0x20005fcc   Data          96  libspace.o(.bss)
    __temporary_stack_top$libspace           0x2000602c   Data           0  libspace.o(.bss)



==============================================================================

Memory Map of the image

  Image Entry point : 0x08000189

  Load Region LR_IROM1 (Base: 0x08000000, Size: 0x00048b54, Max: 0x00100000, ABSOLUTE, COMPRESSED[0x00048968])

    Execution Region ER_IROM1 (Exec base: 0x08000000, Load base: 0x08000000, Size: 0x00048868, Max: 0x00100000, ABSOLUTE)

    Exec Addr    Load Addr    Size         Type   Attr      Idx    E Section Name        Object

    0x08000000   0x08000000   0x00000188   Data   RO         1144    RESET               startup_stm32f40_41xxx.o
    0x08000188   0x08000188   0x00000008   Code   RO        21430  * !!!main             c_w.l(__main.o)
    0x08000190   0x08000190   0x00000034   Code   RO        21674    !!!scatter          c_w.l(__scatter.o)
    0x080001c4   0x080001c4   0x0000005a   Code   RO        21672    !!dczerorl2         c_w.l(__dczerorl2.o)
    0x0800021e   0x0800021e   0x00000002   PAD
    0x08000220   0x08000220   0x0000001c   Code   RO        21676    !!handler_zi        c_w.l(__scatter_zi.o)
    0x0800023c   0x0800023c   0x00000000   Code   RO        21411    .ARM.Collect$$_printf_percent$$00000000  c_w.l(_printf_percent.o)
    0x0800023c   0x0800023c   0x00000006   Code   RO        21409    .ARM.Collect$$_printf_percent$$00000009  c_w.l(_printf_d.o)
    0x08000242   0x08000242   0x00000006   Code   RO        21408    .ARM.Collect$$_printf_percent$$0000000C  c_w.l(_printf_x.o)
    0x08000248   0x08000248   0x00000006   Code   RO        21407    .ARM.Collect$$_printf_percent$$00000014  c_w.l(_printf_s.o)
    0x0800024e   0x0800024e   0x00000004   Code   RO        21489    .ARM.Collect$$_printf_percent$$00000017  c_w.l(_printf_percent_end.o)
    0x08000252   0x08000252   0x00000002   Code   RO        21549    .ARM.Collect$$libinit$$00000000  c_w.l(libinit.o)
    0x08000254   0x08000254   0x00000004   Code   RO        21558    .ARM.Collect$$libinit$$00000001  c_w.l(libinit2.o)
    0x08000258   0x08000258   0x00000000   Code   RO        21561    .ARM.Collect$$libinit$$00000004  c_w.l(libinit2.o)
    0x08000258   0x08000258   0x00000000   Code   RO        21564    .ARM.Collect$$libinit$$0000000A  c_w.l(libinit2.o)
    0x08000258   0x08000258   0x00000000   Code   RO        21566    .ARM.Collect$$libinit$$0000000C  c_w.l(libinit2.o)
    0x08000258   0x08000258   0x00000000   Code   RO        21568    .ARM.Collect$$libinit$$0000000E  c_w.l(libinit2.o)
    0x08000258   0x08000258   0x00000000   Code   RO        21571    .ARM.Collect$$libinit$$00000011  c_w.l(libinit2.o)
    0x08000258   0x08000258   0x00000000   Code   RO        21573    .ARM.Collect$$libinit$$00000013  c_w.l(libinit2.o)
    0x08000258   0x08000258   0x00000000   Code   RO        21575    .ARM.Collect$$libinit$$00000015  c_w.l(libinit2.o)
    0x08000258   0x08000258   0x00000000   Code   RO        21577    .ARM.Collect$$libinit$$00000017  c_w.l(libinit2.o)
    0x08000258   0x08000258   0x00000000   Code   RO        21579    .ARM.Collect$$libinit$$00000019  c_w.l(libinit2.o)
    0x08000258   0x08000258   0x00000000   Code   RO        21581    .ARM.Collect$$libinit$$0000001B  c_w.l(libinit2.o)
    0x08000258   0x08000258   0x00000000   Code   RO        21583    .ARM.Collect$$libinit$$0000001D  c_w.l(libinit2.o)
    0x08000258   0x08000258   0x00000000   Code   RO        21585    .ARM.Collect$$libinit$$0000001F  c_w.l(libinit2.o)
    0x08000258   0x08000258   0x00000000   Code   RO        21587    .ARM.Collect$$libinit$$00000021  c_w.l(libinit2.o)
    0x08000258   0x08000258   0x00000000   Code   RO        21589    .ARM.Collect$$libinit$$00000023  c_w.l(libinit2.o)
    0x08000258   0x08000258   0x00000000   Code   RO        21591    .ARM.Collect$$libinit$$00000025  c_w.l(libinit2.o)
    0x08000258   0x08000258   0x00000000   Code   RO        21595    .ARM.Collect$$libinit$$0000002C  c_w.l(libinit2.o)
    0x08000258   0x08000258   0x00000000   Code   RO        21597    .ARM.Collect$$libinit$$0000002E  c_w.l(libinit2.o)
    0x08000258   0x08000258   0x00000000   Code   RO        21599    .ARM.Collect$$libinit$$00000030  c_w.l(libinit2.o)
    0x08000258   0x08000258   0x00000000   Code   RO        21601    .ARM.Collect$$libinit$$00000032  c_w.l(libinit2.o)
    0x08000258   0x08000258   0x00000002   Code   RO        21602    .ARM.Collect$$libinit$$00000033  c_w.l(libinit2.o)
    0x0800025a   0x0800025a   0x00000002   Code   RO        21628    .ARM.Collect$$libshutdown$$00000000  c_w.l(libshutdown.o)
    0x0800025c   0x0800025c   0x00000000   Code   RO        21655    .ARM.Collect$$libshutdown$$00000002  c_w.l(libshutdown2.o)
    0x0800025c   0x0800025c   0x00000000   Code   RO        21657    .ARM.Collect$$libshutdown$$00000004  c_w.l(libshutdown2.o)
    0x0800025c   0x0800025c   0x00000000   Code   RO        21660    .ARM.Collect$$libshutdown$$00000007  c_w.l(libshutdown2.o)
    0x0800025c   0x0800025c   0x00000000   Code   RO        21663    .ARM.Collect$$libshutdown$$0000000A  c_w.l(libshutdown2.o)
    0x0800025c   0x0800025c   0x00000000   Code   RO        21665    .ARM.Collect$$libshutdown$$0000000C  c_w.l(libshutdown2.o)
    0x0800025c   0x0800025c   0x00000000   Code   RO        21668    .ARM.Collect$$libshutdown$$0000000F  c_w.l(libshutdown2.o)
    0x0800025c   0x0800025c   0x00000002   Code   RO        21669    .ARM.Collect$$libshutdown$$00000010  c_w.l(libshutdown2.o)
    0x0800025e   0x0800025e   0x00000000   Code   RO        21470    .ARM.Collect$$rtentry$$00000000  c_w.l(__rtentry.o)
    0x0800025e   0x0800025e   0x00000000   Code   RO        21504    .ARM.Collect$$rtentry$$00000002  c_w.l(__rtentry2.o)
    0x0800025e   0x0800025e   0x00000006   Code   RO        21516    .ARM.Collect$$rtentry$$00000004  c_w.l(__rtentry4.o)
    0x08000264   0x08000264   0x00000000   Code   RO        21506    .ARM.Collect$$rtentry$$00000009  c_w.l(__rtentry2.o)
    0x08000264   0x08000264   0x00000004   Code   RO        21507    .ARM.Collect$$rtentry$$0000000A  c_w.l(__rtentry2.o)
    0x08000268   0x08000268   0x00000000   Code   RO        21509    .ARM.Collect$$rtentry$$0000000C  c_w.l(__rtentry2.o)
    0x08000268   0x08000268   0x00000008   Code   RO        21510    .ARM.Collect$$rtentry$$0000000D  c_w.l(__rtentry2.o)
    0x08000270   0x08000270   0x00000002   Code   RO        21550    .ARM.Collect$$rtexit$$00000000  c_w.l(rtexit.o)
    0x08000272   0x08000272   0x00000000   Code   RO        21604    .ARM.Collect$$rtexit$$00000002  c_w.l(rtexit2.o)
    0x08000272   0x08000272   0x00000004   Code   RO        21605    .ARM.Collect$$rtexit$$00000003  c_w.l(rtexit2.o)
    0x08000276   0x08000276   0x00000006   Code   RO        21606    .ARM.Collect$$rtexit$$00000004  c_w.l(rtexit2.o)
    0x0800027c   0x0800027c   0x0000005c   Code   RO            3    .text               main.o
    0x080002d8   0x080002d8   0x0000001a   Code   RO          487    .text               stm32f4xx_it.o
    0x080002f2   0x080002f2   0x00000002   PAD
    0x080002f4   0x080002f4   0x00000210   Code   RO          536    .text               system_stm32f4xx.o
    0x08000504   0x08000504   0x00000040   Code   RO          562    .text               led.o
    0x08000544   0x08000544   0x00004c80   Code   RO          582    .text               lcd.o
    0x080051c4   0x080051c4   0x00000104   Code   RO          620    .text               key.o
    0x080052c8   0x080052c8   0x0000025c   Code   RO          641    .text               myiic.o
    0x08005524   0x08005524   0x0000017a   Code   RO          664    .text               24cxx.o
    0x0800569e   0x0800569e   0x00000002   PAD
    0x080056a0   0x080056a0   0x00000254   Code   RO          687    .text               ctiic.o
    0x080058f4   0x080058f4   0x00000430   Code   RO          710    .text               gt9147.o
    0x08005d24   0x08005d24   0x00000388   Code   RO          738    .text               ott2001a.o
    0x080060ac   0x080060ac   0x0000032c   Code   RO          762    .text               ft5206.o
    0x080063d8   0x080063d8   0x000010e0   Code   RO          786    .text               touch.o
    0x080074b8   0x080074b8   0x0000007c   Code   RO          818    .text               timer.o
    0x08007534   0x08007534   0x000002f8   Code   RO         1053    .text               sram.o
    0x0800782c   0x0800782c   0x00000104   Code   RO         1073    .text               delay.o
    0x08007930   0x08007930   0x00000148   Code   RO         1113    .text               usart.o
    0x08007a78   0x08007a78   0x00000040   Code   RO         1145    .text               startup_stm32f40_41xxx.o
    0x08007ab8   0x08007ab8   0x000000e0   Code   RO         1151    .text               misc.o
    0x08007b98   0x08007b98   0x00000294   Code   RO         1171    .text               stm32f4xx_gpio.o
    0x08007e2c   0x08007e2c   0x000005c8   Code   RO         1191    .text               stm32f4xx_fsmc.o
    0x080083f4   0x080083f4   0x0000065c   Code   RO         1214    .text               stm32f4xx_rcc.o
    0x08008a50   0x08008a50   0x00000454   Code   RO         1256    .text               stm32f4xx_usart.o
    0x08008ea4   0x08008ea4   0x00000ca2   Code   RO         1276    .text               stm32f4xx_tim.o
    0x08009b46   0x08009b46   0x00000002   PAD
    0x08009b48   0x08009b48   0x00000598   Code   RO         1294    .text               lv_disp.o
    0x0800a0e0   0x0800a0e0   0x000005bc   Code   RO         1425    .text               lv_group.o
    0x0800a69c   0x0800a69c   0x00001b0c   Code   RO         1541    .text               lv_indev.o
    0x0800c1a8   0x0800c1a8   0x00005312   Code   RO         1579    .text               lv_obj.o
    0x080114ba   0x080114ba   0x00000002   PAD
    0x080114bc   0x080114bc   0x00000e60   Code   RO         1676    .text               lv_refr.o
    0x0801231c   0x0801231c   0x00000d0e   Code   RO         1731    .text               lv_style.o
    0x0801302a   0x0801302a   0x00000b24   Code   RO         1772    .text               lv_draw_arc.o
    0x08013b4e   0x08013b4e   0x00000002   PAD
    0x08013b50   0x08013b50   0x0000109c   Code   RO         1844    .text               lv_draw_blend.o
    0x08014bec   0x08014bec   0x00000bb4   Code   RO         1960    .text               lv_draw_img.o
    0x080157a0   0x080157a0   0x00000f6c   Code   RO         2043    .text               lv_draw_label.o
    0x0801670c   0x0801670c   0x00000b92   Code   RO         2127    .text               lv_draw_line.o
    0x0801729e   0x0801729e   0x00000002   PAD
    0x080172a0   0x080172a0   0x00001614   Code   RO         2202    .text               lv_draw_mask.o
    0x080188b4   0x080188b4   0x00002656   Code   RO         2245    .text               lv_draw_rect.o
    0x0801af0a   0x0801af0a   0x00000002   PAD
    0x0801af0c   0x0801af0c   0x00000fa8   Code   RO         2333    .text               lv_img_buf.o
    0x0801beb4   0x0801beb4   0x00000240   Code   RO         2363    .text               lv_img_cache.o
    0x0801c0f4   0x0801c0f4   0x00000870   Code   RO         2402    .text               lv_img_decoder.o
    0x0801c964   0x0801c964   0x00000050   Code   RO         2456    .text               lv_font.o
    0x0801c9b4   0x0801c9b4   0x000007ec   Code   RO         2766    .text               lv_font_fmt_txt.o
    0x0801d1a0   0x0801d1a0   0x00000454   Code   RO         3575    .text               lv_hal_disp.o
    0x0801d5f4   0x0801d5f4   0x00000130   Code   RO         3722    .text               lv_hal_indev.o
    0x0801d724   0x0801d724   0x0000004c   Code   RO         3822    .text               lv_hal_tick.o
    0x0801d770   0x0801d770   0x00000614   Code   RO         3845    .text               lv_anim.o
    0x0801dd84   0x0801dd84   0x000007b8   Code   RO         3923    .text               lv_area.o
    0x0801e53c   0x0801e53c   0x0000005c   Code   RO         3942    .text               lv_async.o
    0x0801e598   0x0801e598   0x000003e4   Code   RO         3987    .text               lv_color.o
    0x0801e97c   0x0801e97c   0x000000e8   Code   RO         4003    .text               lv_debug.o
    0x0801ea64   0x0801ea64   0x000000dc   Code   RO         4028    .text               lv_gc.o
    0x0801eb40   0x0801eb40   0x00000344   Code   RO         4056    .text               lv_ll.o
    0x0801ee84   0x0801ee84   0x00000214   Code   RO         4074    .text               lv_math.o
    0x0801f098   0x0801f098   0x00000968   Code   RO         4091    .text               lv_mem.o
    0x0801fa00   0x0801fa00   0x00000930   Code   RO         4107    .text               lv_printf.o
    0x08020330   0x08020330   0x00000414   Code   RO         4119    .text               lv_task.o
    0x08020744   0x08020744   0x0000086c   Code   RO         4142    .text               lv_txt.o
    0x08020fb0   0x08020fb0   0x000000d4   Code   RO         4240    .text               lv_utils.o
    0x08021084   0x08021084   0x00000450   Code   RO         4255    .text               lv_theme.o
    0x080214d4   0x080214d4   0x000055ee   Code   RO         4551    .text               lv_theme_material.o
    0x08026ac2   0x08026ac2   0x00000002   PAD
    0x08026ac4   0x08026ac4   0x0000186c   Code   RO         4866    .text               lv_arc.o
    0x08028330   0x08028330   0x00000df2   Code   RO         5014    .text               lv_bar.o
    0x08029122   0x08029122   0x00000002   PAD
    0x08029124   0x08029124   0x000003ec   Code   RO         5101    .text               lv_btn.o
    0x08029510   0x08029510   0x000017d4   Code   RO         5142    .text               lv_btnmatrix.o
    0x0802ace4   0x0802ace4   0x0000135e   Code   RO         5169    .text               lv_calendar.o
    0x0802c042   0x0802c042   0x00000002   PAD
    0x0802c044   0x0802c044   0x00002370   Code   RO         5290    .text               lv_chart.o
    0x0802e3b4   0x0802e3b4   0x00000456   Code   RO         5337    .text               lv_checkbox.o
    0x0802e80a   0x0802e80a   0x00000002   PAD
    0x0802e80c   0x0802e80c   0x0000100a   Code   RO         5372    .text               lv_cont.o
    0x0802f816   0x0802f816   0x00000002   PAD
    0x0802f818   0x0802f818   0x00001934   Code   RO         5465    .text               lv_dropdown.o
    0x0803114c   0x0803114c   0x00000eb0   Code   RO         5601    .text               lv_gauge.o
    0x08031ffc   0x08031ffc   0x00001340   Code   RO         5642    .text               lv_img.o
    0x0803333c   0x0803333c   0x0000069c   Code   RO         5834    .text               lv_keyboard.o
    0x080339d8   0x080339d8   0x00001a98   Code   RO         5865    .text               lv_label.o
    0x08035470   0x08035470   0x000003b8   Code   RO         5916    .text               lv_led.o
    0x08035828   0x08035828   0x00000990   Code   RO         5990    .text               lv_linemeter.o
    0x080361b8   0x080361b8   0x00000fdc   Code   RO         6047    .text               lv_list.o
    0x08037194   0x08037194   0x00001dac   Code   RO         6193    .text               lv_page.o
    0x08038f40   0x08038f40   0x000013d8   Code   RO         6277    .text               lv_roller.o
    0x0803a318   0x0803a318   0x00000c14   Code   RO         6303    .text               lv_slider.o
    0x0803af2c   0x0803af2c   0x00000620   Code   RO         6406    .text               lv_switch.o
    0x0803b54c   0x0803b54c   0x000018e0   Code   RO         6444    .text               lv_table.o
    0x0803ce2c   0x0803ce2c   0x00001338   Code   RO         6494    .text               lv_tabview.o
    0x0803e164   0x0803e164   0x00002158   Code   RO         6554    .text               lv_textarea.o
    0x080402bc   0x080402bc   0x0000007c   Code   RO         6680    .text               lv_port_disp.o
    0x08040338   0x08040338   0x0000007c   Code   RO         6966    .text               lv_port_indev.o
    0x080403b4   0x080403b4   0x00001a88   Code   RO         7379    .text               lv_demo_widgets.o
    0x08041e3c   0x08041e3c   0x00000002   Code   RO        21346    .text               c_w.l(use_no_semi_2.o)
    0x08041e3e   0x08041e3e   0x000000ee   Code   RO        21348    .text               c_w.l(lludivv7m.o)
    0x08041f2c   0x08041f2c   0x00000018   Code   RO        21354    .text               c_w.l(noretval__2printf.o)
    0x08041f44   0x08041f44   0x00000052   Code   RO        21362    .text               c_w.l(_printf_str.o)
    0x08041f96   0x08041f96   0x00000002   PAD
    0x08041f98   0x08041f98   0x00000078   Code   RO        21364    .text               c_w.l(_printf_dec.o)
    0x08042010   0x08042010   0x00000058   Code   RO        21369    .text               c_w.l(_printf_hex_int.o)
    0x08042068   0x08042068   0x00000138   Code   RO        21399    .text               c_w.l(__printf_flags_wp.o)
    0x080421a0   0x080421a0   0x00000058   Code   RO        21412    .text               c_w.l(memcmp.o)
    0x080421f8   0x080421f8   0x00000048   Code   RO        21414    .text               c_w.l(strcpy.o)
    0x08042240   0x08042240   0x0000003e   Code   RO        21416    .text               c_w.l(strlen.o)
    0x0804227e   0x0804227e   0x00000018   Code   RO        21418    .text               c_w.l(strcat.o)
    0x08042296   0x08042296   0x0000008a   Code   RO        21420    .text               c_w.l(rt_memcpy_v6.o)
    0x08042320   0x08042320   0x00000064   Code   RO        21422    .text               c_w.l(rt_memcpy_w.o)
    0x08042384   0x08042384   0x00000056   Code   RO        21424    .text               c_w.l(strncpy.o)
    0x080423da   0x080423da   0x00000002   PAD
    0x080423dc   0x080423dc   0x00000080   Code   RO        21426    .text               c_w.l(strcmpv7m.o)
    0x0804245c   0x0804245c   0x00000006   Code   RO        21428    .text               c_w.l(heapauxi.o)
    0x08042462   0x08042462   0x00000002   Code   RO        21468    .text               c_w.l(use_no_semi.o)
    0x08042464   0x08042464   0x00000016   Code   RO        21475    .text               c_w.l(_rserrno.o)
    0x0804247a   0x0804247a   0x000000b2   Code   RO        21477    .text               c_w.l(_printf_intcommon.o)
    0x0804252c   0x0804252c   0x00000030   Code   RO        21479    .text               c_w.l(_printf_char_common.o)
    0x0804255c   0x0804255c   0x0000002c   Code   RO        21485    .text               c_w.l(_printf_char.o)
    0x08042588   0x08042588   0x00000024   Code   RO        21487    .text               c_w.l(_printf_char_file.o)
    0x080425ac   0x080425ac   0x00000044   Code   RO        21490    .text               c_w.l(rt_memclr.o)
    0x080425f0   0x080425f0   0x00000008   Code   RO        21523    .text               c_w.l(rt_errno_addr_intlibspace.o)
    0x080425f8   0x080425f8   0x00000008   Code   RO        21527    .text               c_w.l(ferror.o)
    0x08042600   0x08042600   0x0000004e   Code   RO        21531    .text               c_w.l(rt_memclr_w.o)
    0x0804264e   0x0804264e   0x00000002   PAD
    0x08042650   0x08042650   0x00000008   Code   RO        21533    .text               c_w.l(libspace.o)
    0x08042658   0x08042658   0x0000004a   Code   RO        21536    .text               c_w.l(sys_stackheap_outer.o)
    0x080426a2   0x080426a2   0x00000012   Code   RO        21538    .text               c_w.l(exit.o)
    0x080426b4   0x080426b4   0x0000007a   Code   RO        21456    i.__hardfp_sqrt     m_wm.l(sqrt.o)
    0x0804272e   0x0804272e   0x0000000e   Code   RO        21397    i._is_digit         c_w.l(__printf_wp.o)
    0x0804273c   0x0804273c   0x00000150   Code   RO        21432    x$fpl$dadd          fz_wm.l(daddsub_clz.o)
    0x0804288c   0x0804288c   0x00000018   Code   RO        21492    x$fpl$dcmpinf       fz_wm.l(dcmpi.o)
    0x080428a4   0x080428a4   0x0000005a   Code   RO        21438    x$fpl$dfixu         fz_wm.l(dfixu.o)
    0x080428fe   0x080428fe   0x0000002e   Code   RO        21443    x$fpl$dflt          fz_wm.l(dflt_clz.o)
    0x0804292c   0x0804292c   0x00000026   Code   RO        21442    x$fpl$dfltu         fz_wm.l(dflt_clz.o)
    0x08042952   0x08042952   0x00000002   PAD
    0x08042954   0x08042954   0x00000078   Code   RO        21448    x$fpl$dleqf         fz_wm.l(dleqf.o)
    0x080429cc   0x080429cc   0x00000154   Code   RO        21450    x$fpl$dmul          fz_wm.l(dmul.o)
    0x08042b20   0x08042b20   0x0000009c   Code   RO        21494    x$fpl$dnaninf       fz_wm.l(dnaninf.o)
    0x08042bbc   0x08042bbc   0x0000000c   Code   RO        21496    x$fpl$dretinf       fz_wm.l(dretinf.o)
    0x08042bc8   0x08042bc8   0x0000006c   Code   RO        21452    x$fpl$drleqf        fz_wm.l(drleqf.o)
    0x08042c34   0x08042c34   0x00000016   Code   RO        21433    x$fpl$drsb          fz_wm.l(daddsub_clz.o)
    0x08042c4a   0x08042c4a   0x00000002   PAD
    0x08042c4c   0x08042c4c   0x00000198   Code   RO        21498    x$fpl$dsqrt         fz_wm.l(dsqrt_umaal.o)
    0x08042de4   0x08042de4   0x000001d4   Code   RO        21434    x$fpl$dsub          fz_wm.l(daddsub_clz.o)
    0x08042fb8   0x08042fb8   0x00000056   Code   RO        21454    x$fpl$f2d           fz_wm.l(f2d.o)
    0x0804300e   0x0804300e   0x0000008c   Code   RO        21500    x$fpl$fnaninf       fz_wm.l(fnaninf.o)
    0x0804309a   0x0804309a   0x0000000a   Code   RO        21616    x$fpl$fpinit        fz_wm.l(fpinit.o)
    0x080430a4   0x080430a4   0x00000000   Code   RO        21502    x$fpl$usenofp       fz_wm.l(usenofp.o)
    0x080430a4   0x080430a4   0x000017c0   Data   RO          584    .constdata          lcd.o
    0x08044864   0x08044864   0x000000c2   Data   RO          711    .constdata          gt9147.o
    0x08044926   0x08044926   0x0000000a   Data   RO          739    .constdata          ott2001a.o
    0x08044930   0x08044930   0x0000000a   Data   RO          763    .constdata          ft5206.o
    0x0804493a   0x0804493a   0x00000002   PAD
    0x0804493c   0x0804493c   0x00000004   Data   RO          787    .constdata          touch.o
    0x08044940   0x08044940   0x0000001c   Data   RO         1192    .constdata          stm32f4xx_fsmc.o
    0x0804495c   0x0804495c   0x00000002   Data   RO         1580    .constdata          lv_obj.o
    0x0804495e   0x0804495e   0x00000002   PAD
    0x08044960   0x08044960   0x0000000a   Data   RO         1961    .constdata          lv_draw_img.o
    0x0804496a   0x0804496a   0x00000002   PAD
    0x0804496c   0x0804496c   0x00000122   Data   RO         2045    .constdata          lv_draw_label.o
    0x08044a8e   0x08044a8e   0x00000021   Data   RO         2128    .constdata          lv_draw_line.o
    0x08044aaf   0x08044aaf   0x00000001   PAD
    0x08044ab0   0x08044ab0   0x00000002   Data   RO         2246    .constdata          lv_draw_rect.o
    0x08044ab2   0x08044ab2   0x00000002   PAD
    0x08044ab4   0x08044ab4   0x00003408   Data   RO         2916    .constdata          lv_font_montserrat_14.o
    0x08047ebc   0x08047ebc   0x00000006   Data   RO         3576    .constdata          lv_hal_disp.o
    0x08047ec2   0x08047ec2   0x00000002   PAD
    0x08047ec4   0x08047ec4   0x00000008   Data   RO         3846    .constdata          lv_anim.o
    0x08047ecc   0x08047ecc   0x00000002   Data   RO         3988    .constdata          lv_color.o
    0x08047ece   0x08047ece   0x00000011   Data   RO         4004    .constdata          lv_debug.o
    0x08047edf   0x08047edf   0x00000001   PAD
    0x08047ee0   0x08047ee0   0x000000b6   Data   RO         4075    .constdata          lv_math.o
    0x08047f96   0x08047f96   0x00000002   PAD
    0x08047f98   0x08047f98   0x00000046   Data   RO         4553    .constdata          lv_theme_material.o
    0x08047fde   0x08047fde   0x00000002   PAD
    0x08047fe0   0x08047fe0   0x00000376   Data   RO         5835    .constdata          lv_keyboard.o
    0x08048356   0x08048356   0x00000002   PAD
    0x08048358   0x08048358   0x0000005e   Data   RO         7381    .constdata          lv_demo_widgets.o
    0x080483b6   0x080483b6   0x00000028   Data   RO        21370    .constdata          c_w.l(_printf_hex_int.o)
    0x080483de   0x080483de   0x00000011   Data   RO        21400    .constdata          c_w.l(__printf_flags_wp.o)
    0x080483ef   0x080483ef   0x00000001   PAD
    0x080483f0   0x080483f0   0x00000079   Data   RO          788    .conststring        touch.o
    0x08048469   0x08048469   0x00000003   PAD
    0x0804846c   0x0804846c   0x00000051   Data   RO         4093    .conststring        lv_mem.o
    0x080484bd   0x080484bd   0x00000003   PAD
    0x080484c0   0x080484c0   0x0000002d   Data   RO         5143    .conststring        lv_btnmatrix.o
    0x080484ed   0x080484ed   0x00000003   PAD
    0x080484f0   0x080484f0   0x00000085   Data   RO         5170    .conststring        lv_calendar.o
    0x08048575   0x08048575   0x00000003   PAD
    0x08048578   0x08048578   0x00000184   Data   RO         5836    .conststring        lv_keyboard.o
    0x080486fc   0x080486fc   0x0000014c   Data   RO         7382    .conststring        lv_demo_widgets.o
    0x08048848   0x08048848   0x00000020   Data   RO        21670    Region$$Table       anon$$obj.o


    Execution Region RW_IRAM1 (Exec base: 0x20000000, Load base: 0x08048868, Size: 0x00006a30, Max: 0x00020000, ABSOLUTE, COMPRESSED[0x00000100])

    Exec Addr    Load Addr    Size         Type   Attr      Idx    E Section Name        Object

    0x20000000   COMPRESSED   0x00000014   Data   RW          537    .data               system_stm32f4xx.o
    0x20000014   COMPRESSED   0x00000004   Data   RW          585    .data               lcd.o
    0x20000018   COMPRESSED   0x00000001   Data   RW          621    .data               key.o
    0x20000019   COMPRESSED   0x00000001   Data   RW          712    .data               gt9147.o
    0x2000001a   COMPRESSED   0x00000001   Data   RW          740    .data               ott2001a.o
    0x2000001b   COMPRESSED   0x00000001   Data   RW          764    .data               ft5206.o
    0x2000001c   COMPRESSED   0x00000036   Data   RW          789    .data               touch.o
    0x20000052   COMPRESSED   0x00000004   Data   RW         1074    .data               delay.o
    0x20000056   COMPRESSED   0x00000002   PAD
    0x20000058   COMPRESSED   0x00000006   Data   RW         1115    .data               usart.o
    0x2000005e   COMPRESSED   0x00000010   Data   RW         1215    .data               stm32f4xx_rcc.o
    0x2000006e   COMPRESSED   0x00000002   PAD
    0x20000070   COMPRESSED   0x00000008   Data   RW         1542    .data               lv_indev.o
    0x20000078   COMPRESSED   0x0000000c   Data   RW         1581    .data               lv_obj.o
    0x20000084   COMPRESSED   0x00000008   Data   RW         1677    .data               lv_refr.o
    0x2000008c   COMPRESSED   0x00000008   Data   RW         2046    .data               lv_draw_label.o
    0x20000094   COMPRESSED   0x00000002   Data   RW         2364    .data               lv_img_cache.o
    0x20000096   COMPRESSED   0x00000002   PAD
    0x20000098   COMPRESSED   0x0000000c   Data   RW         2767    .data               lv_font_fmt_txt.o
    0x200000a4   COMPRESSED   0x00000030   Data   RW         2917    .data               lv_font_montserrat_14.o
    0x200000d4   COMPRESSED   0x00000004   Data   RW         3577    .data               lv_hal_disp.o
    0x200000d8   COMPRESSED   0x00000005   Data   RW         3823    .data               lv_hal_tick.o
    0x200000dd   COMPRESSED   0x00000003   PAD
    0x200000e0   COMPRESSED   0x0000000c   Data   RW         3847    .data               lv_anim.o
    0x200000ec   COMPRESSED   0x0000001c   Data   RW         4030    .data               lv_gc.o
    0x20000108   COMPRESSED   0x0000001e   Data   RW         4094    .data               lv_mem.o
    0x20000126   COMPRESSED   0x00000002   PAD
    0x20000128   COMPRESSED   0x00000010   Data   RW         4120    .data               lv_task.o
    0x20000138   COMPRESSED   0x00000020   Data   RW         4143    .data               lv_txt.o
    0x20000158   COMPRESSED   0x00000004   Data   RW         4256    .data               lv_theme.o
    0x2000015c   COMPRESSED   0x00000004   Data   RW         4554    .data               lv_theme_material.o
    0x20000160   COMPRESSED   0x00000008   Data   RW         4867    .data               lv_arc.o
    0x20000168   COMPRESSED   0x00000008   Data   RW         5015    .data               lv_bar.o
    0x20000170   COMPRESSED   0x00000008   Data   RW         5102    .data               lv_btn.o
    0x20000178   COMPRESSED   0x00000024   Data   RW         5144    .data               lv_btnmatrix.o
    0x2000019c   COMPRESSED   0x00000054   Data   RW         5171    .data               lv_calendar.o
    0x200001f0   COMPRESSED   0x00000008   Data   RW         5291    .data               lv_chart.o
    0x200001f8   COMPRESSED   0x00000004   Data   RW         5338    .data               lv_checkbox.o
    0x200001fc   COMPRESSED   0x0000000c   Data   RW         5373    .data               lv_cont.o
    0x20000208   COMPRESSED   0x00000014   Data   RW         5466    .data               lv_dropdown.o
    0x2000021c   COMPRESSED   0x00000008   Data   RW         5602    .data               lv_gauge.o
    0x20000224   COMPRESSED   0x00000004   Data   RW         5643    .data               lv_img.o
    0x20000228   COMPRESSED   0x00000024   Data   RW         5837    .data               lv_keyboard.o
    0x2000024c   COMPRESSED   0x00000004   Data   RW         5866    .data               lv_label.o
    0x20000250   COMPRESSED   0x00000008   Data   RW         5917    .data               lv_led.o
    0x20000258   COMPRESSED   0x00000004   Data   RW         5991    .data               lv_linemeter.o
    0x2000025c   COMPRESSED   0x00000010   Data   RW         6048    .data               lv_list.o
    0x2000026c   COMPRESSED   0x00000008   Data   RW         6194    .data               lv_page.o
    0x20000274   COMPRESSED   0x0000000c   Data   RW         6278    .data               lv_roller.o
    0x20000280   COMPRESSED   0x00000008   Data   RW         6304    .data               lv_slider.o
    0x20000288   COMPRESSED   0x00000008   Data   RW         6407    .data               lv_switch.o
    0x20000290   COMPRESSED   0x00000008   Data   RW         6445    .data               lv_table.o
    0x20000298   COMPRESSED   0x00000010   Data   RW         6496    .data               lv_tabview.o
    0x200002a8   COMPRESSED   0x00000014   Data   RW         6555    .data               lv_textarea.o
    0x200002bc   COMPRESSED   0x00000008   Data   RW         6967    .data               lv_port_indev.o
    0x200002c4   COMPRESSED   0x00000028   Data   RW         7383    .data               lv_demo_widgets.o
    0x200002ec        -       0x0000000e   Zero   RW          583    .bss                lcd.o
    0x200002fa        -       0x000000c8   Zero   RW         1114    .bss                usart.o
    0x200003c2        -       0x00000100   Zero   RW         2044    .bss                lv_draw_label.o
    0x200004c2   COMPRESSED   0x00000002   PAD
    0x200004c4        -       0x0000016c   Zero   RW         4029    .bss                lv_gc.o
    0x20000630        -       0x00005820   Zero   RW         4092    .bss                lv_mem.o
    0x20005e50        -       0x00000028   Zero   RW         4552    .bss                lv_theme_material.o
    0x20005e78        -       0x00000024   Zero   RW         6682    .bss                lv_port_disp.o
    0x20005e9c        -       0x00000130   Zero   RW         7380    .bss                lv_demo_widgets.o
    0x20005fcc        -       0x00000060   Zero   RW        21534    .bss                c_w.l(libspace.o)
    0x2000602c   COMPRESSED   0x00000004   PAD
    0x20006030        -       0x00000200   Zero   RW         1143    HEAP                startup_stm32f40_41xxx.o
    0x20006230        -       0x00000800   Zero   RW         1142    STACK               startup_stm32f40_41xxx.o



  Load Region LR$$.ARM.__AT_0x68000000 (Base: 0x68000000, Size: 0x00000000, Max: 0x000bb800, ABSOLUTE)

    Execution Region ER$$.ARM.__AT_0x68000000 (Exec base: 0x68000000, Load base: 0x68000000, Size: 0x000bb800, Max: 0x000bb800, ABSOLUTE, UNINIT)

    Exec Addr    Load Addr    Size         Type   Attr      Idx    E Section Name        Object

    0x68000000        -       0x000bb800   Zero   RW         6681    .ARM.__AT_0x68000000  lv_port_disp.o


==============================================================================

Image component sizes


      Code (inc. data)   RO Data    RW Data    ZI Data      Debug   Object Name

       378          0          0          0          0       2818   24cxx.o
       596         24          0          0          0       2085   ctiic.o
       260          8          0          4          0       1477   delay.o
       812         40         10          1          0       2535   ft5206.o
      1072         78        194          1          0       3078   gt9147.o
       260         12          0          1          0        876   key.o
     19584        174       6080          4         14      22874   lcd.o
        64          4          0          0          0        523   led.o
      1556         44          8         12          0      31075   lv_anim.o
      6252         56          0          8          0      87199   lv_arc.o
      1976         22          0          0          0       6888   lv_area.o
        92          6          0          0          0       2586   lv_async.o
      3570         72          0          8          0      64855   lv_bar.o
         0          0          0          0          0       1372   lv_bidi.o
      1004         64          0          8          0      17146   lv_btn.o
      6100        104         45         36          0      44536   lv_btnmatrix.o
      4958         90        133         84          0      47286   lv_calendar.o
         0          0          0          0          0        866   lv_canvas.o
      9072         74          0          8          0      68177   lv_chart.o
      1110         64          0          4          0      33350   lv_checkbox.o
       996         12          2          0          0       9765   lv_color.o
      4106         56          0         12          0      45990   lv_cont.o
       232          6         17          0          0       2545   lv_debug.o
      6792        578        426         40        304      94320   lv_demo_widgets.o
      1432         30          0          0          0      68545   lv_disp.o
      2852          0          0          0          0      32445   lv_draw_arc.o
      4252         10          0          0          0      50089   lv_draw_blend.o
      2996         50         10          0          0      48565   lv_draw_img.o
      3948         54        290          8        256      36548   lv_draw_label.o
      2962          4         33          0          0      28021   lv_draw_line.o
      5652         74          0          0          0      19402   lv_draw_mask.o
      9814          8          2          0          0      44939   lv_draw_rect.o
      6452        162          0         20          0      85566   lv_dropdown.o
        80          0          0          0          0      10144   lv_font.o
         0          0          0          0          0       7432   lv_font_dejavu_16_persian_hebrew.o
      2028         78          0         12          0       9753   lv_font_fmt_txt.o
         0          0      13320         48          0       3305   lv_font_montserrat_14.o
      3760         62          0          8          0      46478   lv_gauge.o
       220         72          0         28        364       6324   lv_gc.o
      1468         36          0          0          0      40263   lv_group.o
      1108         34          6          4          0      36179   lv_hal_disp.o
       304         24          0          0          0      20875   lv_hal_indev.o
        76         10          0          5          0       1592   lv_hal_tick.o
      4928         52          0          4          0      52867   lv_img.o
      4008         32          0          0          0      20303   lv_img_buf.o
       576         30          0          2          0       7315   lv_img_cache.o
      2160         48          0          0          0      19485   lv_img_decoder.o
      6924         56          0          8          0      23134   lv_indev.o
      1692        120       1274         36          0       7831   lv_keyboard.o
      6808        152          0          4          0      61634   lv_label.o
       952         58          0          8          0      19823   lv_led.o
      2448         60          0          4          0      53801   lv_linemeter.o
      4060        112          0         16          0      57084   lv_list.o
       836          0          0          0          0       5851   lv_ll.o
       532          6        182          0          0       3351   lv_math.o
      2408         94         81         30      22560       8167   lv_mem.o
         0          0          0          0          0      10660   lv_msgbox.o
     21266        238          2         12          0     134677   lv_obj.o
      7596        110          0          8          0      72390   lv_page.o
       124         20          0          0     768036      31828   lv_port_disp.o
       124         18          0          8          0       1442   lv_port_indev.o
      2352         10          0          0          0       8011   lv_printf.o
      3680         24          0          8          0      48032   lv_refr.o
      5080        150          0         12          0      45599   lv_roller.o
      3092         70          0          8          0      36388   lv_slider.o
      3342         16          0          0          0      28381   lv_style.o
      1568         68          0          8          0      34007   lv_switch.o
      6368         72          0          8          0      56398   lv_table.o
      4920        150          0         16          0      53848   lv_tabview.o
      1044         58          0         16          0       5578   lv_task.o
      8536        246          0         20          0      68025   lv_textarea.o
      1104         52          0          4          0      42686   lv_theme.o
     21998        492         70          4         40      66753   lv_theme_material.o
      2156         50          0         32          0      14136   lv_txt.o
       212          0          0          0          0       1593   lv_utils.o
        92          6          0          0          0     291719   main.o
       224         20          0          0          0       1817   misc.o
       604         14          0          0          0       1920   myiic.o
       904         66         10          1          0       2747   ott2001a.o
       760         20          0          0          0       1920   sram.o
        64         26        392          0       2560        836   startup_stm32f40_41xxx.o
      1480         18         28          0          0       5646   stm32f4xx_fsmc.o
       660         44          0          0          0       4157   stm32f4xx_gpio.o
        26          0          0          0          0       1222   stm32f4xx_it.o
      1628         52          0         16          0      13032   stm32f4xx_rcc.o
      3234         60          0          0          0      23012   stm32f4xx_tim.o
      1108         34          0          0          0       7880   stm32f4xx_usart.o
       528         46          0         20          0       1775   system_stm32f4xx.o
       124          4          0          0          0       1348   timer.o
      4320        228        125         54          0       6861   touch.o
       328         16          0          6        200       3298   usart.o

    ----------------------------------------------------------------------
    269248       5614      22802        748     794336    2660955   Object Totals
         0          0         32          0          0          0   (incl. Generated)
        24          0         30         11          2          0   (incl. Padding)

    ----------------------------------------------------------------------

      Code (inc. data)   RO Data    RW Data    ZI Data      Debug   Library Member Name

        90          0          0          0          0          0   __dczerorl2.o
         8          0          0          0          0         68   __main.o
       312          4         17          0          0         92   __printf_flags_wp.o
        14          0          0          0          0         68   __printf_wp.o
         0          0          0          0          0          0   __rtentry.o
        12          0          0          0          0          0   __rtentry2.o
         6          0          0          0          0          0   __rtentry4.o
        52          8          0          0          0          0   __scatter.o
        28          0          0          0          0          0   __scatter_zi.o
        44          0          0          0          0        108   _printf_char.o
        48          6          0          0          0         96   _printf_char_common.o
        36          4          0          0          0         80   _printf_char_file.o
         6          0          0          0          0          0   _printf_d.o
       120         16          0          0          0         92   _printf_dec.o
        88          4         40          0          0         88   _printf_hex_int.o
       178          0          0          0          0         88   _printf_intcommon.o
         0          0          0          0          0          0   _printf_percent.o
         4          0          0          0          0          0   _printf_percent_end.o
         6          0          0          0          0          0   _printf_s.o
        82          0          0          0          0         80   _printf_str.o
         6          0          0          0          0          0   _printf_x.o
        22          0          0          0          0        100   _rserrno.o
        18          0          0          0          0         80   exit.o
         8          0          0          0          0         68   ferror.o
         6          0          0          0          0        152   heapauxi.o
         2          0          0          0          0          0   libinit.o
         6          0          0          0          0          0   libinit2.o
         2          0          0          0          0          0   libshutdown.o
         2          0          0          0          0          0   libshutdown2.o
         8          4          0          0         96         68   libspace.o
       238          0          0          0          0        100   lludivv7m.o
        88          0          0          0          0         76   memcmp.o
        24          4          0          0          0         84   noretval__2printf.o
         8          4          0          0          0         68   rt_errno_addr_intlibspace.o
        68          0          0          0          0         68   rt_memclr.o
        78          0          0          0          0         80   rt_memclr_w.o
       138          0          0          0          0         68   rt_memcpy_v6.o
       100          0          0          0          0         80   rt_memcpy_w.o
         2          0          0          0          0          0   rtexit.o
        10          0          0          0          0          0   rtexit2.o
        24          0          0          0          0         68   strcat.o
       128          0          0          0          0         68   strcmpv7m.o
        72          0          0          0          0         80   strcpy.o
        62          0          0          0          0         76   strlen.o
        86          0          0          0          0         76   strncpy.o
        74          0          0          0          0         80   sys_stackheap_outer.o
         2          0          0          0          0         68   use_no_semi.o
         2          0          0          0          0         68   use_no_semi_2.o
       826         16          0          0          0        492   daddsub_clz.o
        24          0          0          0          0        116   dcmpi.o
        90          4          0          0          0        140   dfixu.o
        84          0          0          0          0        232   dflt_clz.o
       120          4          0          0          0        140   dleqf.o
       340         12          0          0          0        152   dmul.o
       156          4          0          0          0        140   dnaninf.o
        12          0          0          0          0        116   dretinf.o
       108          0          0          0          0        128   drleqf.o
       408         56          0          0          0        168   dsqrt_umaal.o
        86          4          0          0          0        132   f2d.o
       140          4          0          0          0        132   fnaninf.o
        10          0          0          0          0        116   fpinit.o
         0          0          0          0          0          0   usenofp.o
       122          0          0          0          0        148   sqrt.o

    ----------------------------------------------------------------------
      4956        158         58          0        100       4888   Library Totals
        12          0          1          0          4          0   (incl. Padding)

    ----------------------------------------------------------------------

      Code (inc. data)   RO Data    RW Data    ZI Data      Debug   Library Name

      2418         54         57          0         96       2536   c_w.l
      2404        104          0          0          0       2204   fz_wm.l
       122          0          0          0          0        148   m_wm.l

    ----------------------------------------------------------------------
      4956        158         58          0        100       4888   Library Totals

    ----------------------------------------------------------------------

==============================================================================


      Code (inc. data)   RO Data    RW Data    ZI Data      Debug   

    274204       5772      22860        748     794436    2648139   Grand Totals
    274204       5772      22860        256     794436    2648139   ELF Image Totals (compressed)
    274204       5772      22860        256          0          0   ROM Totals

==============================================================================

    Total RO  Size (Code + RO Data)               297064 ( 290.10kB)
    Total RW  Size (RW Data + ZI Data)            795184 ( 776.55kB)
    Total ROM Size (Code + RO Data + RW Data)     297320 ( 290.35kB)

==============================================================================

